2025-04-21 21:23:27,358 - app - INFO - 日志系统初始化完成
2025-04-21 21:23:27,358 - app - INFO - CodeInsight 启动于环境: default
2025-04-21 21:23:27,358 - app - INFO - 调试模式: 开启
2025-04-21 21:23:27,362 - werkzeug - INFO - [31m[1mWARNING: This is a development server. Do not use it in a production deployment. Use a production WSGI server instead.[0m
 * Running on all addresses (0.0.0.0)
 * Running on http://127.0.0.1:5000
 * Running on http://10.122.241.3:5000
2025-04-21 21:23:27,362 - werkzeug - INFO - [33mPress CTRL+C to quit[0m
2025-04-21 21:23:27,362 - werkzeug - INFO -  * Restarting with stat
2025-04-21 21:28:12,854 - app - INFO - 日志系统初始化完成
2025-04-21 21:28:12,854 - app - INFO - CodeInsight 启动于环境: default
2025-04-21 21:28:12,854 - app - INFO - 调试模式: 开启
2025-04-21 21:28:12,859 - werkzeug - INFO - [31m[1mWARNING: This is a development server. Do not use it in a production deployment. Use a production WSGI server instead.[0m
 * Running on all addresses (0.0.0.0)
 * Running on http://127.0.0.1:5000
 * Running on http://10.122.241.3:5000
2025-04-21 21:28:12,859 - werkzeug - INFO - [33mPress CTRL+C to quit[0m
2025-04-21 21:28:12,859 - werkzeug - INFO -  * Restarting with stat
2025-04-21 21:32:19,051 - app - INFO - 日志系统初始化完成
2025-04-21 21:32:19,051 - app - INFO - CodeInsight 启动于环境: default
2025-04-21 21:32:19,051 - app - INFO - 调试模式: 开启
2025-04-21 21:32:19,060 - werkzeug - INFO - [31m[1mWARNING: This is a development server. Do not use it in a production deployment. Use a production WSGI server instead.[0m
 * Running on all addresses (0.0.0.0)
 * Running on http://127.0.0.1:5000
 * Running on http://10.122.241.3:5000
2025-04-21 21:32:19,060 - werkzeug - INFO - [33mPress CTRL+C to quit[0m
2025-04-21 21:32:19,060 - werkzeug - INFO -  * Restarting with stat
2025-04-21 21:32:19,199 - app - INFO - 日志系统初始化完成
2025-04-21 21:32:19,200 - app - INFO - CodeInsight 启动于环境: default
2025-04-21 21:32:19,200 - app - INFO - 调试模式: 开启
2025-04-21 21:32:19,205 - werkzeug - WARNING -  * Debugger is active!
2025-04-21 21:32:19,206 - werkzeug - INFO -  * Debugger PIN: 698-538-575
2025-04-21 21:32:32,453 - app.routes - DEBUG - 访问首页
2025-04-21 21:32:32,462 - werkzeug - INFO - 127.0.0.1 - - [21/Apr/2025 21:32:32] "GET / HTTP/1.1" 200 -
2025-04-21 21:32:34,457 - app - WARNING - 页面未找到: 404 Not Found: The requested URL was not found on the server. If you entered the URL manually please check your spelling and try again.
2025-04-21 21:32:34,457 - werkzeug - INFO - 127.0.0.1 - - [21/Apr/2025 21:32:34] "[33mGET /favicon.ico HTTP/1.1[0m" 404 -
2025-04-21 21:34:05,360 - app.routes - DEBUG - 访问首页
2025-04-21 21:34:05,360 - werkzeug - INFO - 127.0.0.1 - - [21/Apr/2025 21:34:05] "GET / HTTP/1.1" 200 -
2025-04-21 21:34:07,076 - app.routes - DEBUG - 访问首页
2025-04-21 21:34:07,076 - werkzeug - INFO - 127.0.0.1 - - [21/Apr/2025 21:34:07] "GET / HTTP/1.1" 200 -
2025-04-21 21:36:32,182 - app.routes - INFO - 收到分析请求: https://github.com/Penniesaba/CAPI2, 语言: python
2025-04-21 21:36:32,182 - app.routes - INFO - 正在克隆仓库: https://github.com/Penniesaba/CAPI2
2025-04-21 21:36:32,182 - app.utils.git - INFO - 克隆仓库: https://github.com/Penniesaba/CAPI2 到 /home/xiao/project/codeinsight/cache/repos/1aa76aab-bb67-4bce-a188-84f4523e3076
2025-04-21 21:36:32,183 - app.utils.git - DEBUG - 添加.git后缀: https://github.com/Penniesaba/CAPI2 -> https://github.com/Penniesaba/CAPI2.git
2025-04-21 21:36:32,183 - app.utils.git - DEBUG - 从URL提取仓库名: https://github.com/Penniesaba/CAPI2.git -> CAPI2
2025-04-21 21:36:32,183 - app.utils.git - DEBUG - 执行命令: git clone --depth=1 https://github.com/Penniesaba/CAPI2.git /home/xiao/project/codeinsight/cache/repos/1aa76aab-bb67-4bce-a188-84f4523e3076/CAPI2
2025-04-21 21:38:21,622 - app - INFO - 日志系统初始化完成
2025-04-21 21:38:21,622 - app - INFO - CodeInsight 启动于环境: default
2025-04-21 21:38:21,622 - app - INFO - 调试模式: 开启
2025-04-21 21:38:21,629 - werkzeug - INFO - [31m[1mWARNING: This is a development server. Do not use it in a production deployment. Use a production WSGI server instead.[0m
 * Running on all addresses (0.0.0.0)
 * Running on http://127.0.0.1:5000
 * Running on http://10.122.241.3:5000
2025-04-21 21:38:21,629 - werkzeug - INFO - [33mPress CTRL+C to quit[0m
2025-04-21 21:38:21,629 - werkzeug - INFO -  * Restarting with stat
2025-04-21 21:38:21,770 - app - INFO - 日志系统初始化完成
2025-04-21 21:38:21,770 - app - INFO - CodeInsight 启动于环境: default
2025-04-21 21:38:21,770 - app - INFO - 调试模式: 开启
2025-04-21 21:38:21,775 - werkzeug - WARNING -  * Debugger is active!
2025-04-21 21:38:21,776 - werkzeug - INFO -  * Debugger PIN: 886-544-977
2025-04-21 21:38:31,021 - app.routes - INFO - 收到分析请求: https://github.com/Penniesaba/CAPI2, 语言: python
2025-04-21 21:38:31,022 - app.routes - INFO - 正在克隆仓库: https://github.com/Penniesaba/CAPI2
2025-04-21 21:38:31,022 - app.utils.git - INFO - 克隆仓库: https://github.com/Penniesaba/CAPI2 到 /home/xiao/project/codeinsight/cache/repos/366039c0-4933-4555-b499-8a3339086e26
2025-04-21 21:38:31,022 - app.utils.git - DEBUG - 添加.git后缀: https://github.com/Penniesaba/CAPI2 -> https://github.com/Penniesaba/CAPI2.git
2025-04-21 21:38:31,022 - app.utils.git - DEBUG - 从URL提取仓库名: https://github.com/Penniesaba/CAPI2.git -> CAPI2
2025-04-21 21:38:31,023 - app.utils.git - DEBUG - 执行命令: git clone --depth=1 https://github.com/Penniesaba/CAPI2.git /home/xiao/project/codeinsight/cache/repos/366039c0-4933-4555-b499-8a3339086e26/CAPI2
2025-04-21 21:38:31,408 - app.utils.git - ERROR - 仓库克隆失败: Command '['git', 'clone', '--depth=1', 'https://github.com/Penniesaba/CAPI2.git', '/home/xiao/project/codeinsight/cache/repos/366039c0-4933-4555-b499-8a3339086e26/CAPI2']' returned non-zero exit status 128., 错误输出: 正克隆到 '/home/xiao/project/codeinsight/cache/repos/366039c0-4933-4555-b499-8a3339086e26/CAPI2'...
fatal: 无法访问 'https://github.com/Penniesaba/CAPI2.git/'：GnuTLS recv error (-54): Error in the pull function.

2025-04-21 21:38:31,408 - app.routes - ERROR - 仓库分析请求失败: 仓库克隆失败: Command '['git', 'clone', '--depth=1', 'https://github.com/Penniesaba/CAPI2.git', '/home/xiao/project/codeinsight/cache/repos/366039c0-4933-4555-b499-8a3339086e26/CAPI2']' returned non-zero exit status 128., 错误输出: 正克隆到 '/home/xiao/project/codeinsight/cache/repos/366039c0-4933-4555-b499-8a3339086e26/CAPI2'...
fatal: 无法访问 'https://github.com/Penniesaba/CAPI2.git/'：GnuTLS recv error (-54): Error in the pull function.
Traceback (most recent call last):
  File "/home/xiao/project/codeinsight/app/utils/git.py", line 54, in clone_repository
    process = subprocess.run(
  File "/usr/lib/python3.10/subprocess.py", line 526, in run
    raise CalledProcessError(retcode, process.args,
subprocess.CalledProcessError: Command '['git', 'clone', '--depth=1', 'https://github.com/Penniesaba/CAPI2.git', '/home/xiao/project/codeinsight/cache/repos/366039c0-4933-4555-b499-8a3339086e26/CAPI2']' returned non-zero exit status 128.

During handling of the above exception, another exception occurred:

Traceback (most recent call last):
  File "/home/xiao/project/codeinsight/app/routes.py", line 64, in analyze
    repo_path = clone_repository(repo_url, task_dir)
  File "/home/xiao/project/codeinsight/app/utils/git.py", line 82, in clone_repository
    raise RuntimeError(error_msg)
RuntimeError: 仓库克隆失败: Command '['git', 'clone', '--depth=1', 'https://github.com/Penniesaba/CAPI2.git', '/home/xiao/project/codeinsight/cache/repos/366039c0-4933-4555-b499-8a3339086e26/CAPI2']' returned non-zero exit status 128., 错误输出: 正克隆到 '/home/xiao/project/codeinsight/cache/repos/366039c0-4933-4555-b499-8a3339086e26/CAPI2'...
fatal: 无法访问 'https://github.com/Penniesaba/CAPI2.git/'：GnuTLS recv error (-54): Error in the pull function.

2025-04-21 21:38:31,411 - werkzeug - INFO - 127.0.0.1 - - [21/Apr/2025 21:38:31] "[32mPOST /analyze HTTP/1.1[0m" 302 -
2025-04-21 21:38:31,414 - app.routes - DEBUG - 访问首页
2025-04-21 21:38:31,421 - werkzeug - INFO - 127.0.0.1 - - [21/Apr/2025 21:38:31] "GET / HTTP/1.1" 200 -
2025-04-21 21:44:42,489 - werkzeug - INFO -  * Detected change in '/home/xiao/project/codeinsight/app/routes.py', reloading
2025-04-21 21:44:42,511 - werkzeug - INFO -  * Restarting with stat
2025-04-21 21:44:42,653 - app - INFO - 日志系统初始化完成
2025-04-21 21:44:42,653 - app - INFO - CodeInsight 启动于环境: default
2025-04-21 21:44:42,653 - app - INFO - 调试模式: 开启
2025-04-21 21:44:42,658 - werkzeug - WARNING -  * Debugger is active!
2025-04-21 21:44:42,658 - werkzeug - INFO -  * Debugger PIN: 886-544-977
2025-04-21 21:45:21,735 - werkzeug - INFO -  * Detected change in '/home/xiao/project/codeinsight/app/utils/git.py', reloading
2025-04-21 21:45:21,779 - werkzeug - INFO -  * Restarting with stat
2025-04-21 21:45:21,928 - app - INFO - 日志系统初始化完成
2025-04-21 21:45:21,929 - app - INFO - CodeInsight 启动于环境: default
2025-04-21 21:45:21,929 - app - INFO - 调试模式: 开启
2025-04-21 21:45:21,934 - werkzeug - WARNING -  * Debugger is active!
2025-04-21 21:45:21,934 - werkzeug - INFO -  * Debugger PIN: 886-544-977
2025-04-21 21:47:31,183 - werkzeug - INFO -  * Detected change in '/home/xiao/project/codeinsight/app/routes.py', reloading
2025-04-21 21:47:31,207 - werkzeug - INFO -  * Restarting with stat
2025-04-21 21:47:31,346 - app - INFO - 日志系统初始化完成
2025-04-21 21:47:31,347 - app - INFO - CodeInsight 启动于环境: default
2025-04-21 21:47:31,347 - app - INFO - 调试模式: 开启
2025-04-21 21:47:31,352 - werkzeug - WARNING -  * Debugger is active!
2025-04-21 21:47:31,352 - werkzeug - INFO -  * Debugger PIN: 886-544-977
2025-04-21 21:47:56,397 - werkzeug - INFO -  * Detected change in '/home/xiao/project/codeinsight/app/routes.py', reloading
2025-04-21 21:47:56,421 - werkzeug - INFO -  * Restarting with stat
2025-04-21 21:47:56,560 - app - INFO - 日志系统初始化完成
2025-04-21 21:47:56,561 - app - INFO - CodeInsight 启动于环境: default
2025-04-21 21:47:56,561 - app - INFO - 调试模式: 开启
2025-04-21 21:47:56,566 - werkzeug - WARNING -  * Debugger is active!
2025-04-21 21:47:56,566 - werkzeug - INFO -  * Debugger PIN: 886-544-977
2025-04-21 21:48:04,726 - app - INFO - 日志系统初始化完成
2025-04-21 21:48:04,726 - app - INFO - CodeInsight 启动于环境: default
2025-04-21 21:48:04,726 - app - INFO - 调试模式: 开启
2025-04-21 21:48:04,732 - werkzeug - INFO - [31m[1mWARNING: This is a development server. Do not use it in a production deployment. Use a production WSGI server instead.[0m
 * Running on all addresses (0.0.0.0)
 * Running on http://127.0.0.1:5000
 * Running on http://10.122.241.3:5000
2025-04-21 21:48:04,732 - werkzeug - INFO - [33mPress CTRL+C to quit[0m
2025-04-21 21:48:04,733 - werkzeug - INFO -  * Restarting with stat
2025-04-21 21:48:04,876 - app - INFO - 日志系统初始化完成
2025-04-21 21:48:04,876 - app - INFO - CodeInsight 启动于环境: default
2025-04-21 21:48:04,876 - app - INFO - 调试模式: 开启
2025-04-21 21:48:04,881 - werkzeug - WARNING -  * Debugger is active!
2025-04-21 21:48:04,882 - werkzeug - INFO -  * Debugger PIN: 886-544-977
2025-04-21 21:48:08,992 - app.routes - DEBUG - 访问首页
2025-04-21 21:48:08,999 - werkzeug - INFO - 127.0.0.1 - - [21/Apr/2025 21:48:08] "GET / HTTP/1.1" 200 -
2025-04-21 21:48:17,752 - app.routes - INFO - 收到分析请求: https://github.com/Penniesaba/CAPI2, 语言: python, 协议: ssh
2025-04-21 21:48:17,752 - app.routes - INFO - 正在克隆仓库: https://github.com/Penniesaba/CAPI2
2025-04-21 21:48:17,752 - app.utils.git - INFO - 克隆仓库: https://github.com/Penniesaba/CAPI2 到 /home/xiao/project/codeinsight/cache/repos/1e8b59e8-2b1f-43e2-bc52-0ca534954949, 协议: ssh
2025-04-21 21:48:17,752 - app.utils.git - DEBUG - 将HTTP(S) URL转换为SSH URL: https://github.com/Penniesaba/CAPI2
2025-04-21 21:48:17,752 - app.utils.git - DEBUG - 执行命令: git clone --depth=1 git@github.com:Penniesaba/CAPI2.git /home/xiao/project/codeinsight/cache/repos/1e8b59e8-2b1f-43e2-bc52-0ca534954949/CAPI2
2025-04-21 21:48:20,072 - app.utils.git - ERROR - 仓库克隆失败: Command '['git', 'clone', '--depth=1', 'git@github.com:Penniesaba/CAPI2.git', '/home/xiao/project/codeinsight/cache/repos/1e8b59e8-2b1f-43e2-bc52-0ca534954949/CAPI2']' returned non-zero exit status 128., 错误输出: 正克隆到 '/home/xiao/project/codeinsight/cache/repos/1e8b59e8-2b1f-43e2-bc52-0ca534954949/CAPI2'...
git@github.com: Permission denied (publickey).
fatal: 无法读取远程仓库。

请确认您有正确的访问权限并且仓库存在。

2025-04-21 21:48:20,072 - app.routes - ERROR - 仓库分析请求失败: 仓库克隆失败: Command '['git', 'clone', '--depth=1', 'git@github.com:Penniesaba/CAPI2.git', '/home/xiao/project/codeinsight/cache/repos/1e8b59e8-2b1f-43e2-bc52-0ca534954949/CAPI2']' returned non-zero exit status 128., 错误输出: 正克隆到 '/home/xiao/project/codeinsight/cache/repos/1e8b59e8-2b1f-43e2-bc52-0ca534954949/CAPI2'...
git@github.com: Permission denied (publickey).
fatal: 无法读取远程仓库。

请确认您有正确的访问权限并且仓库存在。
Traceback (most recent call last):
  File "/home/xiao/project/codeinsight/app/utils/git.py", line 55, in clone_repository
    process = subprocess.run(
  File "/usr/lib/python3.10/subprocess.py", line 526, in run
    raise CalledProcessError(retcode, process.args,
subprocess.CalledProcessError: Command '['git', 'clone', '--depth=1', 'git@github.com:Penniesaba/CAPI2.git', '/home/xiao/project/codeinsight/cache/repos/1e8b59e8-2b1f-43e2-bc52-0ca534954949/CAPI2']' returned non-zero exit status 128.

During handling of the above exception, another exception occurred:

Traceback (most recent call last):
  File "/home/xiao/project/codeinsight/app/routes.py", line 65, in analyze
    repo_path = clone_repository(repo_url, task_dir, protocol=clone_protocol)
  File "/home/xiao/project/codeinsight/app/utils/git.py", line 83, in clone_repository
    raise RuntimeError(error_msg)
RuntimeError: 仓库克隆失败: Command '['git', 'clone', '--depth=1', 'git@github.com:Penniesaba/CAPI2.git', '/home/xiao/project/codeinsight/cache/repos/1e8b59e8-2b1f-43e2-bc52-0ca534954949/CAPI2']' returned non-zero exit status 128., 错误输出: 正克隆到 '/home/xiao/project/codeinsight/cache/repos/1e8b59e8-2b1f-43e2-bc52-0ca534954949/CAPI2'...
git@github.com: Permission denied (publickey).
fatal: 无法读取远程仓库。

请确认您有正确的访问权限并且仓库存在。

2025-04-21 21:48:20,073 - werkzeug - INFO - 127.0.0.1 - - [21/Apr/2025 21:48:20] "[32mPOST /analyze HTTP/1.1[0m" 302 -
2025-04-21 21:48:20,076 - app.routes - DEBUG - 访问首页
2025-04-21 21:48:20,076 - werkzeug - INFO - 127.0.0.1 - - [21/Apr/2025 21:48:20] "GET / HTTP/1.1" 200 -
2025-04-21 21:51:06,231 - werkzeug - INFO -  * Detected change in '/home/xiao/project/codeinsight/app/utils/git.py', reloading
2025-04-21 21:51:06,254 - werkzeug - INFO -  * Restarting with stat
2025-04-21 21:51:06,398 - app - INFO - 日志系统初始化完成
2025-04-21 21:51:06,398 - app - INFO - CodeInsight 启动于环境: default
2025-04-21 21:51:06,398 - app - INFO - 调试模式: 开启
2025-04-21 21:51:06,403 - werkzeug - WARNING -  * Debugger is active!
2025-04-21 21:51:06,403 - werkzeug - INFO -  * Debugger PIN: 886-544-977
2025-04-21 21:51:22,435 - werkzeug - INFO -  * Detected change in '/home/xiao/project/codeinsight/app/utils/git.py', reloading
2025-04-21 21:51:22,457 - werkzeug - INFO -  * Restarting with stat
2025-04-21 21:51:22,601 - app - INFO - 日志系统初始化完成
2025-04-21 21:51:22,602 - app - INFO - CodeInsight 启动于环境: default
2025-04-21 21:51:22,602 - app - INFO - 调试模式: 开启
2025-04-21 21:51:22,607 - werkzeug - WARNING -  * Debugger is active!
2025-04-21 21:51:22,607 - werkzeug - INFO -  * Debugger PIN: 886-544-977
2025-04-21 21:52:16,710 - werkzeug - INFO -  * Detected change in '/home/xiao/project/codeinsight/app/utils/git.py', reloading
2025-04-21 21:52:16,739 - werkzeug - INFO -  * Restarting with stat
2025-04-21 21:52:16,893 - app - INFO - 日志系统初始化完成
2025-04-21 21:52:16,893 - app - INFO - CodeInsight 启动于环境: default
2025-04-21 21:52:16,893 - app - INFO - 调试模式: 开启
2025-04-21 21:52:16,900 - werkzeug - WARNING -  * Debugger is active!
2025-04-21 21:52:16,900 - werkzeug - INFO -  * Debugger PIN: 886-544-977
2025-04-21 21:53:14,009 - werkzeug - INFO -  * Detected change in '/home/xiao/project/codeinsight/app/utils/git.py', reloading
2025-04-21 21:53:14,034 - werkzeug - INFO -  * Restarting with stat
2025-04-21 21:53:14,177 - app - INFO - 日志系统初始化完成
2025-04-21 21:53:14,177 - app - INFO - CodeInsight 启动于环境: default
2025-04-21 21:53:14,177 - app - INFO - 调试模式: 开启
2025-04-21 21:53:14,182 - werkzeug - WARNING -  * Debugger is active!
2025-04-21 21:53:14,182 - werkzeug - INFO -  * Debugger PIN: 886-544-977
2025-04-21 21:53:37,244 - app.routes - INFO - 收到分析请求: git@github.com:Penniesaba/CAPI2, 语言: auto, 协议: ssh
2025-04-21 21:53:37,244 - app.routes - INFO - 正在克隆仓库: git@github.com:Penniesaba/CAPI2
2025-04-21 21:53:37,244 - app.utils.git - INFO - 克隆仓库: git@github.com:Penniesaba/CAPI2 到 /home/xiao/project/codeinsight/cache/repos/a45b4b96-56ba-4000-9278-cac89ab46d85, 协议: ssh
2025-04-21 21:53:37,244 - app.utils.git - DEBUG - 标准化仓库URL: git@github.com:Penniesaba/CAPI2, 协议: ssh
2025-04-21 21:53:37,245 - app.utils.git - DEBUG - URL标准化结果: git@github.com:Penniesaba/CAPI2 -> git@github.com:Penniesaba/CAPI2.git
2025-04-21 21:53:37,245 - app.utils.git - DEBUG - 处理后的URL: git@github.com:Penniesaba/CAPI2.git
2025-04-21 21:53:37,245 - app.utils.git - DEBUG - 执行命令: git clone --depth=1 git@github.com:Penniesaba/CAPI2.git /home/xiao/project/codeinsight/cache/repos/a45b4b96-56ba-4000-9278-cac89ab46d85/CAPI2
2025-04-21 21:53:38,810 - app.routes - INFO - 收到分析请求: git@github.com:Penniesaba/CAPI2, 语言: auto, 协议: ssh
2025-04-21 21:53:38,811 - app.routes - INFO - 正在克隆仓库: git@github.com:Penniesaba/CAPI2
2025-04-21 21:53:38,811 - app.utils.git - INFO - 克隆仓库: git@github.com:Penniesaba/CAPI2 到 /home/xiao/project/codeinsight/cache/repos/b8bd01fa-b9f1-4683-a90e-f4d03bebc29d, 协议: ssh
2025-04-21 21:53:38,811 - app.utils.git - DEBUG - 标准化仓库URL: git@github.com:Penniesaba/CAPI2, 协议: ssh
2025-04-21 21:53:38,811 - app.utils.git - DEBUG - URL标准化结果: git@github.com:Penniesaba/CAPI2 -> git@github.com:Penniesaba/CAPI2.git
2025-04-21 21:53:38,811 - app.utils.git - DEBUG - 处理后的URL: git@github.com:Penniesaba/CAPI2.git
2025-04-21 21:53:38,811 - app.utils.git - DEBUG - 执行命令: git clone --depth=1 git@github.com:Penniesaba/CAPI2.git /home/xiao/project/codeinsight/cache/repos/b8bd01fa-b9f1-4683-a90e-f4d03bebc29d/CAPI2
2025-04-21 21:53:39,191 - app.utils.git - ERROR - 仓库克隆失败: Command '['git', 'clone', '--depth=1', 'git@github.com:Penniesaba/CAPI2.git', '/home/xiao/project/codeinsight/cache/repos/a45b4b96-56ba-4000-9278-cac89ab46d85/CAPI2']' returned non-zero exit status 128., 错误输出: 正克隆到 '/home/xiao/project/codeinsight/cache/repos/a45b4b96-56ba-4000-9278-cac89ab46d85/CAPI2'...
Warning: Permanently added 'github.com' (ED25519) to the list of known hosts.
git@github.com: Permission denied (publickey).
fatal: 无法读取远程仓库。

请确认您有正确的访问权限并且仓库存在。

2025-04-21 21:53:39,191 - app.utils.git - WARNING - SSH克隆失败，记录相关信息
2025-04-21 21:53:39,191 - app.utils.git - DEBUG - SSH环境变量: {"SSH_AUTH_SOCK": "\u672a\u8bbe\u7f6e", "USER": "root", "HOME": "/root"}
2025-04-21 21:53:40,578 - app.utils.git - ERROR - 仓库克隆失败: Command '['git', 'clone', '--depth=1', 'git@github.com:Penniesaba/CAPI2.git', '/home/xiao/project/codeinsight/cache/repos/b8bd01fa-b9f1-4683-a90e-f4d03bebc29d/CAPI2']' returned non-zero exit status 128., 错误输出: 正克隆到 '/home/xiao/project/codeinsight/cache/repos/b8bd01fa-b9f1-4683-a90e-f4d03bebc29d/CAPI2'...
Warning: Permanently added 'github.com' (ED25519) to the list of known hosts.
git@github.com: Permission denied (publickey).
fatal: 无法读取远程仓库。

请确认您有正确的访问权限并且仓库存在。

2025-04-21 21:53:40,578 - app.utils.git - WARNING - SSH克隆失败，记录相关信息
2025-04-21 21:53:40,578 - app.utils.git - DEBUG - SSH环境变量: {"SSH_AUTH_SOCK": "\u672a\u8bbe\u7f6e", "USER": "root", "HOME": "/root"}
2025-04-21 21:53:40,959 - app.utils.git - DEBUG - SSH测试输出: OpenSSH_8.9p1 Ubuntu-3ubuntu0.11, OpenSSL 3.0.2 15 Mar 2022
debug1: Reading configuration data /etc/ssh/ssh_config
debug1: /etc/ssh/ssh_config line 19: include /etc/ssh/ssh_config.d/*.conf matched no files
debug1: /etc/ssh/ssh_config line 21: Applying options for *
debug1: Connecting to github.com [20.205.243.166] port 22.
debug1: Connection established.
debug1: identity file /root/.ssh/id_rsa type -1
debug1: identity file /root/.ssh/id_rsa-cert type -1
debug1: identity file /root/.ssh/id_ecdsa type -1
debug1: identity file /root/.ssh/id_ecdsa-cert type -1
debug1: identity file /root/.ssh/id_ecdsa_sk type -1
debug1: identity file /root/.ssh/id_ecdsa_sk-cert type -1
debug1: identity file /root/.ssh/id_ed25519 type -1
debug1: identity file /root/.ssh/id_ed25519-cert type -1
debug1: identity file /root/.ssh/id_ed25519_sk type -1
debug1: identity file /root/.ssh/id_ed25519_sk-cert type -1
debug1: identity file /root/.ssh/id_xmss type -1
debug1: identity file /root/.ssh/id_xmss-cert type -1
debug1: identity file /root/.ssh/id_dsa type -1
debug1: identity file /root/.ssh/id_dsa-cert type -1
debug1: Local version string SSH-2.0-OpenSSH_8.9p1 Ubuntu-3ubuntu0.11
debug1: Remote protocol version 2.0, remote software version 93587f60
debug1: compat_banner: no match: 93587f60
debug1: Authenticating to github.com:22 as 'git'
debug1: load_hostkeys: fopen /etc/ssh/ssh_known_hosts: No such file or directory
debug1: load_hostkeys: fopen /etc/ssh/ssh_known_hosts2: No such file or directory
debug1: SSH2_MSG_KEXINIT sent
debug1: SSH2_MSG_KEXINIT received
debug1: kex: algorithm: curve25519-sha256
debug1: kex: host key algorithm: ssh-ed25519
debug1: kex: server->client cipher: chacha20-poly1305@openssh.com MAC: <implicit> compression: none
debug1: kex: client->server cipher: chacha20-poly1305@openssh.com MAC: <implicit> compression: none
debug1: expecting SSH2_MSG_KEX_ECDH_REPLY
debug1: SSH2_MSG_KEX_ECDH_REPLY received
debug1: Server host key: ssh-ed25519 SHA256:+DiY3wvvV6TuJJhbpZisF/zLDA0zPMSvHdkr4UvCOqU
debug1: load_hostkeys: fopen /etc/ssh/ssh_known_hosts: No such file or directory
debug1: load_hostkeys: fopen /etc/ssh/ssh_known_hosts2: No such file or directory
Warning: Permanently added 'github.com' (ED25519) to the list of known hosts.
debug1: ssh_packet_send2_wrapped: resetting send seqnr 3
debug1: rekey out after 134217728 blocks
debug1: SSH2_MSG_NEWKEYS sent
debug1: expecting SSH2_MSG_NEWKEYS
debug1: ssh_packet_read_poll2: resetting read seqnr 3
debug1: SSH2_MSG_NEWKEYS received
debug1: rekey in after 134217728 blocks
debug1: Will attempt key: /root/.ssh/id_rsa 
debug1: Will attempt key: /root/.ssh/id_ecdsa 
debug1: Will attempt key: /root/.ssh/id_ecdsa_sk 
debug1: Will attempt key: /root/.ssh/id_ed25519 
debug1: Will attempt key: /root/.ssh/id_ed25519_sk 
debug1: Will attempt key: /root/.ssh/id_xmss 
debug1: Will attempt key: /root/.ssh/id_dsa 
debug1: SSH2_MSG_EXT_INFO received
debug1: kex_input_ext_info: server-sig-algs=<ssh-ed25519-cert-v01@openssh.com,ecdsa-sha2-nistp521-cert-v01@openssh.com,ecdsa-sha2-nistp384-cert-v01@openssh.com,ecdsa-sha2-nistp256-cert-v01@openssh.com,sk-ssh-ed25519-cert-v01@openssh.com,sk-ecdsa-sha2-nistp256-cert-v01@openssh.com,rsa-sha2-512-cert-v01@openssh.com,rsa-sha2-256-cert-v01@openssh.com,ssh-rsa-cert-v01@openssh.com,sk-ssh-ed25519@openssh.com,sk-ecdsa-sha2-nistp256@openssh.com,ssh-ed25519,ecdsa-sha2-nistp521,ecdsa-sha2-nistp384,ecdsa-sha2-nistp256,rsa-sha2-512,rsa-sha2-256,ssh-rsa>
debug1: SSH2_MSG_SERVICE_ACCEPT received
debug1: Authentications that can continue: publickey
debug1: Next authentication method: publickey
debug1: Trying private key: /root/.ssh/id_rsa
debug1: Trying private key: /root/.ssh/id_ecdsa
debug1: Trying private key: /root/.ssh/id_ecdsa_sk
debug1: Trying private key: /root/.ssh/id_ed25519
debug1: Trying private key: /root/.ssh/id_ed25519_sk
debug1: Trying private key: /root/.ssh/id_xmss
debug1: Trying private key: /root/.ssh/id_dsa
debug1: No more authentication methods to try.
git@github.com: Permission denied (publickey).

2025-04-21 21:53:40,959 - app.utils.git - WARNING - 尝试使用HTTP协议克隆
2025-04-21 21:53:40,959 - app.utils.git - DEBUG - 标准化仓库URL: git@github.com:Penniesaba/CAPI2, 协议: http
2025-04-21 21:53:40,959 - app.utils.git - DEBUG - URL标准化结果: git@github.com:Penniesaba/CAPI2 -> https://github.com/Penniesaba/CAPI2.git
2025-04-21 21:53:40,959 - app.utils.git - DEBUG - 尝试使用HTTP协议克隆: https://github.com/Penniesaba/CAPI2.git
2025-04-21 21:53:42,329 - app.utils.git - DEBUG - SSH测试输出: OpenSSH_8.9p1 Ubuntu-3ubuntu0.11, OpenSSL 3.0.2 15 Mar 2022
debug1: Reading configuration data /etc/ssh/ssh_config
debug1: /etc/ssh/ssh_config line 19: include /etc/ssh/ssh_config.d/*.conf matched no files
debug1: /etc/ssh/ssh_config line 21: Applying options for *
debug1: Connecting to github.com [20.205.243.166] port 22.
debug1: Connection established.
debug1: identity file /root/.ssh/id_rsa type -1
debug1: identity file /root/.ssh/id_rsa-cert type -1
debug1: identity file /root/.ssh/id_ecdsa type -1
debug1: identity file /root/.ssh/id_ecdsa-cert type -1
debug1: identity file /root/.ssh/id_ecdsa_sk type -1
debug1: identity file /root/.ssh/id_ecdsa_sk-cert type -1
debug1: identity file /root/.ssh/id_ed25519 type -1
debug1: identity file /root/.ssh/id_ed25519-cert type -1
debug1: identity file /root/.ssh/id_ed25519_sk type -1
debug1: identity file /root/.ssh/id_ed25519_sk-cert type -1
debug1: identity file /root/.ssh/id_xmss type -1
debug1: identity file /root/.ssh/id_xmss-cert type -1
debug1: identity file /root/.ssh/id_dsa type -1
debug1: identity file /root/.ssh/id_dsa-cert type -1
debug1: Local version string SSH-2.0-OpenSSH_8.9p1 Ubuntu-3ubuntu0.11
debug1: Remote protocol version 2.0, remote software version 93587f60
debug1: compat_banner: no match: 93587f60
debug1: Authenticating to github.com:22 as 'git'
debug1: load_hostkeys: fopen /etc/ssh/ssh_known_hosts: No such file or directory
debug1: load_hostkeys: fopen /etc/ssh/ssh_known_hosts2: No such file or directory
debug1: SSH2_MSG_KEXINIT sent
debug1: SSH2_MSG_KEXINIT received
debug1: kex: algorithm: curve25519-sha256
debug1: kex: host key algorithm: ssh-ed25519
debug1: kex: server->client cipher: chacha20-poly1305@openssh.com MAC: <implicit> compression: none
debug1: kex: client->server cipher: chacha20-poly1305@openssh.com MAC: <implicit> compression: none
debug1: expecting SSH2_MSG_KEX_ECDH_REPLY
debug1: SSH2_MSG_KEX_ECDH_REPLY received
debug1: Server host key: ssh-ed25519 SHA256:+DiY3wvvV6TuJJhbpZisF/zLDA0zPMSvHdkr4UvCOqU
debug1: load_hostkeys: fopen /etc/ssh/ssh_known_hosts: No such file or directory
debug1: load_hostkeys: fopen /etc/ssh/ssh_known_hosts2: No such file or directory
Warning: Permanently added 'github.com' (ED25519) to the list of known hosts.
debug1: ssh_packet_send2_wrapped: resetting send seqnr 3
debug1: rekey out after 134217728 blocks
debug1: SSH2_MSG_NEWKEYS sent
debug1: expecting SSH2_MSG_NEWKEYS
debug1: ssh_packet_read_poll2: resetting read seqnr 3
debug1: SSH2_MSG_NEWKEYS received
debug1: rekey in after 134217728 blocks
debug1: Will attempt key: /root/.ssh/id_rsa 
debug1: Will attempt key: /root/.ssh/id_ecdsa 
debug1: Will attempt key: /root/.ssh/id_ecdsa_sk 
debug1: Will attempt key: /root/.ssh/id_ed25519 
debug1: Will attempt key: /root/.ssh/id_ed25519_sk 
debug1: Will attempt key: /root/.ssh/id_xmss 
debug1: Will attempt key: /root/.ssh/id_dsa 
debug1: SSH2_MSG_EXT_INFO received
debug1: kex_input_ext_info: server-sig-algs=<ssh-ed25519-cert-v01@openssh.com,ecdsa-sha2-nistp521-cert-v01@openssh.com,ecdsa-sha2-nistp384-cert-v01@openssh.com,ecdsa-sha2-nistp256-cert-v01@openssh.com,sk-ssh-ed25519-cert-v01@openssh.com,sk-ecdsa-sha2-nistp256-cert-v01@openssh.com,rsa-sha2-512-cert-v01@openssh.com,rsa-sha2-256-cert-v01@openssh.com,ssh-rsa-cert-v01@openssh.com,sk-ssh-ed25519@openssh.com,sk-ecdsa-sha2-nistp256@openssh.com,ssh-ed25519,ecdsa-sha2-nistp521,ecdsa-sha2-nistp384,ecdsa-sha2-nistp256,rsa-sha2-512,rsa-sha2-256,ssh-rsa>
debug1: SSH2_MSG_SERVICE_ACCEPT received
debug1: Authentications that can continue: publickey
debug1: Next authentication method: publickey
debug1: Trying private key: /root/.ssh/id_rsa
debug1: Trying private key: /root/.ssh/id_ecdsa
debug1: Trying private key: /root/.ssh/id_ecdsa_sk
debug1: Trying private key: /root/.ssh/id_ed25519
debug1: Trying private key: /root/.ssh/id_ed25519_sk
debug1: Trying private key: /root/.ssh/id_xmss
debug1: Trying private key: /root/.ssh/id_dsa
debug1: No more authentication methods to try.
git@github.com: Permission denied (publickey).

2025-04-21 21:53:42,329 - app.utils.git - WARNING - 尝试使用HTTP协议克隆
2025-04-21 21:53:42,329 - app.utils.git - DEBUG - 标准化仓库URL: git@github.com:Penniesaba/CAPI2, 协议: http
2025-04-21 21:53:42,329 - app.utils.git - DEBUG - URL标准化结果: git@github.com:Penniesaba/CAPI2 -> https://github.com/Penniesaba/CAPI2.git
2025-04-21 21:53:42,329 - app.utils.git - DEBUG - 尝试使用HTTP协议克隆: https://github.com/Penniesaba/CAPI2.git
2025-04-21 21:53:42,601 - app.utils.git - ERROR - 使用HTTP协议克隆也失败: Command '['git', 'clone', '--depth=1', 'https://github.com/Penniesaba/CAPI2.git', '/home/xiao/project/codeinsight/cache/repos/b8bd01fa-b9f1-4683-a90e-f4d03bebc29d/CAPI2']' returned non-zero exit status 128., 错误输出: 正克隆到 '/home/xiao/project/codeinsight/cache/repos/b8bd01fa-b9f1-4683-a90e-f4d03bebc29d/CAPI2'...
fatal: 无法访问 'https://github.com/Penniesaba/CAPI2.git/'：GnuTLS recv error (-54): Error in the pull function.

2025-04-21 21:53:42,601 - app.routes - ERROR - 仓库分析请求失败: 仓库克隆失败: Command '['git', 'clone', '--depth=1', 'git@github.com:Penniesaba/CAPI2.git', '/home/xiao/project/codeinsight/cache/repos/b8bd01fa-b9f1-4683-a90e-f4d03bebc29d/CAPI2']' returned non-zero exit status 128., 错误输出: 正克隆到 '/home/xiao/project/codeinsight/cache/repos/b8bd01fa-b9f1-4683-a90e-f4d03bebc29d/CAPI2'...
Warning: Permanently added 'github.com' (ED25519) to the list of known hosts.
git@github.com: Permission denied (publickey).
fatal: 无法读取远程仓库。

请确认您有正确的访问权限并且仓库存在。
Traceback (most recent call last):
  File "/home/xiao/project/codeinsight/app/utils/git.py", line 64, in clone_repository
    process = subprocess.run(
  File "/usr/lib/python3.10/subprocess.py", line 526, in run
    raise CalledProcessError(retcode, process.args,
subprocess.CalledProcessError: Command '['git', 'clone', '--depth=1', 'git@github.com:Penniesaba/CAPI2.git', '/home/xiao/project/codeinsight/cache/repos/b8bd01fa-b9f1-4683-a90e-f4d03bebc29d/CAPI2']' returned non-zero exit status 128.

During handling of the above exception, another exception occurred:

Traceback (most recent call last):
  File "/home/xiao/project/codeinsight/app/routes.py", line 65, in analyze
    repo_path = clone_repository(repo_url, task_dir, protocol=clone_protocol)
  File "/home/xiao/project/codeinsight/app/utils/git.py", line 154, in clone_repository
    raise RuntimeError(error_msg)
RuntimeError: 仓库克隆失败: Command '['git', 'clone', '--depth=1', 'git@github.com:Penniesaba/CAPI2.git', '/home/xiao/project/codeinsight/cache/repos/b8bd01fa-b9f1-4683-a90e-f4d03bebc29d/CAPI2']' returned non-zero exit status 128., 错误输出: 正克隆到 '/home/xiao/project/codeinsight/cache/repos/b8bd01fa-b9f1-4683-a90e-f4d03bebc29d/CAPI2'...
Warning: Permanently added 'github.com' (ED25519) to the list of known hosts.
git@github.com: Permission denied (publickey).
fatal: 无法读取远程仓库。

请确认您有正确的访问权限并且仓库存在。

2025-04-21 21:53:42,602 - werkzeug - INFO - 127.0.0.1 - - [21/Apr/2025 21:53:42] "[32mPOST /analyze HTTP/1.1[0m" 302 -
2025-04-21 21:53:42,605 - app.routes - DEBUG - 访问首页
2025-04-21 21:53:42,612 - werkzeug - INFO - 127.0.0.1 - - [21/Apr/2025 21:53:42] "GET / HTTP/1.1" 200 -
2025-04-21 21:54:34,424 - app.routes - INFO - 收到分析请求: git@github.com:Penniesaba/CAPI2, 语言: auto, 协议: ssh
2025-04-21 21:54:34,424 - app.routes - INFO - 正在克隆仓库: git@github.com:Penniesaba/CAPI2
2025-04-21 21:54:34,424 - app.utils.git - INFO - 克隆仓库: git@github.com:Penniesaba/CAPI2 到 /home/xiao/project/codeinsight/cache/repos/c8965a36-5d02-44b6-a354-4b44f0011fbd, 协议: ssh
2025-04-21 21:54:34,424 - app.utils.git - DEBUG - 标准化仓库URL: git@github.com:Penniesaba/CAPI2, 协议: ssh
2025-04-21 21:54:34,424 - app.utils.git - DEBUG - URL标准化结果: git@github.com:Penniesaba/CAPI2 -> git@github.com:Penniesaba/CAPI2.git
2025-04-21 21:54:34,424 - app.utils.git - DEBUG - 处理后的URL: git@github.com:Penniesaba/CAPI2.git
2025-04-21 21:54:34,424 - app.utils.git - DEBUG - 执行命令: git clone --depth=1 git@github.com:Penniesaba/CAPI2.git /home/xiao/project/codeinsight/cache/repos/c8965a36-5d02-44b6-a354-4b44f0011fbd/CAPI2
2025-04-21 21:54:36,135 - app.utils.git - ERROR - 仓库克隆失败: Command '['git', 'clone', '--depth=1', 'git@github.com:Penniesaba/CAPI2.git', '/home/xiao/project/codeinsight/cache/repos/c8965a36-5d02-44b6-a354-4b44f0011fbd/CAPI2']' returned non-zero exit status 128., 错误输出: 正克隆到 '/home/xiao/project/codeinsight/cache/repos/c8965a36-5d02-44b6-a354-4b44f0011fbd/CAPI2'...
Warning: Permanently added 'github.com' (ED25519) to the list of known hosts.
git@github.com: Permission denied (publickey).
fatal: 无法读取远程仓库。

请确认您有正确的访问权限并且仓库存在。

2025-04-21 21:54:36,135 - app.utils.git - WARNING - SSH克隆失败，记录相关信息
2025-04-21 21:54:36,135 - app.utils.git - DEBUG - SSH环境变量: {"SSH_AUTH_SOCK": "\u672a\u8bbe\u7f6e", "USER": "root", "HOME": "/root"}
2025-04-21 21:54:38,014 - app.utils.git - DEBUG - SSH测试输出: OpenSSH_8.9p1 Ubuntu-3ubuntu0.11, OpenSSL 3.0.2 15 Mar 2022
debug1: Reading configuration data /etc/ssh/ssh_config
debug1: /etc/ssh/ssh_config line 19: include /etc/ssh/ssh_config.d/*.conf matched no files
debug1: /etc/ssh/ssh_config line 21: Applying options for *
debug1: Connecting to github.com [20.205.243.166] port 22.
debug1: Connection established.
debug1: identity file /root/.ssh/id_rsa type -1
debug1: identity file /root/.ssh/id_rsa-cert type -1
debug1: identity file /root/.ssh/id_ecdsa type -1
debug1: identity file /root/.ssh/id_ecdsa-cert type -1
debug1: identity file /root/.ssh/id_ecdsa_sk type -1
debug1: identity file /root/.ssh/id_ecdsa_sk-cert type -1
debug1: identity file /root/.ssh/id_ed25519 type -1
debug1: identity file /root/.ssh/id_ed25519-cert type -1
debug1: identity file /root/.ssh/id_ed25519_sk type -1
debug1: identity file /root/.ssh/id_ed25519_sk-cert type -1
debug1: identity file /root/.ssh/id_xmss type -1
debug1: identity file /root/.ssh/id_xmss-cert type -1
debug1: identity file /root/.ssh/id_dsa type -1
debug1: identity file /root/.ssh/id_dsa-cert type -1
debug1: Local version string SSH-2.0-OpenSSH_8.9p1 Ubuntu-3ubuntu0.11
debug1: Remote protocol version 2.0, remote software version 93587f60
debug1: compat_banner: no match: 93587f60
debug1: Authenticating to github.com:22 as 'git'
debug1: load_hostkeys: fopen /etc/ssh/ssh_known_hosts: No such file or directory
debug1: load_hostkeys: fopen /etc/ssh/ssh_known_hosts2: No such file or directory
debug1: SSH2_MSG_KEXINIT sent
debug1: SSH2_MSG_KEXINIT received
debug1: kex: algorithm: curve25519-sha256
debug1: kex: host key algorithm: ssh-ed25519
debug1: kex: server->client cipher: chacha20-poly1305@openssh.com MAC: <implicit> compression: none
debug1: kex: client->server cipher: chacha20-poly1305@openssh.com MAC: <implicit> compression: none
debug1: expecting SSH2_MSG_KEX_ECDH_REPLY
debug1: SSH2_MSG_KEX_ECDH_REPLY received
debug1: Server host key: ssh-ed25519 SHA256:+DiY3wvvV6TuJJhbpZisF/zLDA0zPMSvHdkr4UvCOqU
debug1: load_hostkeys: fopen /etc/ssh/ssh_known_hosts: No such file or directory
debug1: load_hostkeys: fopen /etc/ssh/ssh_known_hosts2: No such file or directory
Warning: Permanently added 'github.com' (ED25519) to the list of known hosts.
debug1: ssh_packet_send2_wrapped: resetting send seqnr 3
debug1: rekey out after 134217728 blocks
debug1: SSH2_MSG_NEWKEYS sent
debug1: expecting SSH2_MSG_NEWKEYS
debug1: ssh_packet_read_poll2: resetting read seqnr 3
debug1: SSH2_MSG_NEWKEYS received
debug1: rekey in after 134217728 blocks
debug1: Will attempt key: /root/.ssh/id_rsa 
debug1: Will attempt key: /root/.ssh/id_ecdsa 
debug1: Will attempt key: /root/.ssh/id_ecdsa_sk 
debug1: Will attempt key: /root/.ssh/id_ed25519 
debug1: Will attempt key: /root/.ssh/id_ed25519_sk 
debug1: Will attempt key: /root/.ssh/id_xmss 
debug1: Will attempt key: /root/.ssh/id_dsa 
debug1: SSH2_MSG_EXT_INFO received
debug1: kex_input_ext_info: server-sig-algs=<ssh-ed25519-cert-v01@openssh.com,ecdsa-sha2-nistp521-cert-v01@openssh.com,ecdsa-sha2-nistp384-cert-v01@openssh.com,ecdsa-sha2-nistp256-cert-v01@openssh.com,sk-ssh-ed25519-cert-v01@openssh.com,sk-ecdsa-sha2-nistp256-cert-v01@openssh.com,rsa-sha2-512-cert-v01@openssh.com,rsa-sha2-256-cert-v01@openssh.com,ssh-rsa-cert-v01@openssh.com,sk-ssh-ed25519@openssh.com,sk-ecdsa-sha2-nistp256@openssh.com,ssh-ed25519,ecdsa-sha2-nistp521,ecdsa-sha2-nistp384,ecdsa-sha2-nistp256,rsa-sha2-512,rsa-sha2-256,ssh-rsa>
debug1: SSH2_MSG_SERVICE_ACCEPT received
debug1: Authentications that can continue: publickey
debug1: Next authentication method: publickey
debug1: Trying private key: /root/.ssh/id_rsa
debug1: Trying private key: /root/.ssh/id_ecdsa
debug1: Trying private key: /root/.ssh/id_ecdsa_sk
debug1: Trying private key: /root/.ssh/id_ed25519
debug1: Trying private key: /root/.ssh/id_ed25519_sk
debug1: Trying private key: /root/.ssh/id_xmss
debug1: Trying private key: /root/.ssh/id_dsa
debug1: No more authentication methods to try.
git@github.com: Permission denied (publickey).

2025-04-21 21:54:38,014 - app.utils.git - WARNING - 尝试使用HTTP协议克隆
2025-04-21 21:54:38,014 - app.utils.git - DEBUG - 标准化仓库URL: git@github.com:Penniesaba/CAPI2, 协议: http
2025-04-21 21:54:38,014 - app.utils.git - DEBUG - URL标准化结果: git@github.com:Penniesaba/CAPI2 -> https://github.com/Penniesaba/CAPI2.git
2025-04-21 21:54:38,014 - app.utils.git - DEBUG - 尝试使用HTTP协议克隆: https://github.com/Penniesaba/CAPI2.git
2025-04-21 21:55:55,302 - app.utils.git - ERROR - 使用HTTP协议克隆也失败: Command '['git', 'clone', '--depth=1', 'https://github.com/Penniesaba/CAPI2.git', '/home/xiao/project/codeinsight/cache/repos/a45b4b96-56ba-4000-9278-cac89ab46d85/CAPI2']' returned non-zero exit status 128., 错误输出: 正克隆到 '/home/xiao/project/codeinsight/cache/repos/a45b4b96-56ba-4000-9278-cac89ab46d85/CAPI2'...
fatal: 无法访问 'https://github.com/Penniesaba/CAPI2.git/'：Failed to connect to github.com port 443 after 134335 ms: 连接超时

2025-04-21 21:55:55,302 - app.routes - ERROR - 仓库分析请求失败: 仓库克隆失败: Command '['git', 'clone', '--depth=1', 'git@github.com:Penniesaba/CAPI2.git', '/home/xiao/project/codeinsight/cache/repos/a45b4b96-56ba-4000-9278-cac89ab46d85/CAPI2']' returned non-zero exit status 128., 错误输出: 正克隆到 '/home/xiao/project/codeinsight/cache/repos/a45b4b96-56ba-4000-9278-cac89ab46d85/CAPI2'...
Warning: Permanently added 'github.com' (ED25519) to the list of known hosts.
git@github.com: Permission denied (publickey).
fatal: 无法读取远程仓库。

请确认您有正确的访问权限并且仓库存在。
Traceback (most recent call last):
  File "/home/xiao/project/codeinsight/app/utils/git.py", line 64, in clone_repository
    process = subprocess.run(
  File "/usr/lib/python3.10/subprocess.py", line 526, in run
    raise CalledProcessError(retcode, process.args,
subprocess.CalledProcessError: Command '['git', 'clone', '--depth=1', 'git@github.com:Penniesaba/CAPI2.git', '/home/xiao/project/codeinsight/cache/repos/a45b4b96-56ba-4000-9278-cac89ab46d85/CAPI2']' returned non-zero exit status 128.

During handling of the above exception, another exception occurred:

Traceback (most recent call last):
  File "/home/xiao/project/codeinsight/app/routes.py", line 65, in analyze
    repo_path = clone_repository(repo_url, task_dir, protocol=clone_protocol)
  File "/home/xiao/project/codeinsight/app/utils/git.py", line 154, in clone_repository
    raise RuntimeError(error_msg)
RuntimeError: 仓库克隆失败: Command '['git', 'clone', '--depth=1', 'git@github.com:Penniesaba/CAPI2.git', '/home/xiao/project/codeinsight/cache/repos/a45b4b96-56ba-4000-9278-cac89ab46d85/CAPI2']' returned non-zero exit status 128., 错误输出: 正克隆到 '/home/xiao/project/codeinsight/cache/repos/a45b4b96-56ba-4000-9278-cac89ab46d85/CAPI2'...
Warning: Permanently added 'github.com' (ED25519) to the list of known hosts.
git@github.com: Permission denied (publickey).
fatal: 无法读取远程仓库。

请确认您有正确的访问权限并且仓库存在。

2025-04-21 21:55:55,303 - werkzeug - INFO - 127.0.0.1 - - [21/Apr/2025 21:55:55] "[32mPOST /analyze HTTP/1.1[0m" 302 -
2025-04-21 21:56:52,646 - app.utils.git - ERROR - 使用HTTP协议克隆也失败: Command '['git', 'clone', '--depth=1', 'https://github.com/Penniesaba/CAPI2.git', '/home/xiao/project/codeinsight/cache/repos/c8965a36-5d02-44b6-a354-4b44f0011fbd/CAPI2']' returned non-zero exit status 128., 错误输出: 正克隆到 '/home/xiao/project/codeinsight/cache/repos/c8965a36-5d02-44b6-a354-4b44f0011fbd/CAPI2'...
fatal: 无法访问 'https://github.com/Penniesaba/CAPI2.git/'：Failed to connect to github.com port 443 after 134625 ms: 连接超时

2025-04-21 21:56:52,646 - app.routes - ERROR - 仓库分析请求失败: 仓库克隆失败: Command '['git', 'clone', '--depth=1', 'git@github.com:Penniesaba/CAPI2.git', '/home/xiao/project/codeinsight/cache/repos/c8965a36-5d02-44b6-a354-4b44f0011fbd/CAPI2']' returned non-zero exit status 128., 错误输出: 正克隆到 '/home/xiao/project/codeinsight/cache/repos/c8965a36-5d02-44b6-a354-4b44f0011fbd/CAPI2'...
Warning: Permanently added 'github.com' (ED25519) to the list of known hosts.
git@github.com: Permission denied (publickey).
fatal: 无法读取远程仓库。

请确认您有正确的访问权限并且仓库存在。
Traceback (most recent call last):
  File "/home/xiao/project/codeinsight/app/utils/git.py", line 64, in clone_repository
    process = subprocess.run(
  File "/usr/lib/python3.10/subprocess.py", line 526, in run
    raise CalledProcessError(retcode, process.args,
subprocess.CalledProcessError: Command '['git', 'clone', '--depth=1', 'git@github.com:Penniesaba/CAPI2.git', '/home/xiao/project/codeinsight/cache/repos/c8965a36-5d02-44b6-a354-4b44f0011fbd/CAPI2']' returned non-zero exit status 128.

During handling of the above exception, another exception occurred:

Traceback (most recent call last):
  File "/home/xiao/project/codeinsight/app/routes.py", line 65, in analyze
    repo_path = clone_repository(repo_url, task_dir, protocol=clone_protocol)
  File "/home/xiao/project/codeinsight/app/utils/git.py", line 154, in clone_repository
    raise RuntimeError(error_msg)
RuntimeError: 仓库克隆失败: Command '['git', 'clone', '--depth=1', 'git@github.com:Penniesaba/CAPI2.git', '/home/xiao/project/codeinsight/cache/repos/c8965a36-5d02-44b6-a354-4b44f0011fbd/CAPI2']' returned non-zero exit status 128., 错误输出: 正克隆到 '/home/xiao/project/codeinsight/cache/repos/c8965a36-5d02-44b6-a354-4b44f0011fbd/CAPI2'...
Warning: Permanently added 'github.com' (ED25519) to the list of known hosts.
git@github.com: Permission denied (publickey).
fatal: 无法读取远程仓库。

请确认您有正确的访问权限并且仓库存在。

2025-04-21 21:56:52,647 - werkzeug - INFO - 127.0.0.1 - - [21/Apr/2025 21:56:52] "[32mPOST /analyze HTTP/1.1[0m" 302 -
2025-04-21 21:56:52,650 - app.routes - DEBUG - 访问首页
2025-04-21 21:56:52,650 - werkzeug - INFO - 127.0.0.1 - - [21/Apr/2025 21:56:52] "GET / HTTP/1.1" 200 -
2025-04-21 21:58:05,736 - werkzeug - INFO -  * Detected change in '/home/xiao/project/codeinsight/app/routes.py', reloading
2025-04-21 21:58:05,759 - werkzeug - INFO -  * Restarting with stat
2025-04-21 21:58:05,903 - app - INFO - 日志系统初始化完成
2025-04-21 21:58:05,903 - app - INFO - CodeInsight 启动于环境: default
2025-04-21 21:58:05,903 - app - INFO - 调试模式: 开启
2025-04-21 21:58:05,908 - werkzeug - WARNING -  * Debugger is active!
2025-04-21 21:58:05,908 - werkzeug - INFO -  * Debugger PIN: 886-544-977
2025-04-21 21:58:20,941 - werkzeug - INFO -  * Detected change in '/home/xiao/project/codeinsight/app/routes.py', reloading
2025-04-21 21:58:20,967 - werkzeug - INFO -  * Restarting with stat
2025-04-21 21:58:21,109 - app - INFO - 日志系统初始化完成
2025-04-21 21:58:21,109 - app - INFO - CodeInsight 启动于环境: default
2025-04-21 21:58:21,109 - app - INFO - 调试模式: 开启
2025-04-21 21:58:21,114 - werkzeug - WARNING -  * Debugger is active!
2025-04-21 21:58:21,114 - werkzeug - INFO -  * Debugger PIN: 886-544-977
2025-04-21 21:58:39,153 - werkzeug - INFO -  * Detected change in '/home/xiao/project/codeinsight/app/routes.py', reloading
2025-04-21 21:58:39,176 - werkzeug - INFO -  * Restarting with stat
2025-04-21 21:58:39,329 - app - INFO - 日志系统初始化完成
2025-04-21 21:58:39,329 - app - INFO - CodeInsight 启动于环境: default
2025-04-21 21:58:39,329 - app - INFO - 调试模式: 开启
2025-04-21 21:58:39,334 - werkzeug - WARNING -  * Debugger is active!
2025-04-21 21:58:39,335 - werkzeug - INFO -  * Debugger PIN: 886-544-977
2025-04-21 21:58:52,364 - werkzeug - INFO -  * Detected change in '/home/xiao/project/codeinsight/app/routes.py', reloading
2025-04-21 21:58:52,392 - werkzeug - INFO -  * Restarting with stat
2025-04-21 21:58:52,534 - app - INFO - 日志系统初始化完成
2025-04-21 21:58:52,535 - app - INFO - CodeInsight 启动于环境: default
2025-04-21 21:58:52,535 - app - INFO - 调试模式: 开启
2025-04-21 21:58:52,540 - werkzeug - WARNING -  * Debugger is active!
2025-04-21 21:58:52,540 - werkzeug - INFO -  * Debugger PIN: 886-544-977
2025-04-21 22:01:13,811 - werkzeug - INFO -  * Detected change in '/home/xiao/project/codeinsight/app/routes.py', reloading
2025-04-21 22:01:13,836 - werkzeug - INFO -  * Restarting with stat
2025-04-21 22:01:13,989 - app - INFO - 日志系统初始化完成
2025-04-21 22:01:13,989 - app - INFO - CodeInsight 启动于环境: default
2025-04-21 22:01:13,989 - app - INFO - 调试模式: 开启
2025-04-21 22:01:13,994 - werkzeug - WARNING -  * Debugger is active!
2025-04-21 22:01:13,994 - werkzeug - INFO -  * Debugger PIN: 886-544-977
2025-04-21 22:01:16,982 - app.routes - DEBUG - 访问首页
2025-04-21 22:01:16,990 - werkzeug - INFO - 127.0.0.1 - - [21/Apr/2025 22:01:16] "GET / HTTP/1.1" 200 -
2025-04-21 22:01:22,283 - app.routes - INFO - 收到分析请求: git@github.com:Penniesaba/CAPI2, 语言: auto, 协议: ssh
2025-04-21 22:01:22,283 - werkzeug - INFO - 127.0.0.1 - - [21/Apr/2025 22:01:22] "[32mPOST /analyze HTTP/1.1[0m" 302 -
2025-04-21 22:01:22,284 - app.routes - INFO - 正在克隆仓库: git@github.com:Penniesaba/CAPI2
2025-04-21 22:01:22,284 - app.utils.git - INFO - 克隆仓库: git@github.com:Penniesaba/CAPI2 到 /home/xiao/project/codeinsight/cache/repos/01fd9492-63e5-401a-993e-36fc4d6578f8, 协议: ssh
2025-04-21 22:01:22,284 - app.utils.git - DEBUG - 标准化仓库URL: git@github.com:Penniesaba/CAPI2, 协议: ssh
2025-04-21 22:01:22,284 - app.utils.git - DEBUG - URL标准化结果: git@github.com:Penniesaba/CAPI2 -> git@github.com:Penniesaba/CAPI2.git
2025-04-21 22:01:22,284 - app.utils.git - DEBUG - 处理后的URL: git@github.com:Penniesaba/CAPI2.git
2025-04-21 22:01:22,284 - app.utils.git - DEBUG - 执行命令: git clone --depth=1 git@github.com:Penniesaba/CAPI2.git /home/xiao/project/codeinsight/cache/repos/01fd9492-63e5-401a-993e-36fc4d6578f8/CAPI2
2025-04-21 22:01:22,292 - app.routes - DEBUG - 访问任务进度页面: 01fd9492-63e5-401a-993e-36fc4d6578f8
2025-04-21 22:01:22,297 - werkzeug - INFO - 127.0.0.1 - - [21/Apr/2025 22:01:22] "GET /analysis/progress/01fd9492-63e5-401a-993e-36fc4d6578f8 HTTP/1.1" 200 -
2025-04-21 22:01:22,309 - werkzeug - INFO - 127.0.0.1 - - [21/Apr/2025 22:01:22] "GET /api/analysis/status/01fd9492-63e5-401a-993e-36fc4d6578f8 HTTP/1.1" 200 -
2025-04-21 22:01:22,325 - werkzeug - INFO - 127.0.0.1 - - [21/Apr/2025 22:01:22] "GET /api/analysis/status/01fd9492-63e5-401a-993e-36fc4d6578f8 HTTP/1.1" 200 -
2025-04-21 22:01:24,340 - werkzeug - INFO - 127.0.0.1 - - [21/Apr/2025 22:01:24] "GET /api/analysis/status/01fd9492-63e5-401a-993e-36fc4d6578f8 HTTP/1.1" 200 -
2025-04-21 22:01:24,343 - werkzeug - INFO - 127.0.0.1 - - [21/Apr/2025 22:01:24] "GET /api/analysis/status/01fd9492-63e5-401a-993e-36fc4d6578f8 HTTP/1.1" 200 -
2025-04-21 22:01:24,376 - app.utils.git - ERROR - 仓库克隆失败: Command '['git', 'clone', '--depth=1', 'git@github.com:Penniesaba/CAPI2.git', '/home/xiao/project/codeinsight/cache/repos/01fd9492-63e5-401a-993e-36fc4d6578f8/CAPI2']' returned non-zero exit status 128., 错误输出: 正克隆到 '/home/xiao/project/codeinsight/cache/repos/01fd9492-63e5-401a-993e-36fc4d6578f8/CAPI2'...
Warning: Permanently added 'github.com' (ED25519) to the list of known hosts.
git@github.com: Permission denied (publickey).
fatal: 无法读取远程仓库。

请确认您有正确的访问权限并且仓库存在。

2025-04-21 22:01:24,376 - app.utils.git - WARNING - SSH克隆失败，记录相关信息
2025-04-21 22:01:24,376 - app.utils.git - DEBUG - SSH环境变量: {"SSH_AUTH_SOCK": "\u672a\u8bbe\u7f6e", "USER": "root", "HOME": "/root"}
2025-04-21 22:01:26,201 - app.utils.git - DEBUG - SSH测试输出: OpenSSH_8.9p1 Ubuntu-3ubuntu0.11, OpenSSL 3.0.2 15 Mar 2022
debug1: Reading configuration data /etc/ssh/ssh_config
debug1: /etc/ssh/ssh_config line 19: include /etc/ssh/ssh_config.d/*.conf matched no files
debug1: /etc/ssh/ssh_config line 21: Applying options for *
debug1: Connecting to github.com [20.205.243.166] port 22.
debug1: Connection established.
debug1: identity file /root/.ssh/id_rsa type -1
debug1: identity file /root/.ssh/id_rsa-cert type -1
debug1: identity file /root/.ssh/id_ecdsa type -1
debug1: identity file /root/.ssh/id_ecdsa-cert type -1
debug1: identity file /root/.ssh/id_ecdsa_sk type -1
debug1: identity file /root/.ssh/id_ecdsa_sk-cert type -1
debug1: identity file /root/.ssh/id_ed25519 type -1
debug1: identity file /root/.ssh/id_ed25519-cert type -1
debug1: identity file /root/.ssh/id_ed25519_sk type -1
debug1: identity file /root/.ssh/id_ed25519_sk-cert type -1
debug1: identity file /root/.ssh/id_xmss type -1
debug1: identity file /root/.ssh/id_xmss-cert type -1
debug1: identity file /root/.ssh/id_dsa type -1
debug1: identity file /root/.ssh/id_dsa-cert type -1
debug1: Local version string SSH-2.0-OpenSSH_8.9p1 Ubuntu-3ubuntu0.11
debug1: Remote protocol version 2.0, remote software version 93587f60
debug1: compat_banner: no match: 93587f60
debug1: Authenticating to github.com:22 as 'git'
debug1: load_hostkeys: fopen /etc/ssh/ssh_known_hosts: No such file or directory
debug1: load_hostkeys: fopen /etc/ssh/ssh_known_hosts2: No such file or directory
debug1: SSH2_MSG_KEXINIT sent
debug1: SSH2_MSG_KEXINIT received
debug1: kex: algorithm: curve25519-sha256
debug1: kex: host key algorithm: ssh-ed25519
debug1: kex: server->client cipher: chacha20-poly1305@openssh.com MAC: <implicit> compression: none
debug1: kex: client->server cipher: chacha20-poly1305@openssh.com MAC: <implicit> compression: none
debug1: expecting SSH2_MSG_KEX_ECDH_REPLY
debug1: SSH2_MSG_KEX_ECDH_REPLY received
debug1: Server host key: ssh-ed25519 SHA256:+DiY3wvvV6TuJJhbpZisF/zLDA0zPMSvHdkr4UvCOqU
debug1: load_hostkeys: fopen /etc/ssh/ssh_known_hosts: No such file or directory
debug1: load_hostkeys: fopen /etc/ssh/ssh_known_hosts2: No such file or directory
Warning: Permanently added 'github.com' (ED25519) to the list of known hosts.
debug1: ssh_packet_send2_wrapped: resetting send seqnr 3
debug1: rekey out after 134217728 blocks
debug1: SSH2_MSG_NEWKEYS sent
debug1: expecting SSH2_MSG_NEWKEYS
debug1: ssh_packet_read_poll2: resetting read seqnr 3
debug1: SSH2_MSG_NEWKEYS received
debug1: rekey in after 134217728 blocks
debug1: Will attempt key: /root/.ssh/id_rsa 
debug1: Will attempt key: /root/.ssh/id_ecdsa 
debug1: Will attempt key: /root/.ssh/id_ecdsa_sk 
debug1: Will attempt key: /root/.ssh/id_ed25519 
debug1: Will attempt key: /root/.ssh/id_ed25519_sk 
debug1: Will attempt key: /root/.ssh/id_xmss 
debug1: Will attempt key: /root/.ssh/id_dsa 
debug1: SSH2_MSG_EXT_INFO received
debug1: kex_input_ext_info: server-sig-algs=<ssh-ed25519-cert-v01@openssh.com,ecdsa-sha2-nistp521-cert-v01@openssh.com,ecdsa-sha2-nistp384-cert-v01@openssh.com,ecdsa-sha2-nistp256-cert-v01@openssh.com,sk-ssh-ed25519-cert-v01@openssh.com,sk-ecdsa-sha2-nistp256-cert-v01@openssh.com,rsa-sha2-512-cert-v01@openssh.com,rsa-sha2-256-cert-v01@openssh.com,ssh-rsa-cert-v01@openssh.com,sk-ssh-ed25519@openssh.com,sk-ecdsa-sha2-nistp256@openssh.com,ssh-ed25519,ecdsa-sha2-nistp521,ecdsa-sha2-nistp384,ecdsa-sha2-nistp256,rsa-sha2-512,rsa-sha2-256,ssh-rsa>
debug1: SSH2_MSG_SERVICE_ACCEPT received
debug1: Authentications that can continue: publickey
debug1: Next authentication method: publickey
debug1: Trying private key: /root/.ssh/id_rsa
debug1: Trying private key: /root/.ssh/id_ecdsa
debug1: Trying private key: /root/.ssh/id_ecdsa_sk
debug1: Trying private key: /root/.ssh/id_ed25519
debug1: Trying private key: /root/.ssh/id_ed25519_sk
debug1: Trying private key: /root/.ssh/id_xmss
debug1: Trying private key: /root/.ssh/id_dsa
debug1: No more authentication methods to try.
git@github.com: Permission denied (publickey).

2025-04-21 22:01:26,201 - app.utils.git - WARNING - 尝试使用HTTP协议克隆
2025-04-21 22:01:26,201 - app.utils.git - DEBUG - 标准化仓库URL: git@github.com:Penniesaba/CAPI2, 协议: http
2025-04-21 22:01:26,201 - app.utils.git - DEBUG - URL标准化结果: git@github.com:Penniesaba/CAPI2 -> https://github.com/Penniesaba/CAPI2.git
2025-04-21 22:01:26,201 - app.utils.git - DEBUG - 尝试使用HTTP协议克隆: https://github.com/Penniesaba/CAPI2.git
2025-04-21 22:01:26,346 - werkzeug - INFO - 127.0.0.1 - - [21/Apr/2025 22:01:26] "GET /api/analysis/status/01fd9492-63e5-401a-993e-36fc4d6578f8 HTTP/1.1" 200 -
2025-04-21 22:01:26,348 - werkzeug - INFO - 127.0.0.1 - - [21/Apr/2025 22:01:26] "GET /api/analysis/status/01fd9492-63e5-401a-993e-36fc4d6578f8 HTTP/1.1" 200 -
2025-04-21 22:01:28,351 - werkzeug - INFO - 127.0.0.1 - - [21/Apr/2025 22:01:28] "GET /api/analysis/status/01fd9492-63e5-401a-993e-36fc4d6578f8 HTTP/1.1" 200 -
2025-04-21 22:01:28,354 - werkzeug - INFO - 127.0.0.1 - - [21/Apr/2025 22:01:28] "GET /api/analysis/status/01fd9492-63e5-401a-993e-36fc4d6578f8 HTTP/1.1" 200 -
2025-04-21 22:01:30,357 - werkzeug - INFO - 127.0.0.1 - - [21/Apr/2025 22:01:30] "GET /api/analysis/status/01fd9492-63e5-401a-993e-36fc4d6578f8 HTTP/1.1" 200 -
2025-04-21 22:01:30,360 - werkzeug - INFO - 127.0.0.1 - - [21/Apr/2025 22:01:30] "GET /api/analysis/status/01fd9492-63e5-401a-993e-36fc4d6578f8 HTTP/1.1" 200 -
2025-04-21 22:01:32,362 - werkzeug - INFO - 127.0.0.1 - - [21/Apr/2025 22:01:32] "GET /api/analysis/status/01fd9492-63e5-401a-993e-36fc4d6578f8 HTTP/1.1" 200 -
2025-04-21 22:01:32,365 - werkzeug - INFO - 127.0.0.1 - - [21/Apr/2025 22:01:32] "GET /api/analysis/status/01fd9492-63e5-401a-993e-36fc4d6578f8 HTTP/1.1" 200 -
2025-04-21 22:01:34,368 - werkzeug - INFO - 127.0.0.1 - - [21/Apr/2025 22:01:34] "GET /api/analysis/status/01fd9492-63e5-401a-993e-36fc4d6578f8 HTTP/1.1" 200 -
2025-04-21 22:01:34,371 - werkzeug - INFO - 127.0.0.1 - - [21/Apr/2025 22:01:34] "GET /api/analysis/status/01fd9492-63e5-401a-993e-36fc4d6578f8 HTTP/1.1" 200 -
2025-04-21 22:01:36,374 - werkzeug - INFO - 127.0.0.1 - - [21/Apr/2025 22:01:36] "GET /api/analysis/status/01fd9492-63e5-401a-993e-36fc4d6578f8 HTTP/1.1" 200 -
2025-04-21 22:01:36,377 - werkzeug - INFO - 127.0.0.1 - - [21/Apr/2025 22:01:36] "GET /api/analysis/status/01fd9492-63e5-401a-993e-36fc4d6578f8 HTTP/1.1" 200 -
2025-04-21 22:01:38,379 - werkzeug - INFO - 127.0.0.1 - - [21/Apr/2025 22:01:38] "GET /api/analysis/status/01fd9492-63e5-401a-993e-36fc4d6578f8 HTTP/1.1" 200 -
2025-04-21 22:01:38,382 - werkzeug - INFO - 127.0.0.1 - - [21/Apr/2025 22:01:38] "GET /api/analysis/status/01fd9492-63e5-401a-993e-36fc4d6578f8 HTTP/1.1" 200 -
2025-04-21 22:01:40,384 - werkzeug - INFO - 127.0.0.1 - - [21/Apr/2025 22:01:40] "GET /api/analysis/status/01fd9492-63e5-401a-993e-36fc4d6578f8 HTTP/1.1" 200 -
2025-04-21 22:01:40,387 - werkzeug - INFO - 127.0.0.1 - - [21/Apr/2025 22:01:40] "GET /api/analysis/status/01fd9492-63e5-401a-993e-36fc4d6578f8 HTTP/1.1" 200 -
2025-04-21 22:01:42,390 - werkzeug - INFO - 127.0.0.1 - - [21/Apr/2025 22:01:42] "GET /api/analysis/status/01fd9492-63e5-401a-993e-36fc4d6578f8 HTTP/1.1" 200 -
2025-04-21 22:01:42,393 - werkzeug - INFO - 127.0.0.1 - - [21/Apr/2025 22:01:42] "GET /api/analysis/status/01fd9492-63e5-401a-993e-36fc4d6578f8 HTTP/1.1" 200 -
2025-04-21 22:01:44,396 - werkzeug - INFO - 127.0.0.1 - - [21/Apr/2025 22:01:44] "GET /api/analysis/status/01fd9492-63e5-401a-993e-36fc4d6578f8 HTTP/1.1" 200 -
2025-04-21 22:01:44,398 - werkzeug - INFO - 127.0.0.1 - - [21/Apr/2025 22:01:44] "GET /api/analysis/status/01fd9492-63e5-401a-993e-36fc4d6578f8 HTTP/1.1" 200 -
2025-04-21 22:01:46,402 - werkzeug - INFO - 127.0.0.1 - - [21/Apr/2025 22:01:46] "GET /api/analysis/status/01fd9492-63e5-401a-993e-36fc4d6578f8 HTTP/1.1" 200 -
2025-04-21 22:01:46,404 - werkzeug - INFO - 127.0.0.1 - - [21/Apr/2025 22:01:46] "GET /api/analysis/status/01fd9492-63e5-401a-993e-36fc4d6578f8 HTTP/1.1" 200 -
2025-04-21 22:01:48,407 - werkzeug - INFO - 127.0.0.1 - - [21/Apr/2025 22:01:48] "GET /api/analysis/status/01fd9492-63e5-401a-993e-36fc4d6578f8 HTTP/1.1" 200 -
2025-04-21 22:01:48,409 - werkzeug - INFO - 127.0.0.1 - - [21/Apr/2025 22:01:48] "GET /api/analysis/status/01fd9492-63e5-401a-993e-36fc4d6578f8 HTTP/1.1" 200 -
2025-04-21 22:01:50,413 - werkzeug - INFO - 127.0.0.1 - - [21/Apr/2025 22:01:50] "GET /api/analysis/status/01fd9492-63e5-401a-993e-36fc4d6578f8 HTTP/1.1" 200 -
2025-04-21 22:01:50,415 - werkzeug - INFO - 127.0.0.1 - - [21/Apr/2025 22:01:50] "GET /api/analysis/status/01fd9492-63e5-401a-993e-36fc4d6578f8 HTTP/1.1" 200 -
2025-04-21 22:01:52,418 - werkzeug - INFO - 127.0.0.1 - - [21/Apr/2025 22:01:52] "GET /api/analysis/status/01fd9492-63e5-401a-993e-36fc4d6578f8 HTTP/1.1" 200 -
2025-04-21 22:01:52,421 - werkzeug - INFO - 127.0.0.1 - - [21/Apr/2025 22:01:52] "GET /api/analysis/status/01fd9492-63e5-401a-993e-36fc4d6578f8 HTTP/1.1" 200 -
2025-04-21 22:01:54,424 - werkzeug - INFO - 127.0.0.1 - - [21/Apr/2025 22:01:54] "GET /api/analysis/status/01fd9492-63e5-401a-993e-36fc4d6578f8 HTTP/1.1" 200 -
2025-04-21 22:01:54,427 - werkzeug - INFO - 127.0.0.1 - - [21/Apr/2025 22:01:54] "GET /api/analysis/status/01fd9492-63e5-401a-993e-36fc4d6578f8 HTTP/1.1" 200 -
2025-04-21 22:01:56,429 - werkzeug - INFO - 127.0.0.1 - - [21/Apr/2025 22:01:56] "GET /api/analysis/status/01fd9492-63e5-401a-993e-36fc4d6578f8 HTTP/1.1" 200 -
2025-04-21 22:01:56,432 - werkzeug - INFO - 127.0.0.1 - - [21/Apr/2025 22:01:56] "GET /api/analysis/status/01fd9492-63e5-401a-993e-36fc4d6578f8 HTTP/1.1" 200 -
2025-04-21 22:01:58,434 - werkzeug - INFO - 127.0.0.1 - - [21/Apr/2025 22:01:58] "GET /api/analysis/status/01fd9492-63e5-401a-993e-36fc4d6578f8 HTTP/1.1" 200 -
2025-04-21 22:01:58,437 - werkzeug - INFO - 127.0.0.1 - - [21/Apr/2025 22:01:58] "GET /api/analysis/status/01fd9492-63e5-401a-993e-36fc4d6578f8 HTTP/1.1" 200 -
2025-04-21 22:02:00,440 - werkzeug - INFO - 127.0.0.1 - - [21/Apr/2025 22:02:00] "GET /api/analysis/status/01fd9492-63e5-401a-993e-36fc4d6578f8 HTTP/1.1" 200 -
2025-04-21 22:02:00,442 - werkzeug - INFO - 127.0.0.1 - - [21/Apr/2025 22:02:00] "GET /api/analysis/status/01fd9492-63e5-401a-993e-36fc4d6578f8 HTTP/1.1" 200 -
2025-04-21 22:02:02,446 - werkzeug - INFO - 127.0.0.1 - - [21/Apr/2025 22:02:02] "GET /api/analysis/status/01fd9492-63e5-401a-993e-36fc4d6578f8 HTTP/1.1" 200 -
2025-04-21 22:02:02,448 - werkzeug - INFO - 127.0.0.1 - - [21/Apr/2025 22:02:02] "GET /api/analysis/status/01fd9492-63e5-401a-993e-36fc4d6578f8 HTTP/1.1" 200 -
2025-04-21 22:02:04,451 - werkzeug - INFO - 127.0.0.1 - - [21/Apr/2025 22:02:04] "GET /api/analysis/status/01fd9492-63e5-401a-993e-36fc4d6578f8 HTTP/1.1" 200 -
2025-04-21 22:02:04,454 - werkzeug - INFO - 127.0.0.1 - - [21/Apr/2025 22:02:04] "GET /api/analysis/status/01fd9492-63e5-401a-993e-36fc4d6578f8 HTTP/1.1" 200 -
2025-04-21 22:02:06,457 - werkzeug - INFO - 127.0.0.1 - - [21/Apr/2025 22:02:06] "GET /api/analysis/status/01fd9492-63e5-401a-993e-36fc4d6578f8 HTTP/1.1" 200 -
2025-04-21 22:02:06,460 - werkzeug - INFO - 127.0.0.1 - - [21/Apr/2025 22:02:06] "GET /api/analysis/status/01fd9492-63e5-401a-993e-36fc4d6578f8 HTTP/1.1" 200 -
2025-04-21 22:02:08,463 - werkzeug - INFO - 127.0.0.1 - - [21/Apr/2025 22:02:08] "GET /api/analysis/status/01fd9492-63e5-401a-993e-36fc4d6578f8 HTTP/1.1" 200 -
2025-04-21 22:02:08,466 - werkzeug - INFO - 127.0.0.1 - - [21/Apr/2025 22:02:08] "GET /api/analysis/status/01fd9492-63e5-401a-993e-36fc4d6578f8 HTTP/1.1" 200 -
2025-04-21 22:02:10,469 - werkzeug - INFO - 127.0.0.1 - - [21/Apr/2025 22:02:10] "GET /api/analysis/status/01fd9492-63e5-401a-993e-36fc4d6578f8 HTTP/1.1" 200 -
2025-04-21 22:02:10,472 - werkzeug - INFO - 127.0.0.1 - - [21/Apr/2025 22:02:10] "GET /api/analysis/status/01fd9492-63e5-401a-993e-36fc4d6578f8 HTTP/1.1" 200 -
2025-04-21 22:02:12,475 - werkzeug - INFO - 127.0.0.1 - - [21/Apr/2025 22:02:12] "GET /api/analysis/status/01fd9492-63e5-401a-993e-36fc4d6578f8 HTTP/1.1" 200 -
2025-04-21 22:02:12,478 - werkzeug - INFO - 127.0.0.1 - - [21/Apr/2025 22:02:12] "GET /api/analysis/status/01fd9492-63e5-401a-993e-36fc4d6578f8 HTTP/1.1" 200 -
2025-04-21 22:02:14,480 - werkzeug - INFO - 127.0.0.1 - - [21/Apr/2025 22:02:14] "GET /api/analysis/status/01fd9492-63e5-401a-993e-36fc4d6578f8 HTTP/1.1" 200 -
2025-04-21 22:02:14,483 - werkzeug - INFO - 127.0.0.1 - - [21/Apr/2025 22:02:14] "GET /api/analysis/status/01fd9492-63e5-401a-993e-36fc4d6578f8 HTTP/1.1" 200 -
2025-04-21 22:02:16,486 - werkzeug - INFO - 127.0.0.1 - - [21/Apr/2025 22:02:16] "GET /api/analysis/status/01fd9492-63e5-401a-993e-36fc4d6578f8 HTTP/1.1" 200 -
2025-04-21 22:02:16,488 - werkzeug - INFO - 127.0.0.1 - - [21/Apr/2025 22:02:16] "GET /api/analysis/status/01fd9492-63e5-401a-993e-36fc4d6578f8 HTTP/1.1" 200 -
2025-04-21 22:02:18,491 - werkzeug - INFO - 127.0.0.1 - - [21/Apr/2025 22:02:18] "GET /api/analysis/status/01fd9492-63e5-401a-993e-36fc4d6578f8 HTTP/1.1" 200 -
2025-04-21 22:02:18,494 - werkzeug - INFO - 127.0.0.1 - - [21/Apr/2025 22:02:18] "GET /api/analysis/status/01fd9492-63e5-401a-993e-36fc4d6578f8 HTTP/1.1" 200 -
2025-04-21 22:02:20,497 - werkzeug - INFO - 127.0.0.1 - - [21/Apr/2025 22:02:20] "GET /api/analysis/status/01fd9492-63e5-401a-993e-36fc4d6578f8 HTTP/1.1" 200 -
2025-04-21 22:02:20,499 - werkzeug - INFO - 127.0.0.1 - - [21/Apr/2025 22:02:20] "GET /api/analysis/status/01fd9492-63e5-401a-993e-36fc4d6578f8 HTTP/1.1" 200 -
2025-04-21 22:02:22,502 - werkzeug - INFO - 127.0.0.1 - - [21/Apr/2025 22:02:22] "GET /api/analysis/status/01fd9492-63e5-401a-993e-36fc4d6578f8 HTTP/1.1" 200 -
2025-04-21 22:02:22,504 - werkzeug - INFO - 127.0.0.1 - - [21/Apr/2025 22:02:22] "GET /api/analysis/status/01fd9492-63e5-401a-993e-36fc4d6578f8 HTTP/1.1" 200 -
2025-04-21 22:02:24,507 - werkzeug - INFO - 127.0.0.1 - - [21/Apr/2025 22:02:24] "GET /api/analysis/status/01fd9492-63e5-401a-993e-36fc4d6578f8 HTTP/1.1" 200 -
2025-04-21 22:02:24,510 - werkzeug - INFO - 127.0.0.1 - - [21/Apr/2025 22:02:24] "GET /api/analysis/status/01fd9492-63e5-401a-993e-36fc4d6578f8 HTTP/1.1" 200 -
2025-04-21 22:02:26,512 - werkzeug - INFO - 127.0.0.1 - - [21/Apr/2025 22:02:26] "GET /api/analysis/status/01fd9492-63e5-401a-993e-36fc4d6578f8 HTTP/1.1" 200 -
2025-04-21 22:02:26,515 - werkzeug - INFO - 127.0.0.1 - - [21/Apr/2025 22:02:26] "GET /api/analysis/status/01fd9492-63e5-401a-993e-36fc4d6578f8 HTTP/1.1" 200 -
2025-04-21 22:02:28,518 - werkzeug - INFO - 127.0.0.1 - - [21/Apr/2025 22:02:28] "GET /api/analysis/status/01fd9492-63e5-401a-993e-36fc4d6578f8 HTTP/1.1" 200 -
2025-04-21 22:02:28,521 - werkzeug - INFO - 127.0.0.1 - - [21/Apr/2025 22:02:28] "GET /api/analysis/status/01fd9492-63e5-401a-993e-36fc4d6578f8 HTTP/1.1" 200 -
2025-04-21 22:02:30,525 - werkzeug - INFO - 127.0.0.1 - - [21/Apr/2025 22:02:30] "GET /api/analysis/status/01fd9492-63e5-401a-993e-36fc4d6578f8 HTTP/1.1" 200 -
2025-04-21 22:02:30,529 - werkzeug - INFO - 127.0.0.1 - - [21/Apr/2025 22:02:30] "GET /api/analysis/status/01fd9492-63e5-401a-993e-36fc4d6578f8 HTTP/1.1" 200 -
2025-04-21 22:02:32,533 - werkzeug - INFO - 127.0.0.1 - - [21/Apr/2025 22:02:32] "GET /api/analysis/status/01fd9492-63e5-401a-993e-36fc4d6578f8 HTTP/1.1" 200 -
2025-04-21 22:02:32,536 - werkzeug - INFO - 127.0.0.1 - - [21/Apr/2025 22:02:32] "GET /api/analysis/status/01fd9492-63e5-401a-993e-36fc4d6578f8 HTTP/1.1" 200 -
2025-04-21 22:02:34,539 - werkzeug - INFO - 127.0.0.1 - - [21/Apr/2025 22:02:34] "GET /api/analysis/status/01fd9492-63e5-401a-993e-36fc4d6578f8 HTTP/1.1" 200 -
2025-04-21 22:02:34,541 - werkzeug - INFO - 127.0.0.1 - - [21/Apr/2025 22:02:34] "GET /api/analysis/status/01fd9492-63e5-401a-993e-36fc4d6578f8 HTTP/1.1" 200 -
2025-04-21 22:02:36,544 - werkzeug - INFO - 127.0.0.1 - - [21/Apr/2025 22:02:36] "GET /api/analysis/status/01fd9492-63e5-401a-993e-36fc4d6578f8 HTTP/1.1" 200 -
2025-04-21 22:02:36,547 - werkzeug - INFO - 127.0.0.1 - - [21/Apr/2025 22:02:36] "GET /api/analysis/status/01fd9492-63e5-401a-993e-36fc4d6578f8 HTTP/1.1" 200 -
2025-04-21 22:02:38,550 - werkzeug - INFO - 127.0.0.1 - - [21/Apr/2025 22:02:38] "GET /api/analysis/status/01fd9492-63e5-401a-993e-36fc4d6578f8 HTTP/1.1" 200 -
2025-04-21 22:02:38,552 - werkzeug - INFO - 127.0.0.1 - - [21/Apr/2025 22:02:38] "GET /api/analysis/status/01fd9492-63e5-401a-993e-36fc4d6578f8 HTTP/1.1" 200 -
2025-04-21 22:02:40,555 - werkzeug - INFO - 127.0.0.1 - - [21/Apr/2025 22:02:40] "GET /api/analysis/status/01fd9492-63e5-401a-993e-36fc4d6578f8 HTTP/1.1" 200 -
2025-04-21 22:02:40,558 - werkzeug - INFO - 127.0.0.1 - - [21/Apr/2025 22:02:40] "GET /api/analysis/status/01fd9492-63e5-401a-993e-36fc4d6578f8 HTTP/1.1" 200 -
2025-04-21 22:02:42,561 - werkzeug - INFO - 127.0.0.1 - - [21/Apr/2025 22:02:42] "GET /api/analysis/status/01fd9492-63e5-401a-993e-36fc4d6578f8 HTTP/1.1" 200 -
2025-04-21 22:02:42,563 - werkzeug - INFO - 127.0.0.1 - - [21/Apr/2025 22:02:42] "GET /api/analysis/status/01fd9492-63e5-401a-993e-36fc4d6578f8 HTTP/1.1" 200 -
2025-04-21 22:02:44,566 - werkzeug - INFO - 127.0.0.1 - - [21/Apr/2025 22:02:44] "GET /api/analysis/status/01fd9492-63e5-401a-993e-36fc4d6578f8 HTTP/1.1" 200 -
2025-04-21 22:02:44,569 - werkzeug - INFO - 127.0.0.1 - - [21/Apr/2025 22:02:44] "GET /api/analysis/status/01fd9492-63e5-401a-993e-36fc4d6578f8 HTTP/1.1" 200 -
2025-04-21 22:02:46,571 - werkzeug - INFO - 127.0.0.1 - - [21/Apr/2025 22:02:46] "GET /api/analysis/status/01fd9492-63e5-401a-993e-36fc4d6578f8 HTTP/1.1" 200 -
2025-04-21 22:02:46,574 - werkzeug - INFO - 127.0.0.1 - - [21/Apr/2025 22:02:46] "GET /api/analysis/status/01fd9492-63e5-401a-993e-36fc4d6578f8 HTTP/1.1" 200 -
2025-04-21 22:02:48,577 - werkzeug - INFO - 127.0.0.1 - - [21/Apr/2025 22:02:48] "GET /api/analysis/status/01fd9492-63e5-401a-993e-36fc4d6578f8 HTTP/1.1" 200 -
2025-04-21 22:02:48,579 - werkzeug - INFO - 127.0.0.1 - - [21/Apr/2025 22:02:48] "GET /api/analysis/status/01fd9492-63e5-401a-993e-36fc4d6578f8 HTTP/1.1" 200 -
2025-04-21 22:02:50,582 - werkzeug - INFO - 127.0.0.1 - - [21/Apr/2025 22:02:50] "GET /api/analysis/status/01fd9492-63e5-401a-993e-36fc4d6578f8 HTTP/1.1" 200 -
2025-04-21 22:02:50,584 - werkzeug - INFO - 127.0.0.1 - - [21/Apr/2025 22:02:50] "GET /api/analysis/status/01fd9492-63e5-401a-993e-36fc4d6578f8 HTTP/1.1" 200 -
2025-04-21 22:02:52,587 - werkzeug - INFO - 127.0.0.1 - - [21/Apr/2025 22:02:52] "GET /api/analysis/status/01fd9492-63e5-401a-993e-36fc4d6578f8 HTTP/1.1" 200 -
2025-04-21 22:02:52,591 - werkzeug - INFO - 127.0.0.1 - - [21/Apr/2025 22:02:52] "GET /api/analysis/status/01fd9492-63e5-401a-993e-36fc4d6578f8 HTTP/1.1" 200 -
2025-04-21 22:02:54,594 - werkzeug - INFO - 127.0.0.1 - - [21/Apr/2025 22:02:54] "GET /api/analysis/status/01fd9492-63e5-401a-993e-36fc4d6578f8 HTTP/1.1" 200 -
2025-04-21 22:02:54,596 - werkzeug - INFO - 127.0.0.1 - - [21/Apr/2025 22:02:54] "GET /api/analysis/status/01fd9492-63e5-401a-993e-36fc4d6578f8 HTTP/1.1" 200 -
2025-04-21 22:02:56,599 - werkzeug - INFO - 127.0.0.1 - - [21/Apr/2025 22:02:56] "GET /api/analysis/status/01fd9492-63e5-401a-993e-36fc4d6578f8 HTTP/1.1" 200 -
2025-04-21 22:02:56,602 - werkzeug - INFO - 127.0.0.1 - - [21/Apr/2025 22:02:56] "GET /api/analysis/status/01fd9492-63e5-401a-993e-36fc4d6578f8 HTTP/1.1" 200 -
2025-04-21 22:02:58,605 - werkzeug - INFO - 127.0.0.1 - - [21/Apr/2025 22:02:58] "GET /api/analysis/status/01fd9492-63e5-401a-993e-36fc4d6578f8 HTTP/1.1" 200 -
2025-04-21 22:02:58,607 - werkzeug - INFO - 127.0.0.1 - - [21/Apr/2025 22:02:58] "GET /api/analysis/status/01fd9492-63e5-401a-993e-36fc4d6578f8 HTTP/1.1" 200 -
2025-04-21 22:03:00,610 - werkzeug - INFO - 127.0.0.1 - - [21/Apr/2025 22:03:00] "GET /api/analysis/status/01fd9492-63e5-401a-993e-36fc4d6578f8 HTTP/1.1" 200 -
2025-04-21 22:03:00,613 - werkzeug - INFO - 127.0.0.1 - - [21/Apr/2025 22:03:00] "GET /api/analysis/status/01fd9492-63e5-401a-993e-36fc4d6578f8 HTTP/1.1" 200 -
2025-04-21 22:03:02,616 - werkzeug - INFO - 127.0.0.1 - - [21/Apr/2025 22:03:02] "GET /api/analysis/status/01fd9492-63e5-401a-993e-36fc4d6578f8 HTTP/1.1" 200 -
2025-04-21 22:03:02,618 - werkzeug - INFO - 127.0.0.1 - - [21/Apr/2025 22:03:02] "GET /api/analysis/status/01fd9492-63e5-401a-993e-36fc4d6578f8 HTTP/1.1" 200 -
2025-04-21 22:03:04,621 - werkzeug - INFO - 127.0.0.1 - - [21/Apr/2025 22:03:04] "GET /api/analysis/status/01fd9492-63e5-401a-993e-36fc4d6578f8 HTTP/1.1" 200 -
2025-04-21 22:03:04,624 - werkzeug - INFO - 127.0.0.1 - - [21/Apr/2025 22:03:04] "GET /api/analysis/status/01fd9492-63e5-401a-993e-36fc4d6578f8 HTTP/1.1" 200 -
2025-04-21 22:03:06,627 - werkzeug - INFO - 127.0.0.1 - - [21/Apr/2025 22:03:06] "GET /api/analysis/status/01fd9492-63e5-401a-993e-36fc4d6578f8 HTTP/1.1" 200 -
2025-04-21 22:03:06,630 - werkzeug - INFO - 127.0.0.1 - - [21/Apr/2025 22:03:06] "GET /api/analysis/status/01fd9492-63e5-401a-993e-36fc4d6578f8 HTTP/1.1" 200 -
2025-04-21 22:03:08,633 - werkzeug - INFO - 127.0.0.1 - - [21/Apr/2025 22:03:08] "GET /api/analysis/status/01fd9492-63e5-401a-993e-36fc4d6578f8 HTTP/1.1" 200 -
2025-04-21 22:03:08,635 - werkzeug - INFO - 127.0.0.1 - - [21/Apr/2025 22:03:08] "GET /api/analysis/status/01fd9492-63e5-401a-993e-36fc4d6578f8 HTTP/1.1" 200 -
2025-04-21 22:03:10,638 - werkzeug - INFO - 127.0.0.1 - - [21/Apr/2025 22:03:10] "GET /api/analysis/status/01fd9492-63e5-401a-993e-36fc4d6578f8 HTTP/1.1" 200 -
2025-04-21 22:03:10,640 - werkzeug - INFO - 127.0.0.1 - - [21/Apr/2025 22:03:10] "GET /api/analysis/status/01fd9492-63e5-401a-993e-36fc4d6578f8 HTTP/1.1" 200 -
2025-04-21 22:03:12,643 - werkzeug - INFO - 127.0.0.1 - - [21/Apr/2025 22:03:12] "GET /api/analysis/status/01fd9492-63e5-401a-993e-36fc4d6578f8 HTTP/1.1" 200 -
2025-04-21 22:03:12,646 - werkzeug - INFO - 127.0.0.1 - - [21/Apr/2025 22:03:12] "GET /api/analysis/status/01fd9492-63e5-401a-993e-36fc4d6578f8 HTTP/1.1" 200 -
2025-04-21 22:03:14,649 - werkzeug - INFO - 127.0.0.1 - - [21/Apr/2025 22:03:14] "GET /api/analysis/status/01fd9492-63e5-401a-993e-36fc4d6578f8 HTTP/1.1" 200 -
2025-04-21 22:03:14,652 - werkzeug - INFO - 127.0.0.1 - - [21/Apr/2025 22:03:14] "GET /api/analysis/status/01fd9492-63e5-401a-993e-36fc4d6578f8 HTTP/1.1" 200 -
2025-04-21 22:03:16,655 - werkzeug - INFO - 127.0.0.1 - - [21/Apr/2025 22:03:16] "GET /api/analysis/status/01fd9492-63e5-401a-993e-36fc4d6578f8 HTTP/1.1" 200 -
2025-04-21 22:03:16,658 - werkzeug - INFO - 127.0.0.1 - - [21/Apr/2025 22:03:16] "GET /api/analysis/status/01fd9492-63e5-401a-993e-36fc4d6578f8 HTTP/1.1" 200 -
2025-04-21 22:03:18,661 - werkzeug - INFO - 127.0.0.1 - - [21/Apr/2025 22:03:18] "GET /api/analysis/status/01fd9492-63e5-401a-993e-36fc4d6578f8 HTTP/1.1" 200 -
2025-04-21 22:03:18,663 - werkzeug - INFO - 127.0.0.1 - - [21/Apr/2025 22:03:18] "GET /api/analysis/status/01fd9492-63e5-401a-993e-36fc4d6578f8 HTTP/1.1" 200 -
2025-04-21 22:03:20,666 - werkzeug - INFO - 127.0.0.1 - - [21/Apr/2025 22:03:20] "GET /api/analysis/status/01fd9492-63e5-401a-993e-36fc4d6578f8 HTTP/1.1" 200 -
2025-04-21 22:03:20,669 - werkzeug - INFO - 127.0.0.1 - - [21/Apr/2025 22:03:20] "GET /api/analysis/status/01fd9492-63e5-401a-993e-36fc4d6578f8 HTTP/1.1" 200 -
2025-04-21 22:03:22,671 - werkzeug - INFO - 127.0.0.1 - - [21/Apr/2025 22:03:22] "GET /api/analysis/status/01fd9492-63e5-401a-993e-36fc4d6578f8 HTTP/1.1" 200 -
2025-04-21 22:03:22,674 - werkzeug - INFO - 127.0.0.1 - - [21/Apr/2025 22:03:22] "GET /api/analysis/status/01fd9492-63e5-401a-993e-36fc4d6578f8 HTTP/1.1" 200 -
2025-04-21 22:03:24,677 - werkzeug - INFO - 127.0.0.1 - - [21/Apr/2025 22:03:24] "GET /api/analysis/status/01fd9492-63e5-401a-993e-36fc4d6578f8 HTTP/1.1" 200 -
2025-04-21 22:03:24,680 - werkzeug - INFO - 127.0.0.1 - - [21/Apr/2025 22:03:24] "GET /api/analysis/status/01fd9492-63e5-401a-993e-36fc4d6578f8 HTTP/1.1" 200 -
2025-04-21 22:03:26,683 - werkzeug - INFO - 127.0.0.1 - - [21/Apr/2025 22:03:26] "GET /api/analysis/status/01fd9492-63e5-401a-993e-36fc4d6578f8 HTTP/1.1" 200 -
2025-04-21 22:03:26,686 - werkzeug - INFO - 127.0.0.1 - - [21/Apr/2025 22:03:26] "GET /api/analysis/status/01fd9492-63e5-401a-993e-36fc4d6578f8 HTTP/1.1" 200 -
2025-04-21 22:03:28,689 - werkzeug - INFO - 127.0.0.1 - - [21/Apr/2025 22:03:28] "GET /api/analysis/status/01fd9492-63e5-401a-993e-36fc4d6578f8 HTTP/1.1" 200 -
2025-04-21 22:03:28,691 - werkzeug - INFO - 127.0.0.1 - - [21/Apr/2025 22:03:28] "GET /api/analysis/status/01fd9492-63e5-401a-993e-36fc4d6578f8 HTTP/1.1" 200 -
2025-04-21 22:03:30,695 - werkzeug - INFO - 127.0.0.1 - - [21/Apr/2025 22:03:30] "GET /api/analysis/status/01fd9492-63e5-401a-993e-36fc4d6578f8 HTTP/1.1" 200 -
2025-04-21 22:03:30,697 - werkzeug - INFO - 127.0.0.1 - - [21/Apr/2025 22:03:30] "GET /api/analysis/status/01fd9492-63e5-401a-993e-36fc4d6578f8 HTTP/1.1" 200 -
2025-04-21 22:03:32,700 - werkzeug - INFO - 127.0.0.1 - - [21/Apr/2025 22:03:32] "GET /api/analysis/status/01fd9492-63e5-401a-993e-36fc4d6578f8 HTTP/1.1" 200 -
2025-04-21 22:03:32,703 - werkzeug - INFO - 127.0.0.1 - - [21/Apr/2025 22:03:32] "GET /api/analysis/status/01fd9492-63e5-401a-993e-36fc4d6578f8 HTTP/1.1" 200 -
2025-04-21 22:03:34,705 - werkzeug - INFO - 127.0.0.1 - - [21/Apr/2025 22:03:34] "GET /api/analysis/status/01fd9492-63e5-401a-993e-36fc4d6578f8 HTTP/1.1" 200 -
2025-04-21 22:03:34,708 - werkzeug - INFO - 127.0.0.1 - - [21/Apr/2025 22:03:34] "GET /api/analysis/status/01fd9492-63e5-401a-993e-36fc4d6578f8 HTTP/1.1" 200 -
2025-04-21 22:03:36,711 - werkzeug - INFO - 127.0.0.1 - - [21/Apr/2025 22:03:36] "GET /api/analysis/status/01fd9492-63e5-401a-993e-36fc4d6578f8 HTTP/1.1" 200 -
2025-04-21 22:03:36,713 - werkzeug - INFO - 127.0.0.1 - - [21/Apr/2025 22:03:36] "GET /api/analysis/status/01fd9492-63e5-401a-993e-36fc4d6578f8 HTTP/1.1" 200 -
2025-04-21 22:03:38,717 - werkzeug - INFO - 127.0.0.1 - - [21/Apr/2025 22:03:38] "GET /api/analysis/status/01fd9492-63e5-401a-993e-36fc4d6578f8 HTTP/1.1" 200 -
2025-04-21 22:03:38,720 - werkzeug - INFO - 127.0.0.1 - - [21/Apr/2025 22:03:38] "GET /api/analysis/status/01fd9492-63e5-401a-993e-36fc4d6578f8 HTTP/1.1" 200 -
2025-04-21 22:03:40,723 - werkzeug - INFO - 127.0.0.1 - - [21/Apr/2025 22:03:40] "GET /api/analysis/status/01fd9492-63e5-401a-993e-36fc4d6578f8 HTTP/1.1" 200 -
2025-04-21 22:03:40,725 - werkzeug - INFO - 127.0.0.1 - - [21/Apr/2025 22:03:40] "GET /api/analysis/status/01fd9492-63e5-401a-993e-36fc4d6578f8 HTTP/1.1" 200 -
2025-04-21 22:03:42,729 - werkzeug - INFO - 127.0.0.1 - - [21/Apr/2025 22:03:42] "GET /api/analysis/status/01fd9492-63e5-401a-993e-36fc4d6578f8 HTTP/1.1" 200 -
2025-04-21 22:03:42,731 - werkzeug - INFO - 127.0.0.1 - - [21/Apr/2025 22:03:42] "GET /api/analysis/status/01fd9492-63e5-401a-993e-36fc4d6578f8 HTTP/1.1" 200 -
2025-04-21 22:03:44,734 - werkzeug - INFO - 127.0.0.1 - - [21/Apr/2025 22:03:44] "GET /api/analysis/status/01fd9492-63e5-401a-993e-36fc4d6578f8 HTTP/1.1" 200 -
2025-04-21 22:03:44,737 - werkzeug - INFO - 127.0.0.1 - - [21/Apr/2025 22:03:44] "GET /api/analysis/status/01fd9492-63e5-401a-993e-36fc4d6578f8 HTTP/1.1" 200 -
2025-04-21 22:03:46,739 - werkzeug - INFO - 127.0.0.1 - - [21/Apr/2025 22:03:46] "GET /api/analysis/status/01fd9492-63e5-401a-993e-36fc4d6578f8 HTTP/1.1" 200 -
2025-04-21 22:03:46,742 - werkzeug - INFO - 127.0.0.1 - - [21/Apr/2025 22:03:46] "GET /api/analysis/status/01fd9492-63e5-401a-993e-36fc4d6578f8 HTTP/1.1" 200 -
2025-04-21 22:03:48,745 - werkzeug - INFO - 127.0.0.1 - - [21/Apr/2025 22:03:48] "GET /api/analysis/status/01fd9492-63e5-401a-993e-36fc4d6578f8 HTTP/1.1" 200 -
2025-04-21 22:03:48,748 - werkzeug - INFO - 127.0.0.1 - - [21/Apr/2025 22:03:48] "GET /api/analysis/status/01fd9492-63e5-401a-993e-36fc4d6578f8 HTTP/1.1" 200 -
2025-04-21 22:03:50,751 - werkzeug - INFO - 127.0.0.1 - - [21/Apr/2025 22:03:50] "GET /api/analysis/status/01fd9492-63e5-401a-993e-36fc4d6578f8 HTTP/1.1" 200 -
2025-04-21 22:03:50,754 - werkzeug - INFO - 127.0.0.1 - - [21/Apr/2025 22:03:50] "GET /api/analysis/status/01fd9492-63e5-401a-993e-36fc4d6578f8 HTTP/1.1" 200 -
2025-04-21 22:03:52,756 - werkzeug - INFO - 127.0.0.1 - - [21/Apr/2025 22:03:52] "GET /api/analysis/status/01fd9492-63e5-401a-993e-36fc4d6578f8 HTTP/1.1" 200 -
2025-04-21 22:03:52,759 - werkzeug - INFO - 127.0.0.1 - - [21/Apr/2025 22:03:52] "GET /api/analysis/status/01fd9492-63e5-401a-993e-36fc4d6578f8 HTTP/1.1" 200 -
2025-04-21 22:03:54,762 - werkzeug - INFO - 127.0.0.1 - - [21/Apr/2025 22:03:54] "GET /api/analysis/status/01fd9492-63e5-401a-993e-36fc4d6578f8 HTTP/1.1" 200 -
2025-04-21 22:03:54,764 - werkzeug - INFO - 127.0.0.1 - - [21/Apr/2025 22:03:54] "GET /api/analysis/status/01fd9492-63e5-401a-993e-36fc4d6578f8 HTTP/1.1" 200 -
2025-04-21 22:03:56,767 - werkzeug - INFO - 127.0.0.1 - - [21/Apr/2025 22:03:56] "GET /api/analysis/status/01fd9492-63e5-401a-993e-36fc4d6578f8 HTTP/1.1" 200 -
2025-04-21 22:03:56,770 - werkzeug - INFO - 127.0.0.1 - - [21/Apr/2025 22:03:56] "GET /api/analysis/status/01fd9492-63e5-401a-993e-36fc4d6578f8 HTTP/1.1" 200 -
2025-04-21 22:03:58,773 - werkzeug - INFO - 127.0.0.1 - - [21/Apr/2025 22:03:58] "GET /api/analysis/status/01fd9492-63e5-401a-993e-36fc4d6578f8 HTTP/1.1" 200 -
2025-04-21 22:03:58,776 - werkzeug - INFO - 127.0.0.1 - - [21/Apr/2025 22:03:58] "GET /api/analysis/status/01fd9492-63e5-401a-993e-36fc4d6578f8 HTTP/1.1" 200 -
2025-04-21 22:04:00,779 - werkzeug - INFO - 127.0.0.1 - - [21/Apr/2025 22:04:00] "GET /api/analysis/status/01fd9492-63e5-401a-993e-36fc4d6578f8 HTTP/1.1" 200 -
2025-04-21 22:04:00,781 - werkzeug - INFO - 127.0.0.1 - - [21/Apr/2025 22:04:00] "GET /api/analysis/status/01fd9492-63e5-401a-993e-36fc4d6578f8 HTTP/1.1" 200 -
2025-04-21 22:04:02,784 - werkzeug - INFO - 127.0.0.1 - - [21/Apr/2025 22:04:02] "GET /api/analysis/status/01fd9492-63e5-401a-993e-36fc4d6578f8 HTTP/1.1" 200 -
2025-04-21 22:04:02,787 - werkzeug - INFO - 127.0.0.1 - - [21/Apr/2025 22:04:02] "GET /api/analysis/status/01fd9492-63e5-401a-993e-36fc4d6578f8 HTTP/1.1" 200 -
2025-04-21 22:04:04,790 - werkzeug - INFO - 127.0.0.1 - - [21/Apr/2025 22:04:04] "GET /api/analysis/status/01fd9492-63e5-401a-993e-36fc4d6578f8 HTTP/1.1" 200 -
2025-04-21 22:04:04,793 - werkzeug - INFO - 127.0.0.1 - - [21/Apr/2025 22:04:04] "GET /api/analysis/status/01fd9492-63e5-401a-993e-36fc4d6578f8 HTTP/1.1" 200 -
2025-04-21 22:04:06,796 - werkzeug - INFO - 127.0.0.1 - - [21/Apr/2025 22:04:06] "GET /api/analysis/status/01fd9492-63e5-401a-993e-36fc4d6578f8 HTTP/1.1" 200 -
2025-04-21 22:04:06,799 - werkzeug - INFO - 127.0.0.1 - - [21/Apr/2025 22:04:06] "GET /api/analysis/status/01fd9492-63e5-401a-993e-36fc4d6578f8 HTTP/1.1" 200 -
2025-04-21 22:04:08,802 - werkzeug - INFO - 127.0.0.1 - - [21/Apr/2025 22:04:08] "GET /api/analysis/status/01fd9492-63e5-401a-993e-36fc4d6578f8 HTTP/1.1" 200 -
2025-04-21 22:04:08,805 - werkzeug - INFO - 127.0.0.1 - - [21/Apr/2025 22:04:08] "GET /api/analysis/status/01fd9492-63e5-401a-993e-36fc4d6578f8 HTTP/1.1" 200 -
2025-04-21 22:04:10,808 - werkzeug - INFO - 127.0.0.1 - - [21/Apr/2025 22:04:10] "GET /api/analysis/status/01fd9492-63e5-401a-993e-36fc4d6578f8 HTTP/1.1" 200 -
2025-04-21 22:04:10,811 - werkzeug - INFO - 127.0.0.1 - - [21/Apr/2025 22:04:10] "GET /api/analysis/status/01fd9492-63e5-401a-993e-36fc4d6578f8 HTTP/1.1" 200 -
2025-04-21 22:04:12,814 - werkzeug - INFO - 127.0.0.1 - - [21/Apr/2025 22:04:12] "GET /api/analysis/status/01fd9492-63e5-401a-993e-36fc4d6578f8 HTTP/1.1" 200 -
2025-04-21 22:04:12,817 - werkzeug - INFO - 127.0.0.1 - - [21/Apr/2025 22:04:12] "GET /api/analysis/status/01fd9492-63e5-401a-993e-36fc4d6578f8 HTTP/1.1" 200 -
2025-04-21 22:04:14,820 - werkzeug - INFO - 127.0.0.1 - - [21/Apr/2025 22:04:14] "GET /api/analysis/status/01fd9492-63e5-401a-993e-36fc4d6578f8 HTTP/1.1" 200 -
2025-04-21 22:04:14,822 - werkzeug - INFO - 127.0.0.1 - - [21/Apr/2025 22:04:14] "GET /api/analysis/status/01fd9492-63e5-401a-993e-36fc4d6578f8 HTTP/1.1" 200 -
2025-04-21 22:04:16,825 - werkzeug - INFO - 127.0.0.1 - - [21/Apr/2025 22:04:16] "GET /api/analysis/status/01fd9492-63e5-401a-993e-36fc4d6578f8 HTTP/1.1" 200 -
2025-04-21 22:04:16,829 - werkzeug - INFO - 127.0.0.1 - - [21/Apr/2025 22:04:16] "GET /api/analysis/status/01fd9492-63e5-401a-993e-36fc4d6578f8 HTTP/1.1" 200 -
2025-04-21 22:04:18,832 - werkzeug - INFO - 127.0.0.1 - - [21/Apr/2025 22:04:18] "GET /api/analysis/status/01fd9492-63e5-401a-993e-36fc4d6578f8 HTTP/1.1" 200 -
2025-04-21 22:04:18,834 - werkzeug - INFO - 127.0.0.1 - - [21/Apr/2025 22:04:18] "GET /api/analysis/status/01fd9492-63e5-401a-993e-36fc4d6578f8 HTTP/1.1" 200 -
2025-04-21 22:04:20,838 - werkzeug - INFO - 127.0.0.1 - - [21/Apr/2025 22:04:20] "GET /api/analysis/status/01fd9492-63e5-401a-993e-36fc4d6578f8 HTTP/1.1" 200 -
2025-04-21 22:04:20,840 - werkzeug - INFO - 127.0.0.1 - - [21/Apr/2025 22:04:20] "GET /api/analysis/status/01fd9492-63e5-401a-993e-36fc4d6578f8 HTTP/1.1" 200 -
2025-04-21 22:04:22,843 - werkzeug - INFO - 127.0.0.1 - - [21/Apr/2025 22:04:22] "GET /api/analysis/status/01fd9492-63e5-401a-993e-36fc4d6578f8 HTTP/1.1" 200 -
2025-04-21 22:04:22,846 - werkzeug - INFO - 127.0.0.1 - - [21/Apr/2025 22:04:22] "GET /api/analysis/status/01fd9492-63e5-401a-993e-36fc4d6578f8 HTTP/1.1" 200 -
2025-04-21 22:04:24,849 - werkzeug - INFO - 127.0.0.1 - - [21/Apr/2025 22:04:24] "GET /api/analysis/status/01fd9492-63e5-401a-993e-36fc4d6578f8 HTTP/1.1" 200 -
2025-04-21 22:04:24,852 - werkzeug - INFO - 127.0.0.1 - - [21/Apr/2025 22:04:24] "GET /api/analysis/status/01fd9492-63e5-401a-993e-36fc4d6578f8 HTTP/1.1" 200 -
2025-04-21 22:04:26,855 - werkzeug - INFO - 127.0.0.1 - - [21/Apr/2025 22:04:26] "GET /api/analysis/status/01fd9492-63e5-401a-993e-36fc4d6578f8 HTTP/1.1" 200 -
2025-04-21 22:04:26,857 - werkzeug - INFO - 127.0.0.1 - - [21/Apr/2025 22:04:26] "GET /api/analysis/status/01fd9492-63e5-401a-993e-36fc4d6578f8 HTTP/1.1" 200 -
2025-04-21 22:04:28,860 - werkzeug - INFO - 127.0.0.1 - - [21/Apr/2025 22:04:28] "GET /api/analysis/status/01fd9492-63e5-401a-993e-36fc4d6578f8 HTTP/1.1" 200 -
2025-04-21 22:04:28,863 - werkzeug - INFO - 127.0.0.1 - - [21/Apr/2025 22:04:28] "GET /api/analysis/status/01fd9492-63e5-401a-993e-36fc4d6578f8 HTTP/1.1" 200 -
2025-04-21 22:04:30,866 - werkzeug - INFO - 127.0.0.1 - - [21/Apr/2025 22:04:30] "GET /api/analysis/status/01fd9492-63e5-401a-993e-36fc4d6578f8 HTTP/1.1" 200 -
2025-04-21 22:04:30,868 - werkzeug - INFO - 127.0.0.1 - - [21/Apr/2025 22:04:30] "GET /api/analysis/status/01fd9492-63e5-401a-993e-36fc4d6578f8 HTTP/1.1" 200 -
2025-04-21 22:04:32,871 - werkzeug - INFO - 127.0.0.1 - - [21/Apr/2025 22:04:32] "GET /api/analysis/status/01fd9492-63e5-401a-993e-36fc4d6578f8 HTTP/1.1" 200 -
2025-04-21 22:04:32,873 - werkzeug - INFO - 127.0.0.1 - - [21/Apr/2025 22:04:32] "GET /api/analysis/status/01fd9492-63e5-401a-993e-36fc4d6578f8 HTTP/1.1" 200 -
2025-04-21 22:04:34,876 - werkzeug - INFO - 127.0.0.1 - - [21/Apr/2025 22:04:34] "GET /api/analysis/status/01fd9492-63e5-401a-993e-36fc4d6578f8 HTTP/1.1" 200 -
2025-04-21 22:04:34,879 - werkzeug - INFO - 127.0.0.1 - - [21/Apr/2025 22:04:34] "GET /api/analysis/status/01fd9492-63e5-401a-993e-36fc4d6578f8 HTTP/1.1" 200 -
2025-04-21 22:04:36,883 - werkzeug - INFO - 127.0.0.1 - - [21/Apr/2025 22:04:36] "GET /api/analysis/status/01fd9492-63e5-401a-993e-36fc4d6578f8 HTTP/1.1" 200 -
2025-04-21 22:04:36,887 - werkzeug - INFO - 127.0.0.1 - - [21/Apr/2025 22:04:36] "GET /api/analysis/status/01fd9492-63e5-401a-993e-36fc4d6578f8 HTTP/1.1" 200 -
2025-04-21 22:04:38,891 - werkzeug - INFO - 127.0.0.1 - - [21/Apr/2025 22:04:38] "GET /api/analysis/status/01fd9492-63e5-401a-993e-36fc4d6578f8 HTTP/1.1" 200 -
2025-04-21 22:04:38,893 - werkzeug - INFO - 127.0.0.1 - - [21/Apr/2025 22:04:38] "GET /api/analysis/status/01fd9492-63e5-401a-993e-36fc4d6578f8 HTTP/1.1" 200 -
2025-04-21 22:04:40,896 - werkzeug - INFO - 127.0.0.1 - - [21/Apr/2025 22:04:40] "GET /api/analysis/status/01fd9492-63e5-401a-993e-36fc4d6578f8 HTTP/1.1" 200 -
2025-04-21 22:04:40,899 - werkzeug - INFO - 127.0.0.1 - - [21/Apr/2025 22:04:40] "GET /api/analysis/status/01fd9492-63e5-401a-993e-36fc4d6578f8 HTTP/1.1" 200 -
2025-04-21 22:04:42,902 - werkzeug - INFO - 127.0.0.1 - - [21/Apr/2025 22:04:42] "GET /api/analysis/status/01fd9492-63e5-401a-993e-36fc4d6578f8 HTTP/1.1" 200 -
2025-04-21 22:04:42,904 - werkzeug - INFO - 127.0.0.1 - - [21/Apr/2025 22:04:42] "GET /api/analysis/status/01fd9492-63e5-401a-993e-36fc4d6578f8 HTTP/1.1" 200 -
2025-04-21 22:04:44,907 - werkzeug - INFO - 127.0.0.1 - - [21/Apr/2025 22:04:44] "GET /api/analysis/status/01fd9492-63e5-401a-993e-36fc4d6578f8 HTTP/1.1" 200 -
2025-04-21 22:04:44,909 - werkzeug - INFO - 127.0.0.1 - - [21/Apr/2025 22:04:44] "GET /api/analysis/status/01fd9492-63e5-401a-993e-36fc4d6578f8 HTTP/1.1" 200 -
2025-04-21 22:04:46,913 - werkzeug - INFO - 127.0.0.1 - - [21/Apr/2025 22:04:46] "GET /api/analysis/status/01fd9492-63e5-401a-993e-36fc4d6578f8 HTTP/1.1" 200 -
2025-04-21 22:04:46,916 - werkzeug - INFO - 127.0.0.1 - - [21/Apr/2025 22:04:46] "GET /api/analysis/status/01fd9492-63e5-401a-993e-36fc4d6578f8 HTTP/1.1" 200 -
2025-04-21 22:04:48,918 - werkzeug - INFO - 127.0.0.1 - - [21/Apr/2025 22:04:48] "GET /api/analysis/status/01fd9492-63e5-401a-993e-36fc4d6578f8 HTTP/1.1" 200 -
2025-04-21 22:04:48,921 - werkzeug - INFO - 127.0.0.1 - - [21/Apr/2025 22:04:48] "GET /api/analysis/status/01fd9492-63e5-401a-993e-36fc4d6578f8 HTTP/1.1" 200 -
2025-04-21 22:04:50,924 - werkzeug - INFO - 127.0.0.1 - - [21/Apr/2025 22:04:50] "GET /api/analysis/status/01fd9492-63e5-401a-993e-36fc4d6578f8 HTTP/1.1" 200 -
2025-04-21 22:04:50,926 - werkzeug - INFO - 127.0.0.1 - - [21/Apr/2025 22:04:50] "GET /api/analysis/status/01fd9492-63e5-401a-993e-36fc4d6578f8 HTTP/1.1" 200 -
2025-04-21 22:04:52,929 - werkzeug - INFO - 127.0.0.1 - - [21/Apr/2025 22:04:52] "GET /api/analysis/status/01fd9492-63e5-401a-993e-36fc4d6578f8 HTTP/1.1" 200 -
2025-04-21 22:04:52,932 - werkzeug - INFO - 127.0.0.1 - - [21/Apr/2025 22:04:52] "GET /api/analysis/status/01fd9492-63e5-401a-993e-36fc4d6578f8 HTTP/1.1" 200 -
2025-04-21 22:04:54,934 - werkzeug - INFO - 127.0.0.1 - - [21/Apr/2025 22:04:54] "GET /api/analysis/status/01fd9492-63e5-401a-993e-36fc4d6578f8 HTTP/1.1" 200 -
2025-04-21 22:04:54,937 - werkzeug - INFO - 127.0.0.1 - - [21/Apr/2025 22:04:54] "GET /api/analysis/status/01fd9492-63e5-401a-993e-36fc4d6578f8 HTTP/1.1" 200 -
2025-04-21 22:04:56,940 - werkzeug - INFO - 127.0.0.1 - - [21/Apr/2025 22:04:56] "GET /api/analysis/status/01fd9492-63e5-401a-993e-36fc4d6578f8 HTTP/1.1" 200 -
2025-04-21 22:04:56,942 - werkzeug - INFO - 127.0.0.1 - - [21/Apr/2025 22:04:56] "GET /api/analysis/status/01fd9492-63e5-401a-993e-36fc4d6578f8 HTTP/1.1" 200 -
2025-04-21 22:04:58,945 - werkzeug - INFO - 127.0.0.1 - - [21/Apr/2025 22:04:58] "GET /api/analysis/status/01fd9492-63e5-401a-993e-36fc4d6578f8 HTTP/1.1" 200 -
2025-04-21 22:04:58,947 - werkzeug - INFO - 127.0.0.1 - - [21/Apr/2025 22:04:58] "GET /api/analysis/status/01fd9492-63e5-401a-993e-36fc4d6578f8 HTTP/1.1" 200 -
2025-04-21 22:05:00,950 - werkzeug - INFO - 127.0.0.1 - - [21/Apr/2025 22:05:00] "GET /api/analysis/status/01fd9492-63e5-401a-993e-36fc4d6578f8 HTTP/1.1" 200 -
2025-04-21 22:05:00,964 - werkzeug - INFO - 127.0.0.1 - - [21/Apr/2025 22:05:00] "GET /api/analysis/status/01fd9492-63e5-401a-993e-36fc4d6578f8 HTTP/1.1" 200 -
2025-04-21 22:05:02,967 - werkzeug - INFO - 127.0.0.1 - - [21/Apr/2025 22:05:02] "GET /api/analysis/status/01fd9492-63e5-401a-993e-36fc4d6578f8 HTTP/1.1" 200 -
2025-04-21 22:05:02,970 - werkzeug - INFO - 127.0.0.1 - - [21/Apr/2025 22:05:02] "GET /api/analysis/status/01fd9492-63e5-401a-993e-36fc4d6578f8 HTTP/1.1" 200 -
2025-04-21 22:05:04,973 - werkzeug - INFO - 127.0.0.1 - - [21/Apr/2025 22:05:04] "GET /api/analysis/status/01fd9492-63e5-401a-993e-36fc4d6578f8 HTTP/1.1" 200 -
2025-04-21 22:05:04,975 - werkzeug - INFO - 127.0.0.1 - - [21/Apr/2025 22:05:04] "GET /api/analysis/status/01fd9492-63e5-401a-993e-36fc4d6578f8 HTTP/1.1" 200 -
2025-04-21 22:05:06,978 - werkzeug - INFO - 127.0.0.1 - - [21/Apr/2025 22:05:06] "GET /api/analysis/status/01fd9492-63e5-401a-993e-36fc4d6578f8 HTTP/1.1" 200 -
2025-04-21 22:05:06,981 - werkzeug - INFO - 127.0.0.1 - - [21/Apr/2025 22:05:06] "GET /api/analysis/status/01fd9492-63e5-401a-993e-36fc4d6578f8 HTTP/1.1" 200 -
2025-04-21 22:05:08,984 - werkzeug - INFO - 127.0.0.1 - - [21/Apr/2025 22:05:08] "GET /api/analysis/status/01fd9492-63e5-401a-993e-36fc4d6578f8 HTTP/1.1" 200 -
2025-04-21 22:05:08,987 - werkzeug - INFO - 127.0.0.1 - - [21/Apr/2025 22:05:08] "GET /api/analysis/status/01fd9492-63e5-401a-993e-36fc4d6578f8 HTTP/1.1" 200 -
2025-04-21 22:05:10,991 - werkzeug - INFO - 127.0.0.1 - - [21/Apr/2025 22:05:10] "GET /api/analysis/status/01fd9492-63e5-401a-993e-36fc4d6578f8 HTTP/1.1" 200 -
2025-04-21 22:05:10,994 - werkzeug - INFO - 127.0.0.1 - - [21/Apr/2025 22:05:10] "GET /api/analysis/status/01fd9492-63e5-401a-993e-36fc4d6578f8 HTTP/1.1" 200 -
2025-04-21 22:05:12,997 - werkzeug - INFO - 127.0.0.1 - - [21/Apr/2025 22:05:12] "GET /api/analysis/status/01fd9492-63e5-401a-993e-36fc4d6578f8 HTTP/1.1" 200 -
2025-04-21 22:05:12,999 - werkzeug - INFO - 127.0.0.1 - - [21/Apr/2025 22:05:12] "GET /api/analysis/status/01fd9492-63e5-401a-993e-36fc4d6578f8 HTTP/1.1" 200 -
2025-04-21 22:05:15,003 - werkzeug - INFO - 127.0.0.1 - - [21/Apr/2025 22:05:15] "GET /api/analysis/status/01fd9492-63e5-401a-993e-36fc4d6578f8 HTTP/1.1" 200 -
2025-04-21 22:05:15,005 - werkzeug - INFO - 127.0.0.1 - - [21/Apr/2025 22:05:15] "GET /api/analysis/status/01fd9492-63e5-401a-993e-36fc4d6578f8 HTTP/1.1" 200 -
2025-04-21 22:05:17,008 - werkzeug - INFO - 127.0.0.1 - - [21/Apr/2025 22:05:17] "GET /api/analysis/status/01fd9492-63e5-401a-993e-36fc4d6578f8 HTTP/1.1" 200 -
2025-04-21 22:05:17,011 - werkzeug - INFO - 127.0.0.1 - - [21/Apr/2025 22:05:17] "GET /api/analysis/status/01fd9492-63e5-401a-993e-36fc4d6578f8 HTTP/1.1" 200 -
2025-04-21 22:05:19,014 - werkzeug - INFO - 127.0.0.1 - - [21/Apr/2025 22:05:19] "GET /api/analysis/status/01fd9492-63e5-401a-993e-36fc4d6578f8 HTTP/1.1" 200 -
2025-04-21 22:05:19,017 - werkzeug - INFO - 127.0.0.1 - - [21/Apr/2025 22:05:19] "GET /api/analysis/status/01fd9492-63e5-401a-993e-36fc4d6578f8 HTTP/1.1" 200 -
2025-04-21 22:05:21,020 - werkzeug - INFO - 127.0.0.1 - - [21/Apr/2025 22:05:21] "GET /api/analysis/status/01fd9492-63e5-401a-993e-36fc4d6578f8 HTTP/1.1" 200 -
2025-04-21 22:05:21,022 - werkzeug - INFO - 127.0.0.1 - - [21/Apr/2025 22:05:21] "GET /api/analysis/status/01fd9492-63e5-401a-993e-36fc4d6578f8 HTTP/1.1" 200 -
2025-04-21 22:05:23,025 - werkzeug - INFO - 127.0.0.1 - - [21/Apr/2025 22:05:23] "GET /api/analysis/status/01fd9492-63e5-401a-993e-36fc4d6578f8 HTTP/1.1" 200 -
2025-04-21 22:05:23,027 - werkzeug - INFO - 127.0.0.1 - - [21/Apr/2025 22:05:23] "GET /api/analysis/status/01fd9492-63e5-401a-993e-36fc4d6578f8 HTTP/1.1" 200 -
2025-04-21 22:05:25,031 - werkzeug - INFO - 127.0.0.1 - - [21/Apr/2025 22:05:25] "GET /api/analysis/status/01fd9492-63e5-401a-993e-36fc4d6578f8 HTTP/1.1" 200 -
2025-04-21 22:05:25,034 - werkzeug - INFO - 127.0.0.1 - - [21/Apr/2025 22:05:25] "GET /api/analysis/status/01fd9492-63e5-401a-993e-36fc4d6578f8 HTTP/1.1" 200 -
2025-04-21 22:05:27,037 - werkzeug - INFO - 127.0.0.1 - - [21/Apr/2025 22:05:27] "GET /api/analysis/status/01fd9492-63e5-401a-993e-36fc4d6578f8 HTTP/1.1" 200 -
2025-04-21 22:05:27,040 - werkzeug - INFO - 127.0.0.1 - - [21/Apr/2025 22:05:27] "GET /api/analysis/status/01fd9492-63e5-401a-993e-36fc4d6578f8 HTTP/1.1" 200 -
2025-04-21 22:05:29,043 - werkzeug - INFO - 127.0.0.1 - - [21/Apr/2025 22:05:29] "GET /api/analysis/status/01fd9492-63e5-401a-993e-36fc4d6578f8 HTTP/1.1" 200 -
2025-04-21 22:05:29,047 - werkzeug - INFO - 127.0.0.1 - - [21/Apr/2025 22:05:29] "GET /api/analysis/status/01fd9492-63e5-401a-993e-36fc4d6578f8 HTTP/1.1" 200 -
2025-04-21 22:05:31,051 - werkzeug - INFO - 127.0.0.1 - - [21/Apr/2025 22:05:31] "GET /api/analysis/status/01fd9492-63e5-401a-993e-36fc4d6578f8 HTTP/1.1" 200 -
2025-04-21 22:05:31,054 - werkzeug - INFO - 127.0.0.1 - - [21/Apr/2025 22:05:31] "GET /api/analysis/status/01fd9492-63e5-401a-993e-36fc4d6578f8 HTTP/1.1" 200 -
2025-04-21 22:05:33,056 - werkzeug - INFO - 127.0.0.1 - - [21/Apr/2025 22:05:33] "GET /api/analysis/status/01fd9492-63e5-401a-993e-36fc4d6578f8 HTTP/1.1" 200 -
2025-04-21 22:05:33,059 - werkzeug - INFO - 127.0.0.1 - - [21/Apr/2025 22:05:33] "GET /api/analysis/status/01fd9492-63e5-401a-993e-36fc4d6578f8 HTTP/1.1" 200 -
2025-04-21 22:05:33,134 - app.routes - DEBUG - 访问任务进度页面: 01fd9492-63e5-401a-993e-36fc4d6578f8
2025-04-21 22:05:33,135 - werkzeug - INFO - 127.0.0.1 - - [21/Apr/2025 22:05:33] "GET /analysis/progress/01fd9492-63e5-401a-993e-36fc4d6578f8 HTTP/1.1" 200 -
2025-04-21 22:05:33,149 - werkzeug - INFO - 127.0.0.1 - - [21/Apr/2025 22:05:33] "GET /api/analysis/status/01fd9492-63e5-401a-993e-36fc4d6578f8 HTTP/1.1" 200 -
2025-04-21 22:05:33,164 - werkzeug - INFO - 127.0.0.1 - - [21/Apr/2025 22:05:33] "GET /api/analysis/status/01fd9492-63e5-401a-993e-36fc4d6578f8 HTTP/1.1" 200 -
2025-04-21 22:05:35,168 - werkzeug - INFO - 127.0.0.1 - - [21/Apr/2025 22:05:35] "GET /api/analysis/status/01fd9492-63e5-401a-993e-36fc4d6578f8 HTTP/1.1" 200 -
2025-04-21 22:05:35,171 - werkzeug - INFO - 127.0.0.1 - - [21/Apr/2025 22:05:35] "GET /api/analysis/status/01fd9492-63e5-401a-993e-36fc4d6578f8 HTTP/1.1" 200 -
2025-04-21 22:05:37,174 - werkzeug - INFO - 127.0.0.1 - - [21/Apr/2025 22:05:37] "GET /api/analysis/status/01fd9492-63e5-401a-993e-36fc4d6578f8 HTTP/1.1" 200 -
2025-04-21 22:05:37,177 - werkzeug - INFO - 127.0.0.1 - - [21/Apr/2025 22:05:37] "GET /api/analysis/status/01fd9492-63e5-401a-993e-36fc4d6578f8 HTTP/1.1" 200 -
2025-04-21 22:05:39,180 - werkzeug - INFO - 127.0.0.1 - - [21/Apr/2025 22:05:39] "GET /api/analysis/status/01fd9492-63e5-401a-993e-36fc4d6578f8 HTTP/1.1" 200 -
2025-04-21 22:05:39,183 - werkzeug - INFO - 127.0.0.1 - - [21/Apr/2025 22:05:39] "GET /api/analysis/status/01fd9492-63e5-401a-993e-36fc4d6578f8 HTTP/1.1" 200 -
2025-04-21 22:05:41,186 - werkzeug - INFO - 127.0.0.1 - - [21/Apr/2025 22:05:41] "GET /api/analysis/status/01fd9492-63e5-401a-993e-36fc4d6578f8 HTTP/1.1" 200 -
2025-04-21 22:05:41,188 - werkzeug - INFO - 127.0.0.1 - - [21/Apr/2025 22:05:41] "GET /api/analysis/status/01fd9492-63e5-401a-993e-36fc4d6578f8 HTTP/1.1" 200 -
2025-04-21 22:05:43,191 - werkzeug - INFO - 127.0.0.1 - - [21/Apr/2025 22:05:43] "GET /api/analysis/status/01fd9492-63e5-401a-993e-36fc4d6578f8 HTTP/1.1" 200 -
2025-04-21 22:05:43,194 - werkzeug - INFO - 127.0.0.1 - - [21/Apr/2025 22:05:43] "GET /api/analysis/status/01fd9492-63e5-401a-993e-36fc4d6578f8 HTTP/1.1" 200 -
2025-04-21 22:05:45,198 - werkzeug - INFO - 127.0.0.1 - - [21/Apr/2025 22:05:45] "GET /api/analysis/status/01fd9492-63e5-401a-993e-36fc4d6578f8 HTTP/1.1" 200 -
2025-04-21 22:05:45,201 - werkzeug - INFO - 127.0.0.1 - - [21/Apr/2025 22:05:45] "GET /api/analysis/status/01fd9492-63e5-401a-993e-36fc4d6578f8 HTTP/1.1" 200 -
2025-04-21 22:05:47,204 - werkzeug - INFO - 127.0.0.1 - - [21/Apr/2025 22:05:47] "GET /api/analysis/status/01fd9492-63e5-401a-993e-36fc4d6578f8 HTTP/1.1" 200 -
2025-04-21 22:05:47,206 - werkzeug - INFO - 127.0.0.1 - - [21/Apr/2025 22:05:47] "GET /api/analysis/status/01fd9492-63e5-401a-993e-36fc4d6578f8 HTTP/1.1" 200 -
2025-04-21 22:05:49,209 - werkzeug - INFO - 127.0.0.1 - - [21/Apr/2025 22:05:49] "GET /api/analysis/status/01fd9492-63e5-401a-993e-36fc4d6578f8 HTTP/1.1" 200 -
2025-04-21 22:05:49,211 - werkzeug - INFO - 127.0.0.1 - - [21/Apr/2025 22:05:49] "GET /api/analysis/status/01fd9492-63e5-401a-993e-36fc4d6578f8 HTTP/1.1" 200 -
2025-04-21 22:05:51,214 - werkzeug - INFO - 127.0.0.1 - - [21/Apr/2025 22:05:51] "GET /api/analysis/status/01fd9492-63e5-401a-993e-36fc4d6578f8 HTTP/1.1" 200 -
2025-04-21 22:05:51,217 - werkzeug - INFO - 127.0.0.1 - - [21/Apr/2025 22:05:51] "GET /api/analysis/status/01fd9492-63e5-401a-993e-36fc4d6578f8 HTTP/1.1" 200 -
2025-04-21 22:05:53,220 - werkzeug - INFO - 127.0.0.1 - - [21/Apr/2025 22:05:53] "GET /api/analysis/status/01fd9492-63e5-401a-993e-36fc4d6578f8 HTTP/1.1" 200 -
2025-04-21 22:05:53,223 - werkzeug - INFO - 127.0.0.1 - - [21/Apr/2025 22:05:53] "GET /api/analysis/status/01fd9492-63e5-401a-993e-36fc4d6578f8 HTTP/1.1" 200 -
2025-04-21 22:05:55,225 - werkzeug - INFO - 127.0.0.1 - - [21/Apr/2025 22:05:55] "GET /api/analysis/status/01fd9492-63e5-401a-993e-36fc4d6578f8 HTTP/1.1" 200 -
2025-04-21 22:05:55,228 - werkzeug - INFO - 127.0.0.1 - - [21/Apr/2025 22:05:55] "GET /api/analysis/status/01fd9492-63e5-401a-993e-36fc4d6578f8 HTTP/1.1" 200 -
2025-04-21 22:05:57,231 - werkzeug - INFO - 127.0.0.1 - - [21/Apr/2025 22:05:57] "GET /api/analysis/status/01fd9492-63e5-401a-993e-36fc4d6578f8 HTTP/1.1" 200 -
2025-04-21 22:05:57,233 - werkzeug - INFO - 127.0.0.1 - - [21/Apr/2025 22:05:57] "GET /api/analysis/status/01fd9492-63e5-401a-993e-36fc4d6578f8 HTTP/1.1" 200 -
2025-04-21 22:05:59,236 - werkzeug - INFO - 127.0.0.1 - - [21/Apr/2025 22:05:59] "GET /api/analysis/status/01fd9492-63e5-401a-993e-36fc4d6578f8 HTTP/1.1" 200 -
2025-04-21 22:05:59,238 - werkzeug - INFO - 127.0.0.1 - - [21/Apr/2025 22:05:59] "GET /api/analysis/status/01fd9492-63e5-401a-993e-36fc4d6578f8 HTTP/1.1" 200 -
2025-04-21 22:06:01,242 - werkzeug - INFO - 127.0.0.1 - - [21/Apr/2025 22:06:01] "GET /api/analysis/status/01fd9492-63e5-401a-993e-36fc4d6578f8 HTTP/1.1" 200 -
2025-04-21 22:06:01,246 - werkzeug - INFO - 127.0.0.1 - - [21/Apr/2025 22:06:01] "GET /api/analysis/status/01fd9492-63e5-401a-993e-36fc4d6578f8 HTTP/1.1" 200 -
2025-04-21 22:06:03,250 - werkzeug - INFO - 127.0.0.1 - - [21/Apr/2025 22:06:03] "GET /api/analysis/status/01fd9492-63e5-401a-993e-36fc4d6578f8 HTTP/1.1" 200 -
2025-04-21 22:06:03,252 - werkzeug - INFO - 127.0.0.1 - - [21/Apr/2025 22:06:03] "GET /api/analysis/status/01fd9492-63e5-401a-993e-36fc4d6578f8 HTTP/1.1" 200 -
2025-04-21 22:06:05,255 - werkzeug - INFO - 127.0.0.1 - - [21/Apr/2025 22:06:05] "GET /api/analysis/status/01fd9492-63e5-401a-993e-36fc4d6578f8 HTTP/1.1" 200 -
2025-04-21 22:06:05,257 - werkzeug - INFO - 127.0.0.1 - - [21/Apr/2025 22:06:05] "GET /api/analysis/status/01fd9492-63e5-401a-993e-36fc4d6578f8 HTTP/1.1" 200 -
2025-04-21 22:06:07,260 - werkzeug - INFO - 127.0.0.1 - - [21/Apr/2025 22:06:07] "GET /api/analysis/status/01fd9492-63e5-401a-993e-36fc4d6578f8 HTTP/1.1" 200 -
2025-04-21 22:06:07,263 - werkzeug - INFO - 127.0.0.1 - - [21/Apr/2025 22:06:07] "GET /api/analysis/status/01fd9492-63e5-401a-993e-36fc4d6578f8 HTTP/1.1" 200 -
2025-04-21 22:06:09,266 - werkzeug - INFO - 127.0.0.1 - - [21/Apr/2025 22:06:09] "GET /api/analysis/status/01fd9492-63e5-401a-993e-36fc4d6578f8 HTTP/1.1" 200 -
2025-04-21 22:06:09,269 - werkzeug - INFO - 127.0.0.1 - - [21/Apr/2025 22:06:09] "GET /api/analysis/status/01fd9492-63e5-401a-993e-36fc4d6578f8 HTTP/1.1" 200 -
2025-04-21 22:06:11,272 - werkzeug - INFO - 127.0.0.1 - - [21/Apr/2025 22:06:11] "GET /api/analysis/status/01fd9492-63e5-401a-993e-36fc4d6578f8 HTTP/1.1" 200 -
2025-04-21 22:06:11,274 - werkzeug - INFO - 127.0.0.1 - - [21/Apr/2025 22:06:11] "GET /api/analysis/status/01fd9492-63e5-401a-993e-36fc4d6578f8 HTTP/1.1" 200 -
2025-04-21 22:06:13,277 - werkzeug - INFO - 127.0.0.1 - - [21/Apr/2025 22:06:13] "GET /api/analysis/status/01fd9492-63e5-401a-993e-36fc4d6578f8 HTTP/1.1" 200 -
2025-04-21 22:06:13,279 - werkzeug - INFO - 127.0.0.1 - - [21/Apr/2025 22:06:13] "GET /api/analysis/status/01fd9492-63e5-401a-993e-36fc4d6578f8 HTTP/1.1" 200 -
2025-04-21 22:06:15,282 - werkzeug - INFO - 127.0.0.1 - - [21/Apr/2025 22:06:15] "GET /api/analysis/status/01fd9492-63e5-401a-993e-36fc4d6578f8 HTTP/1.1" 200 -
2025-04-21 22:06:15,285 - werkzeug - INFO - 127.0.0.1 - - [21/Apr/2025 22:06:15] "GET /api/analysis/status/01fd9492-63e5-401a-993e-36fc4d6578f8 HTTP/1.1" 200 -
2025-04-21 22:06:17,287 - werkzeug - INFO - 127.0.0.1 - - [21/Apr/2025 22:06:17] "GET /api/analysis/status/01fd9492-63e5-401a-993e-36fc4d6578f8 HTTP/1.1" 200 -
2025-04-21 22:06:17,289 - werkzeug - INFO - 127.0.0.1 - - [21/Apr/2025 22:06:17] "GET /api/analysis/status/01fd9492-63e5-401a-993e-36fc4d6578f8 HTTP/1.1" 200 -
2025-04-21 22:06:19,292 - werkzeug - INFO - 127.0.0.1 - - [21/Apr/2025 22:06:19] "GET /api/analysis/status/01fd9492-63e5-401a-993e-36fc4d6578f8 HTTP/1.1" 200 -
2025-04-21 22:06:19,295 - werkzeug - INFO - 127.0.0.1 - - [21/Apr/2025 22:06:19] "GET /api/analysis/status/01fd9492-63e5-401a-993e-36fc4d6578f8 HTTP/1.1" 200 -
2025-04-21 22:06:21,298 - werkzeug - INFO - 127.0.0.1 - - [21/Apr/2025 22:06:21] "GET /api/analysis/status/01fd9492-63e5-401a-993e-36fc4d6578f8 HTTP/1.1" 200 -
2025-04-21 22:06:21,300 - werkzeug - INFO - 127.0.0.1 - - [21/Apr/2025 22:06:21] "GET /api/analysis/status/01fd9492-63e5-401a-993e-36fc4d6578f8 HTTP/1.1" 200 -
2025-04-21 22:06:23,303 - werkzeug - INFO - 127.0.0.1 - - [21/Apr/2025 22:06:23] "GET /api/analysis/status/01fd9492-63e5-401a-993e-36fc4d6578f8 HTTP/1.1" 200 -
2025-04-21 22:06:23,305 - werkzeug - INFO - 127.0.0.1 - - [21/Apr/2025 22:06:23] "GET /api/analysis/status/01fd9492-63e5-401a-993e-36fc4d6578f8 HTTP/1.1" 200 -
2025-04-21 22:06:25,308 - werkzeug - INFO - 127.0.0.1 - - [21/Apr/2025 22:06:25] "GET /api/analysis/status/01fd9492-63e5-401a-993e-36fc4d6578f8 HTTP/1.1" 200 -
2025-04-21 22:06:25,310 - werkzeug - INFO - 127.0.0.1 - - [21/Apr/2025 22:06:25] "GET /api/analysis/status/01fd9492-63e5-401a-993e-36fc4d6578f8 HTTP/1.1" 200 -
2025-04-21 22:06:26,251 - app.utils.git - ERROR - 使用HTTP协议克隆也失败: Command '['git', 'clone', '--depth=1', 'https://github.com/Penniesaba/CAPI2.git', '/home/xiao/project/codeinsight/cache/repos/01fd9492-63e5-401a-993e-36fc4d6578f8/CAPI2']' timed out after 300 seconds, 错误输出: b"\xe6\xad\xa3\xe5\x85\x8b\xe9\x9a\x86\xe5\x88\xb0 '/home/xiao/project/codeinsight/cache/repos/01fd9492-63e5-401a-993e-36fc4d6578f8/CAPI2'...\n"
2025-04-21 22:06:26,251 - app.routes - ERROR - 仓库克隆失败: 仓库克隆失败: Command '['git', 'clone', '--depth=1', 'git@github.com:Penniesaba/CAPI2.git', '/home/xiao/project/codeinsight/cache/repos/01fd9492-63e5-401a-993e-36fc4d6578f8/CAPI2']' returned non-zero exit status 128., 错误输出: 正克隆到 '/home/xiao/project/codeinsight/cache/repos/01fd9492-63e5-401a-993e-36fc4d6578f8/CAPI2'...
Warning: Permanently added 'github.com' (ED25519) to the list of known hosts.
git@github.com: Permission denied (publickey).
fatal: 无法读取远程仓库。

请确认您有正确的访问权限并且仓库存在。
Traceback (most recent call last):
  File "/home/xiao/project/codeinsight/app/utils/git.py", line 64, in clone_repository
    process = subprocess.run(
  File "/usr/lib/python3.10/subprocess.py", line 526, in run
    raise CalledProcessError(retcode, process.args,
subprocess.CalledProcessError: Command '['git', 'clone', '--depth=1', 'git@github.com:Penniesaba/CAPI2.git', '/home/xiao/project/codeinsight/cache/repos/01fd9492-63e5-401a-993e-36fc4d6578f8/CAPI2']' returned non-zero exit status 128.

During handling of the above exception, another exception occurred:

Traceback (most recent call last):
  File "/home/xiao/project/codeinsight/app/routes.py", line 107, in clone_repo_background
    repo_path = clone_repository(repo_url, task_dir, protocol=clone_protocol)
  File "/home/xiao/project/codeinsight/app/utils/git.py", line 154, in clone_repository
    raise RuntimeError(error_msg)
RuntimeError: 仓库克隆失败: Command '['git', 'clone', '--depth=1', 'git@github.com:Penniesaba/CAPI2.git', '/home/xiao/project/codeinsight/cache/repos/01fd9492-63e5-401a-993e-36fc4d6578f8/CAPI2']' returned non-zero exit status 128., 错误输出: 正克隆到 '/home/xiao/project/codeinsight/cache/repos/01fd9492-63e5-401a-993e-36fc4d6578f8/CAPI2'...
Warning: Permanently added 'github.com' (ED25519) to the list of known hosts.
git@github.com: Permission denied (publickey).
fatal: 无法读取远程仓库。

请确认您有正确的访问权限并且仓库存在。

2025-04-21 22:06:27,313 - werkzeug - INFO - 127.0.0.1 - - [21/Apr/2025 22:06:27] "GET /api/analysis/status/01fd9492-63e5-401a-993e-36fc4d6578f8 HTTP/1.1" 200 -
2025-04-21 22:06:27,316 - werkzeug - INFO - 127.0.0.1 - - [21/Apr/2025 22:06:27] "GET /api/analysis/status/01fd9492-63e5-401a-993e-36fc4d6578f8 HTTP/1.1" 200 -
2025-04-21 22:07:10,950 - app.routes - DEBUG - 访问首页
2025-04-21 22:07:10,952 - werkzeug - INFO - 127.0.0.1 - - [21/Apr/2025 22:07:10] "GET / HTTP/1.1" 200 -
2025-04-21 22:07:15,591 - app.routes - INFO - 收到分析请求: git@github.com:Penniesaba/CAPI2, 语言: auto, 协议: ssh
2025-04-21 22:07:15,592 - werkzeug - INFO - 127.0.0.1 - - [21/Apr/2025 22:07:15] "[32mPOST /analyze HTTP/1.1[0m" 302 -
2025-04-21 22:07:15,592 - app.routes - INFO - 正在克隆仓库: git@github.com:Penniesaba/CAPI2
2025-04-21 22:07:15,592 - app.utils.git - INFO - 克隆仓库: git@github.com:Penniesaba/CAPI2 到 /home/xiao/project/codeinsight/cache/repos/3d90cff5-bc3d-4fee-806e-ccc19b39ea00, 协议: ssh
2025-04-21 22:07:15,592 - app.utils.git - DEBUG - 标准化仓库URL: git@github.com:Penniesaba/CAPI2, 协议: ssh
2025-04-21 22:07:15,592 - app.utils.git - DEBUG - URL标准化结果: git@github.com:Penniesaba/CAPI2 -> git@github.com:Penniesaba/CAPI2.git
2025-04-21 22:07:15,593 - app.utils.git - DEBUG - 处理后的URL: git@github.com:Penniesaba/CAPI2.git
2025-04-21 22:07:15,593 - app.utils.git - DEBUG - 执行命令: git clone --depth=1 git@github.com:Penniesaba/CAPI2.git /home/xiao/project/codeinsight/cache/repos/3d90cff5-bc3d-4fee-806e-ccc19b39ea00/CAPI2
2025-04-21 22:07:15,598 - app.routes - DEBUG - 访问任务进度页面: 3d90cff5-bc3d-4fee-806e-ccc19b39ea00
2025-04-21 22:07:15,599 - werkzeug - INFO - 127.0.0.1 - - [21/Apr/2025 22:07:15] "GET /analysis/progress/3d90cff5-bc3d-4fee-806e-ccc19b39ea00 HTTP/1.1" 200 -
2025-04-21 22:07:15,612 - werkzeug - INFO - 127.0.0.1 - - [21/Apr/2025 22:07:15] "GET /api/analysis/status/3d90cff5-bc3d-4fee-806e-ccc19b39ea00 HTTP/1.1" 200 -
2025-04-21 22:07:15,619 - werkzeug - INFO - 127.0.0.1 - - [21/Apr/2025 22:07:15] "GET /api/analysis/status/3d90cff5-bc3d-4fee-806e-ccc19b39ea00 HTTP/1.1" 200 -
2025-04-21 22:07:17,533 - app.utils.git - ERROR - 仓库克隆失败: Command '['git', 'clone', '--depth=1', 'git@github.com:Penniesaba/CAPI2.git', '/home/xiao/project/codeinsight/cache/repos/3d90cff5-bc3d-4fee-806e-ccc19b39ea00/CAPI2']' returned non-zero exit status 128., 错误输出: 正克隆到 '/home/xiao/project/codeinsight/cache/repos/3d90cff5-bc3d-4fee-806e-ccc19b39ea00/CAPI2'...
Warning: Permanently added 'github.com' (ED25519) to the list of known hosts.
git@github.com: Permission denied (publickey).
fatal: 无法读取远程仓库。

请确认您有正确的访问权限并且仓库存在。

2025-04-21 22:07:17,533 - app.utils.git - WARNING - SSH克隆失败，记录相关信息
2025-04-21 22:07:17,533 - app.utils.git - DEBUG - SSH环境变量: {"SSH_AUTH_SOCK": "\u672a\u8bbe\u7f6e", "USER": "root", "HOME": "/root"}
2025-04-21 22:07:17,624 - werkzeug - INFO - 127.0.0.1 - - [21/Apr/2025 22:07:17] "GET /api/analysis/status/3d90cff5-bc3d-4fee-806e-ccc19b39ea00 HTTP/1.1" 200 -
2025-04-21 22:07:17,626 - werkzeug - INFO - 127.0.0.1 - - [21/Apr/2025 22:07:17] "GET /api/analysis/status/3d90cff5-bc3d-4fee-806e-ccc19b39ea00 HTTP/1.1" 200 -
2025-04-21 22:07:19,234 - app.utils.git - DEBUG - SSH测试输出: OpenSSH_8.9p1 Ubuntu-3ubuntu0.11, OpenSSL 3.0.2 15 Mar 2022
debug1: Reading configuration data /etc/ssh/ssh_config
debug1: /etc/ssh/ssh_config line 19: include /etc/ssh/ssh_config.d/*.conf matched no files
debug1: /etc/ssh/ssh_config line 21: Applying options for *
debug1: Connecting to github.com [20.205.243.166] port 22.
debug1: Connection established.
debug1: identity file /root/.ssh/id_rsa type -1
debug1: identity file /root/.ssh/id_rsa-cert type -1
debug1: identity file /root/.ssh/id_ecdsa type -1
debug1: identity file /root/.ssh/id_ecdsa-cert type -1
debug1: identity file /root/.ssh/id_ecdsa_sk type -1
debug1: identity file /root/.ssh/id_ecdsa_sk-cert type -1
debug1: identity file /root/.ssh/id_ed25519 type -1
debug1: identity file /root/.ssh/id_ed25519-cert type -1
debug1: identity file /root/.ssh/id_ed25519_sk type -1
debug1: identity file /root/.ssh/id_ed25519_sk-cert type -1
debug1: identity file /root/.ssh/id_xmss type -1
debug1: identity file /root/.ssh/id_xmss-cert type -1
debug1: identity file /root/.ssh/id_dsa type -1
debug1: identity file /root/.ssh/id_dsa-cert type -1
debug1: Local version string SSH-2.0-OpenSSH_8.9p1 Ubuntu-3ubuntu0.11
debug1: Remote protocol version 2.0, remote software version 93587f60
debug1: compat_banner: no match: 93587f60
debug1: Authenticating to github.com:22 as 'git'
debug1: load_hostkeys: fopen /etc/ssh/ssh_known_hosts: No such file or directory
debug1: load_hostkeys: fopen /etc/ssh/ssh_known_hosts2: No such file or directory
debug1: SSH2_MSG_KEXINIT sent
debug1: SSH2_MSG_KEXINIT received
debug1: kex: algorithm: curve25519-sha256
debug1: kex: host key algorithm: ssh-ed25519
debug1: kex: server->client cipher: chacha20-poly1305@openssh.com MAC: <implicit> compression: none
debug1: kex: client->server cipher: chacha20-poly1305@openssh.com MAC: <implicit> compression: none
debug1: expecting SSH2_MSG_KEX_ECDH_REPLY
debug1: SSH2_MSG_KEX_ECDH_REPLY received
debug1: Server host key: ssh-ed25519 SHA256:+DiY3wvvV6TuJJhbpZisF/zLDA0zPMSvHdkr4UvCOqU
debug1: load_hostkeys: fopen /etc/ssh/ssh_known_hosts: No such file or directory
debug1: load_hostkeys: fopen /etc/ssh/ssh_known_hosts2: No such file or directory
Warning: Permanently added 'github.com' (ED25519) to the list of known hosts.
debug1: ssh_packet_send2_wrapped: resetting send seqnr 3
debug1: rekey out after 134217728 blocks
debug1: SSH2_MSG_NEWKEYS sent
debug1: expecting SSH2_MSG_NEWKEYS
debug1: ssh_packet_read_poll2: resetting read seqnr 3
debug1: SSH2_MSG_NEWKEYS received
debug1: rekey in after 134217728 blocks
debug1: Will attempt key: /root/.ssh/id_rsa 
debug1: Will attempt key: /root/.ssh/id_ecdsa 
debug1: Will attempt key: /root/.ssh/id_ecdsa_sk 
debug1: Will attempt key: /root/.ssh/id_ed25519 
debug1: Will attempt key: /root/.ssh/id_ed25519_sk 
debug1: Will attempt key: /root/.ssh/id_xmss 
debug1: Will attempt key: /root/.ssh/id_dsa 
debug1: SSH2_MSG_EXT_INFO received
debug1: kex_input_ext_info: server-sig-algs=<ssh-ed25519-cert-v01@openssh.com,ecdsa-sha2-nistp521-cert-v01@openssh.com,ecdsa-sha2-nistp384-cert-v01@openssh.com,ecdsa-sha2-nistp256-cert-v01@openssh.com,sk-ssh-ed25519-cert-v01@openssh.com,sk-ecdsa-sha2-nistp256-cert-v01@openssh.com,rsa-sha2-512-cert-v01@openssh.com,rsa-sha2-256-cert-v01@openssh.com,ssh-rsa-cert-v01@openssh.com,sk-ssh-ed25519@openssh.com,sk-ecdsa-sha2-nistp256@openssh.com,ssh-ed25519,ecdsa-sha2-nistp521,ecdsa-sha2-nistp384,ecdsa-sha2-nistp256,rsa-sha2-512,rsa-sha2-256,ssh-rsa>
debug1: SSH2_MSG_SERVICE_ACCEPT received
debug1: Authentications that can continue: publickey
debug1: Next authentication method: publickey
debug1: Trying private key: /root/.ssh/id_rsa
debug1: Trying private key: /root/.ssh/id_ecdsa
debug1: Trying private key: /root/.ssh/id_ecdsa_sk
debug1: Trying private key: /root/.ssh/id_ed25519
debug1: Trying private key: /root/.ssh/id_ed25519_sk
debug1: Trying private key: /root/.ssh/id_xmss
debug1: Trying private key: /root/.ssh/id_dsa
debug1: No more authentication methods to try.
git@github.com: Permission denied (publickey).

2025-04-21 22:07:19,234 - app.utils.git - WARNING - 尝试使用HTTP协议克隆
2025-04-21 22:07:19,234 - app.utils.git - DEBUG - 标准化仓库URL: git@github.com:Penniesaba/CAPI2, 协议: http
2025-04-21 22:07:19,234 - app.utils.git - DEBUG - URL标准化结果: git@github.com:Penniesaba/CAPI2 -> https://github.com/Penniesaba/CAPI2.git
2025-04-21 22:07:19,234 - app.utils.git - DEBUG - 尝试使用HTTP协议克隆: https://github.com/Penniesaba/CAPI2.git
2025-04-21 22:07:19,629 - werkzeug - INFO - 127.0.0.1 - - [21/Apr/2025 22:07:19] "GET /api/analysis/status/3d90cff5-bc3d-4fee-806e-ccc19b39ea00 HTTP/1.1" 200 -
2025-04-21 22:07:19,632 - werkzeug - INFO - 127.0.0.1 - - [21/Apr/2025 22:07:19] "GET /api/analysis/status/3d90cff5-bc3d-4fee-806e-ccc19b39ea00 HTTP/1.1" 200 -
2025-04-21 22:07:21,636 - werkzeug - INFO - 127.0.0.1 - - [21/Apr/2025 22:07:21] "GET /api/analysis/status/3d90cff5-bc3d-4fee-806e-ccc19b39ea00 HTTP/1.1" 200 -
2025-04-21 22:07:21,639 - werkzeug - INFO - 127.0.0.1 - - [21/Apr/2025 22:07:21] "GET /api/analysis/status/3d90cff5-bc3d-4fee-806e-ccc19b39ea00 HTTP/1.1" 200 -
2025-04-21 22:07:23,642 - werkzeug - INFO - 127.0.0.1 - - [21/Apr/2025 22:07:23] "GET /api/analysis/status/3d90cff5-bc3d-4fee-806e-ccc19b39ea00 HTTP/1.1" 200 -
2025-04-21 22:07:23,645 - werkzeug - INFO - 127.0.0.1 - - [21/Apr/2025 22:07:23] "GET /api/analysis/status/3d90cff5-bc3d-4fee-806e-ccc19b39ea00 HTTP/1.1" 200 -
2025-04-21 22:07:25,648 - werkzeug - INFO - 127.0.0.1 - - [21/Apr/2025 22:07:25] "GET /api/analysis/status/3d90cff5-bc3d-4fee-806e-ccc19b39ea00 HTTP/1.1" 200 -
2025-04-21 22:07:25,651 - werkzeug - INFO - 127.0.0.1 - - [21/Apr/2025 22:07:25] "GET /api/analysis/status/3d90cff5-bc3d-4fee-806e-ccc19b39ea00 HTTP/1.1" 200 -
2025-04-21 22:07:27,654 - werkzeug - INFO - 127.0.0.1 - - [21/Apr/2025 22:07:27] "GET /api/analysis/status/3d90cff5-bc3d-4fee-806e-ccc19b39ea00 HTTP/1.1" 200 -
2025-04-21 22:07:27,657 - werkzeug - INFO - 127.0.0.1 - - [21/Apr/2025 22:07:27] "GET /api/analysis/status/3d90cff5-bc3d-4fee-806e-ccc19b39ea00 HTTP/1.1" 200 -
2025-04-21 22:07:29,659 - werkzeug - INFO - 127.0.0.1 - - [21/Apr/2025 22:07:29] "GET /api/analysis/status/3d90cff5-bc3d-4fee-806e-ccc19b39ea00 HTTP/1.1" 200 -
2025-04-21 22:07:29,662 - werkzeug - INFO - 127.0.0.1 - - [21/Apr/2025 22:07:29] "GET /api/analysis/status/3d90cff5-bc3d-4fee-806e-ccc19b39ea00 HTTP/1.1" 200 -
2025-04-21 22:07:31,671 - werkzeug - INFO - 127.0.0.1 - - [21/Apr/2025 22:07:31] "GET /api/analysis/status/3d90cff5-bc3d-4fee-806e-ccc19b39ea00 HTTP/1.1" 200 -
2025-04-21 22:07:31,674 - werkzeug - INFO - 127.0.0.1 - - [21/Apr/2025 22:07:31] "GET /api/analysis/status/3d90cff5-bc3d-4fee-806e-ccc19b39ea00 HTTP/1.1" 200 -
2025-04-21 22:07:33,677 - werkzeug - INFO - 127.0.0.1 - - [21/Apr/2025 22:07:33] "GET /api/analysis/status/3d90cff5-bc3d-4fee-806e-ccc19b39ea00 HTTP/1.1" 200 -
2025-04-21 22:07:33,679 - werkzeug - INFO - 127.0.0.1 - - [21/Apr/2025 22:07:33] "GET /api/analysis/status/3d90cff5-bc3d-4fee-806e-ccc19b39ea00 HTTP/1.1" 200 -
2025-04-21 22:07:35,682 - werkzeug - INFO - 127.0.0.1 - - [21/Apr/2025 22:07:35] "GET /api/analysis/status/3d90cff5-bc3d-4fee-806e-ccc19b39ea00 HTTP/1.1" 200 -
2025-04-21 22:07:35,685 - werkzeug - INFO - 127.0.0.1 - - [21/Apr/2025 22:07:35] "GET /api/analysis/status/3d90cff5-bc3d-4fee-806e-ccc19b39ea00 HTTP/1.1" 200 -
2025-04-21 22:07:37,688 - werkzeug - INFO - 127.0.0.1 - - [21/Apr/2025 22:07:37] "GET /api/analysis/status/3d90cff5-bc3d-4fee-806e-ccc19b39ea00 HTTP/1.1" 200 -
2025-04-21 22:07:37,690 - werkzeug - INFO - 127.0.0.1 - - [21/Apr/2025 22:07:37] "GET /api/analysis/status/3d90cff5-bc3d-4fee-806e-ccc19b39ea00 HTTP/1.1" 200 -
2025-04-21 22:07:39,693 - werkzeug - INFO - 127.0.0.1 - - [21/Apr/2025 22:07:39] "GET /api/analysis/status/3d90cff5-bc3d-4fee-806e-ccc19b39ea00 HTTP/1.1" 200 -
2025-04-21 22:07:39,695 - werkzeug - INFO - 127.0.0.1 - - [21/Apr/2025 22:07:39] "GET /api/analysis/status/3d90cff5-bc3d-4fee-806e-ccc19b39ea00 HTTP/1.1" 200 -
2025-04-21 22:07:41,698 - werkzeug - INFO - 127.0.0.1 - - [21/Apr/2025 22:07:41] "GET /api/analysis/status/3d90cff5-bc3d-4fee-806e-ccc19b39ea00 HTTP/1.1" 200 -
2025-04-21 22:07:41,701 - werkzeug - INFO - 127.0.0.1 - - [21/Apr/2025 22:07:41] "GET /api/analysis/status/3d90cff5-bc3d-4fee-806e-ccc19b39ea00 HTTP/1.1" 200 -
2025-04-21 22:07:43,704 - werkzeug - INFO - 127.0.0.1 - - [21/Apr/2025 22:07:43] "GET /api/analysis/status/3d90cff5-bc3d-4fee-806e-ccc19b39ea00 HTTP/1.1" 200 -
2025-04-21 22:07:43,707 - werkzeug - INFO - 127.0.0.1 - - [21/Apr/2025 22:07:43] "GET /api/analysis/status/3d90cff5-bc3d-4fee-806e-ccc19b39ea00 HTTP/1.1" 200 -
2025-04-21 22:07:45,710 - werkzeug - INFO - 127.0.0.1 - - [21/Apr/2025 22:07:45] "GET /api/analysis/status/3d90cff5-bc3d-4fee-806e-ccc19b39ea00 HTTP/1.1" 200 -
2025-04-21 22:07:45,712 - werkzeug - INFO - 127.0.0.1 - - [21/Apr/2025 22:07:45] "GET /api/analysis/status/3d90cff5-bc3d-4fee-806e-ccc19b39ea00 HTTP/1.1" 200 -
2025-04-21 22:07:47,715 - werkzeug - INFO - 127.0.0.1 - - [21/Apr/2025 22:07:47] "GET /api/analysis/status/3d90cff5-bc3d-4fee-806e-ccc19b39ea00 HTTP/1.1" 200 -
2025-04-21 22:07:47,718 - werkzeug - INFO - 127.0.0.1 - - [21/Apr/2025 22:07:47] "GET /api/analysis/status/3d90cff5-bc3d-4fee-806e-ccc19b39ea00 HTTP/1.1" 200 -
2025-04-21 22:07:49,721 - werkzeug - INFO - 127.0.0.1 - - [21/Apr/2025 22:07:49] "GET /api/analysis/status/3d90cff5-bc3d-4fee-806e-ccc19b39ea00 HTTP/1.1" 200 -
2025-04-21 22:07:49,723 - werkzeug - INFO - 127.0.0.1 - - [21/Apr/2025 22:07:49] "GET /api/analysis/status/3d90cff5-bc3d-4fee-806e-ccc19b39ea00 HTTP/1.1" 200 -
2025-04-21 22:07:51,726 - werkzeug - INFO - 127.0.0.1 - - [21/Apr/2025 22:07:51] "GET /api/analysis/status/3d90cff5-bc3d-4fee-806e-ccc19b39ea00 HTTP/1.1" 200 -
2025-04-21 22:07:51,728 - werkzeug - INFO - 127.0.0.1 - - [21/Apr/2025 22:07:51] "GET /api/analysis/status/3d90cff5-bc3d-4fee-806e-ccc19b39ea00 HTTP/1.1" 200 -
2025-04-21 22:07:53,732 - werkzeug - INFO - 127.0.0.1 - - [21/Apr/2025 22:07:53] "GET /api/analysis/status/3d90cff5-bc3d-4fee-806e-ccc19b39ea00 HTTP/1.1" 200 -
2025-04-21 22:07:53,735 - werkzeug - INFO - 127.0.0.1 - - [21/Apr/2025 22:07:53] "GET /api/analysis/status/3d90cff5-bc3d-4fee-806e-ccc19b39ea00 HTTP/1.1" 200 -
2025-04-21 22:07:55,738 - werkzeug - INFO - 127.0.0.1 - - [21/Apr/2025 22:07:55] "GET /api/analysis/status/3d90cff5-bc3d-4fee-806e-ccc19b39ea00 HTTP/1.1" 200 -
2025-04-21 22:07:55,740 - werkzeug - INFO - 127.0.0.1 - - [21/Apr/2025 22:07:55] "GET /api/analysis/status/3d90cff5-bc3d-4fee-806e-ccc19b39ea00 HTTP/1.1" 200 -
2025-04-21 22:07:57,743 - werkzeug - INFO - 127.0.0.1 - - [21/Apr/2025 22:07:57] "GET /api/analysis/status/3d90cff5-bc3d-4fee-806e-ccc19b39ea00 HTTP/1.1" 200 -
2025-04-21 22:07:57,746 - werkzeug - INFO - 127.0.0.1 - - [21/Apr/2025 22:07:57] "GET /api/analysis/status/3d90cff5-bc3d-4fee-806e-ccc19b39ea00 HTTP/1.1" 200 -
2025-04-21 22:07:59,749 - werkzeug - INFO - 127.0.0.1 - - [21/Apr/2025 22:07:59] "GET /api/analysis/status/3d90cff5-bc3d-4fee-806e-ccc19b39ea00 HTTP/1.1" 200 -
2025-04-21 22:07:59,751 - werkzeug - INFO - 127.0.0.1 - - [21/Apr/2025 22:07:59] "GET /api/analysis/status/3d90cff5-bc3d-4fee-806e-ccc19b39ea00 HTTP/1.1" 200 -
2025-04-21 22:08:01,754 - werkzeug - INFO - 127.0.0.1 - - [21/Apr/2025 22:08:01] "GET /api/analysis/status/3d90cff5-bc3d-4fee-806e-ccc19b39ea00 HTTP/1.1" 200 -
2025-04-21 22:08:01,756 - werkzeug - INFO - 127.0.0.1 - - [21/Apr/2025 22:08:01] "GET /api/analysis/status/3d90cff5-bc3d-4fee-806e-ccc19b39ea00 HTTP/1.1" 200 -
2025-04-21 22:08:03,759 - werkzeug - INFO - 127.0.0.1 - - [21/Apr/2025 22:08:03] "GET /api/analysis/status/3d90cff5-bc3d-4fee-806e-ccc19b39ea00 HTTP/1.1" 200 -
2025-04-21 22:08:03,762 - werkzeug - INFO - 127.0.0.1 - - [21/Apr/2025 22:08:03] "GET /api/analysis/status/3d90cff5-bc3d-4fee-806e-ccc19b39ea00 HTTP/1.1" 200 -
2025-04-21 22:08:05,765 - werkzeug - INFO - 127.0.0.1 - - [21/Apr/2025 22:08:05] "GET /api/analysis/status/3d90cff5-bc3d-4fee-806e-ccc19b39ea00 HTTP/1.1" 200 -
2025-04-21 22:08:05,767 - werkzeug - INFO - 127.0.0.1 - - [21/Apr/2025 22:08:05] "GET /api/analysis/status/3d90cff5-bc3d-4fee-806e-ccc19b39ea00 HTTP/1.1" 200 -
2025-04-21 22:08:07,770 - werkzeug - INFO - 127.0.0.1 - - [21/Apr/2025 22:08:07] "GET /api/analysis/status/3d90cff5-bc3d-4fee-806e-ccc19b39ea00 HTTP/1.1" 200 -
2025-04-21 22:08:07,772 - werkzeug - INFO - 127.0.0.1 - - [21/Apr/2025 22:08:07] "GET /api/analysis/status/3d90cff5-bc3d-4fee-806e-ccc19b39ea00 HTTP/1.1" 200 -
2025-04-21 22:08:09,775 - werkzeug - INFO - 127.0.0.1 - - [21/Apr/2025 22:08:09] "GET /api/analysis/status/3d90cff5-bc3d-4fee-806e-ccc19b39ea00 HTTP/1.1" 200 -
2025-04-21 22:08:09,779 - werkzeug - INFO - 127.0.0.1 - - [21/Apr/2025 22:08:09] "GET /api/analysis/status/3d90cff5-bc3d-4fee-806e-ccc19b39ea00 HTTP/1.1" 200 -
2025-04-21 22:08:11,783 - werkzeug - INFO - 127.0.0.1 - - [21/Apr/2025 22:08:11] "GET /api/analysis/status/3d90cff5-bc3d-4fee-806e-ccc19b39ea00 HTTP/1.1" 200 -
2025-04-21 22:08:11,785 - werkzeug - INFO - 127.0.0.1 - - [21/Apr/2025 22:08:11] "GET /api/analysis/status/3d90cff5-bc3d-4fee-806e-ccc19b39ea00 HTTP/1.1" 200 -
2025-04-21 22:08:13,788 - werkzeug - INFO - 127.0.0.1 - - [21/Apr/2025 22:08:13] "GET /api/analysis/status/3d90cff5-bc3d-4fee-806e-ccc19b39ea00 HTTP/1.1" 200 -
2025-04-21 22:08:13,790 - werkzeug - INFO - 127.0.0.1 - - [21/Apr/2025 22:08:13] "GET /api/analysis/status/3d90cff5-bc3d-4fee-806e-ccc19b39ea00 HTTP/1.1" 200 -
2025-04-21 22:08:15,793 - werkzeug - INFO - 127.0.0.1 - - [21/Apr/2025 22:08:15] "GET /api/analysis/status/3d90cff5-bc3d-4fee-806e-ccc19b39ea00 HTTP/1.1" 200 -
2025-04-21 22:08:15,796 - werkzeug - INFO - 127.0.0.1 - - [21/Apr/2025 22:08:15] "GET /api/analysis/status/3d90cff5-bc3d-4fee-806e-ccc19b39ea00 HTTP/1.1" 200 -
2025-04-21 22:08:17,799 - werkzeug - INFO - 127.0.0.1 - - [21/Apr/2025 22:08:17] "GET /api/analysis/status/3d90cff5-bc3d-4fee-806e-ccc19b39ea00 HTTP/1.1" 200 -
2025-04-21 22:08:17,801 - werkzeug - INFO - 127.0.0.1 - - [21/Apr/2025 22:08:17] "GET /api/analysis/status/3d90cff5-bc3d-4fee-806e-ccc19b39ea00 HTTP/1.1" 200 -
2025-04-21 22:08:19,804 - werkzeug - INFO - 127.0.0.1 - - [21/Apr/2025 22:08:19] "GET /api/analysis/status/3d90cff5-bc3d-4fee-806e-ccc19b39ea00 HTTP/1.1" 200 -
2025-04-21 22:08:19,807 - werkzeug - INFO - 127.0.0.1 - - [21/Apr/2025 22:08:19] "GET /api/analysis/status/3d90cff5-bc3d-4fee-806e-ccc19b39ea00 HTTP/1.1" 200 -
2025-04-21 22:08:21,809 - werkzeug - INFO - 127.0.0.1 - - [21/Apr/2025 22:08:21] "GET /api/analysis/status/3d90cff5-bc3d-4fee-806e-ccc19b39ea00 HTTP/1.1" 200 -
2025-04-21 22:08:21,812 - werkzeug - INFO - 127.0.0.1 - - [21/Apr/2025 22:08:21] "GET /api/analysis/status/3d90cff5-bc3d-4fee-806e-ccc19b39ea00 HTTP/1.1" 200 -
2025-04-21 22:08:23,816 - werkzeug - INFO - 127.0.0.1 - - [21/Apr/2025 22:08:23] "GET /api/analysis/status/3d90cff5-bc3d-4fee-806e-ccc19b39ea00 HTTP/1.1" 200 -
2025-04-21 22:08:23,818 - werkzeug - INFO - 127.0.0.1 - - [21/Apr/2025 22:08:23] "GET /api/analysis/status/3d90cff5-bc3d-4fee-806e-ccc19b39ea00 HTTP/1.1" 200 -
2025-04-21 22:08:25,821 - werkzeug - INFO - 127.0.0.1 - - [21/Apr/2025 22:08:25] "GET /api/analysis/status/3d90cff5-bc3d-4fee-806e-ccc19b39ea00 HTTP/1.1" 200 -
2025-04-21 22:08:25,823 - werkzeug - INFO - 127.0.0.1 - - [21/Apr/2025 22:08:25] "GET /api/analysis/status/3d90cff5-bc3d-4fee-806e-ccc19b39ea00 HTTP/1.1" 200 -
2025-04-21 22:08:27,826 - werkzeug - INFO - 127.0.0.1 - - [21/Apr/2025 22:08:27] "GET /api/analysis/status/3d90cff5-bc3d-4fee-806e-ccc19b39ea00 HTTP/1.1" 200 -
2025-04-21 22:08:27,829 - werkzeug - INFO - 127.0.0.1 - - [21/Apr/2025 22:08:27] "GET /api/analysis/status/3d90cff5-bc3d-4fee-806e-ccc19b39ea00 HTTP/1.1" 200 -
2025-04-21 22:08:29,832 - werkzeug - INFO - 127.0.0.1 - - [21/Apr/2025 22:08:29] "GET /api/analysis/status/3d90cff5-bc3d-4fee-806e-ccc19b39ea00 HTTP/1.1" 200 -
2025-04-21 22:08:29,834 - werkzeug - INFO - 127.0.0.1 - - [21/Apr/2025 22:08:29] "GET /api/analysis/status/3d90cff5-bc3d-4fee-806e-ccc19b39ea00 HTTP/1.1" 200 -
2025-04-21 22:08:31,837 - werkzeug - INFO - 127.0.0.1 - - [21/Apr/2025 22:08:31] "GET /api/analysis/status/3d90cff5-bc3d-4fee-806e-ccc19b39ea00 HTTP/1.1" 200 -
2025-04-21 22:08:31,840 - werkzeug - INFO - 127.0.0.1 - - [21/Apr/2025 22:08:31] "GET /api/analysis/status/3d90cff5-bc3d-4fee-806e-ccc19b39ea00 HTTP/1.1" 200 -
2025-04-21 22:08:33,843 - werkzeug - INFO - 127.0.0.1 - - [21/Apr/2025 22:08:33] "GET /api/analysis/status/3d90cff5-bc3d-4fee-806e-ccc19b39ea00 HTTP/1.1" 200 -
2025-04-21 22:08:33,845 - werkzeug - INFO - 127.0.0.1 - - [21/Apr/2025 22:08:33] "GET /api/analysis/status/3d90cff5-bc3d-4fee-806e-ccc19b39ea00 HTTP/1.1" 200 -
2025-04-21 22:08:35,849 - werkzeug - INFO - 127.0.0.1 - - [21/Apr/2025 22:08:35] "GET /api/analysis/status/3d90cff5-bc3d-4fee-806e-ccc19b39ea00 HTTP/1.1" 200 -
2025-04-21 22:08:35,851 - werkzeug - INFO - 127.0.0.1 - - [21/Apr/2025 22:08:35] "GET /api/analysis/status/3d90cff5-bc3d-4fee-806e-ccc19b39ea00 HTTP/1.1" 200 -
2025-04-21 22:08:37,854 - werkzeug - INFO - 127.0.0.1 - - [21/Apr/2025 22:08:37] "GET /api/analysis/status/3d90cff5-bc3d-4fee-806e-ccc19b39ea00 HTTP/1.1" 200 -
2025-04-21 22:08:37,858 - werkzeug - INFO - 127.0.0.1 - - [21/Apr/2025 22:08:37] "GET /api/analysis/status/3d90cff5-bc3d-4fee-806e-ccc19b39ea00 HTTP/1.1" 200 -
2025-04-21 22:08:39,861 - werkzeug - INFO - 127.0.0.1 - - [21/Apr/2025 22:08:39] "GET /api/analysis/status/3d90cff5-bc3d-4fee-806e-ccc19b39ea00 HTTP/1.1" 200 -
2025-04-21 22:08:39,864 - werkzeug - INFO - 127.0.0.1 - - [21/Apr/2025 22:08:39] "GET /api/analysis/status/3d90cff5-bc3d-4fee-806e-ccc19b39ea00 HTTP/1.1" 200 -
2025-04-21 22:08:41,867 - werkzeug - INFO - 127.0.0.1 - - [21/Apr/2025 22:08:41] "GET /api/analysis/status/3d90cff5-bc3d-4fee-806e-ccc19b39ea00 HTTP/1.1" 200 -
2025-04-21 22:08:41,870 - werkzeug - INFO - 127.0.0.1 - - [21/Apr/2025 22:08:41] "GET /api/analysis/status/3d90cff5-bc3d-4fee-806e-ccc19b39ea00 HTTP/1.1" 200 -
2025-04-21 22:08:43,873 - werkzeug - INFO - 127.0.0.1 - - [21/Apr/2025 22:08:43] "GET /api/analysis/status/3d90cff5-bc3d-4fee-806e-ccc19b39ea00 HTTP/1.1" 200 -
2025-04-21 22:08:43,875 - werkzeug - INFO - 127.0.0.1 - - [21/Apr/2025 22:08:43] "GET /api/analysis/status/3d90cff5-bc3d-4fee-806e-ccc19b39ea00 HTTP/1.1" 200 -
2025-04-21 22:08:45,878 - werkzeug - INFO - 127.0.0.1 - - [21/Apr/2025 22:08:45] "GET /api/analysis/status/3d90cff5-bc3d-4fee-806e-ccc19b39ea00 HTTP/1.1" 200 -
2025-04-21 22:08:45,881 - werkzeug - INFO - 127.0.0.1 - - [21/Apr/2025 22:08:45] "GET /api/analysis/status/3d90cff5-bc3d-4fee-806e-ccc19b39ea00 HTTP/1.1" 200 -
2025-04-21 22:08:47,884 - werkzeug - INFO - 127.0.0.1 - - [21/Apr/2025 22:08:47] "GET /api/analysis/status/3d90cff5-bc3d-4fee-806e-ccc19b39ea00 HTTP/1.1" 200 -
2025-04-21 22:08:47,887 - werkzeug - INFO - 127.0.0.1 - - [21/Apr/2025 22:08:47] "GET /api/analysis/status/3d90cff5-bc3d-4fee-806e-ccc19b39ea00 HTTP/1.1" 200 -
2025-04-21 22:08:49,890 - werkzeug - INFO - 127.0.0.1 - - [21/Apr/2025 22:08:49] "GET /api/analysis/status/3d90cff5-bc3d-4fee-806e-ccc19b39ea00 HTTP/1.1" 200 -
2025-04-21 22:08:49,892 - werkzeug - INFO - 127.0.0.1 - - [21/Apr/2025 22:08:49] "GET /api/analysis/status/3d90cff5-bc3d-4fee-806e-ccc19b39ea00 HTTP/1.1" 200 -
2025-04-21 22:08:51,895 - werkzeug - INFO - 127.0.0.1 - - [21/Apr/2025 22:08:51] "GET /api/analysis/status/3d90cff5-bc3d-4fee-806e-ccc19b39ea00 HTTP/1.1" 200 -
2025-04-21 22:08:51,898 - werkzeug - INFO - 127.0.0.1 - - [21/Apr/2025 22:08:51] "GET /api/analysis/status/3d90cff5-bc3d-4fee-806e-ccc19b39ea00 HTTP/1.1" 200 -
2025-04-21 22:08:53,901 - werkzeug - INFO - 127.0.0.1 - - [21/Apr/2025 22:08:53] "GET /api/analysis/status/3d90cff5-bc3d-4fee-806e-ccc19b39ea00 HTTP/1.1" 200 -
2025-04-21 22:08:53,904 - werkzeug - INFO - 127.0.0.1 - - [21/Apr/2025 22:08:53] "GET /api/analysis/status/3d90cff5-bc3d-4fee-806e-ccc19b39ea00 HTTP/1.1" 200 -
2025-04-21 22:08:55,907 - werkzeug - INFO - 127.0.0.1 - - [21/Apr/2025 22:08:55] "GET /api/analysis/status/3d90cff5-bc3d-4fee-806e-ccc19b39ea00 HTTP/1.1" 200 -
2025-04-21 22:08:55,910 - werkzeug - INFO - 127.0.0.1 - - [21/Apr/2025 22:08:55] "GET /api/analysis/status/3d90cff5-bc3d-4fee-806e-ccc19b39ea00 HTTP/1.1" 200 -
2025-04-21 22:08:57,913 - werkzeug - INFO - 127.0.0.1 - - [21/Apr/2025 22:08:57] "GET /api/analysis/status/3d90cff5-bc3d-4fee-806e-ccc19b39ea00 HTTP/1.1" 200 -
2025-04-21 22:08:57,916 - werkzeug - INFO - 127.0.0.1 - - [21/Apr/2025 22:08:57] "GET /api/analysis/status/3d90cff5-bc3d-4fee-806e-ccc19b39ea00 HTTP/1.1" 200 -
2025-04-21 22:08:59,919 - werkzeug - INFO - 127.0.0.1 - - [21/Apr/2025 22:08:59] "GET /api/analysis/status/3d90cff5-bc3d-4fee-806e-ccc19b39ea00 HTTP/1.1" 200 -
2025-04-21 22:08:59,939 - werkzeug - INFO - 127.0.0.1 - - [21/Apr/2025 22:08:59] "GET /api/analysis/status/3d90cff5-bc3d-4fee-806e-ccc19b39ea00 HTTP/1.1" 200 -
2025-04-21 22:09:01,942 - werkzeug - INFO - 127.0.0.1 - - [21/Apr/2025 22:09:01] "GET /api/analysis/status/3d90cff5-bc3d-4fee-806e-ccc19b39ea00 HTTP/1.1" 200 -
2025-04-21 22:09:01,944 - werkzeug - INFO - 127.0.0.1 - - [21/Apr/2025 22:09:01] "GET /api/analysis/status/3d90cff5-bc3d-4fee-806e-ccc19b39ea00 HTTP/1.1" 200 -
2025-04-21 22:09:03,946 - werkzeug - INFO - 127.0.0.1 - - [21/Apr/2025 22:09:03] "GET /api/analysis/status/3d90cff5-bc3d-4fee-806e-ccc19b39ea00 HTTP/1.1" 200 -
2025-04-21 22:09:03,949 - werkzeug - INFO - 127.0.0.1 - - [21/Apr/2025 22:09:03] "GET /api/analysis/status/3d90cff5-bc3d-4fee-806e-ccc19b39ea00 HTTP/1.1" 200 -
2025-04-21 22:09:05,953 - werkzeug - INFO - 127.0.0.1 - - [21/Apr/2025 22:09:05] "GET /api/analysis/status/3d90cff5-bc3d-4fee-806e-ccc19b39ea00 HTTP/1.1" 200 -
2025-04-21 22:09:05,955 - werkzeug - INFO - 127.0.0.1 - - [21/Apr/2025 22:09:05] "GET /api/analysis/status/3d90cff5-bc3d-4fee-806e-ccc19b39ea00 HTTP/1.1" 200 -
2025-04-21 22:09:07,958 - werkzeug - INFO - 127.0.0.1 - - [21/Apr/2025 22:09:07] "GET /api/analysis/status/3d90cff5-bc3d-4fee-806e-ccc19b39ea00 HTTP/1.1" 200 -
2025-04-21 22:09:07,960 - werkzeug - INFO - 127.0.0.1 - - [21/Apr/2025 22:09:07] "GET /api/analysis/status/3d90cff5-bc3d-4fee-806e-ccc19b39ea00 HTTP/1.1" 200 -
2025-04-21 22:09:09,963 - werkzeug - INFO - 127.0.0.1 - - [21/Apr/2025 22:09:09] "GET /api/analysis/status/3d90cff5-bc3d-4fee-806e-ccc19b39ea00 HTTP/1.1" 200 -
2025-04-21 22:09:09,965 - werkzeug - INFO - 127.0.0.1 - - [21/Apr/2025 22:09:09] "GET /api/analysis/status/3d90cff5-bc3d-4fee-806e-ccc19b39ea00 HTTP/1.1" 200 -
2025-04-21 22:09:11,968 - werkzeug - INFO - 127.0.0.1 - - [21/Apr/2025 22:09:11] "GET /api/analysis/status/3d90cff5-bc3d-4fee-806e-ccc19b39ea00 HTTP/1.1" 200 -
2025-04-21 22:09:11,970 - werkzeug - INFO - 127.0.0.1 - - [21/Apr/2025 22:09:11] "GET /api/analysis/status/3d90cff5-bc3d-4fee-806e-ccc19b39ea00 HTTP/1.1" 200 -
2025-04-21 22:09:13,973 - werkzeug - INFO - 127.0.0.1 - - [21/Apr/2025 22:09:13] "GET /api/analysis/status/3d90cff5-bc3d-4fee-806e-ccc19b39ea00 HTTP/1.1" 200 -
2025-04-21 22:09:13,975 - werkzeug - INFO - 127.0.0.1 - - [21/Apr/2025 22:09:13] "GET /api/analysis/status/3d90cff5-bc3d-4fee-806e-ccc19b39ea00 HTTP/1.1" 200 -
2025-04-21 22:09:15,978 - werkzeug - INFO - 127.0.0.1 - - [21/Apr/2025 22:09:15] "GET /api/analysis/status/3d90cff5-bc3d-4fee-806e-ccc19b39ea00 HTTP/1.1" 200 -
2025-04-21 22:09:15,982 - werkzeug - INFO - 127.0.0.1 - - [21/Apr/2025 22:09:15] "GET /api/analysis/status/3d90cff5-bc3d-4fee-806e-ccc19b39ea00 HTTP/1.1" 200 -
2025-04-21 22:09:17,986 - werkzeug - INFO - 127.0.0.1 - - [21/Apr/2025 22:09:17] "GET /api/analysis/status/3d90cff5-bc3d-4fee-806e-ccc19b39ea00 HTTP/1.1" 200 -
2025-04-21 22:09:17,988 - werkzeug - INFO - 127.0.0.1 - - [21/Apr/2025 22:09:17] "GET /api/analysis/status/3d90cff5-bc3d-4fee-806e-ccc19b39ea00 HTTP/1.1" 200 -
2025-04-21 22:09:19,991 - werkzeug - INFO - 127.0.0.1 - - [21/Apr/2025 22:09:19] "GET /api/analysis/status/3d90cff5-bc3d-4fee-806e-ccc19b39ea00 HTTP/1.1" 200 -
2025-04-21 22:09:19,993 - werkzeug - INFO - 127.0.0.1 - - [21/Apr/2025 22:09:19] "GET /api/analysis/status/3d90cff5-bc3d-4fee-806e-ccc19b39ea00 HTTP/1.1" 200 -
2025-04-21 22:09:21,996 - werkzeug - INFO - 127.0.0.1 - - [21/Apr/2025 22:09:21] "GET /api/analysis/status/3d90cff5-bc3d-4fee-806e-ccc19b39ea00 HTTP/1.1" 200 -
2025-04-21 22:09:21,999 - werkzeug - INFO - 127.0.0.1 - - [21/Apr/2025 22:09:21] "GET /api/analysis/status/3d90cff5-bc3d-4fee-806e-ccc19b39ea00 HTTP/1.1" 200 -
2025-04-21 22:09:24,002 - werkzeug - INFO - 127.0.0.1 - - [21/Apr/2025 22:09:24] "GET /api/analysis/status/3d90cff5-bc3d-4fee-806e-ccc19b39ea00 HTTP/1.1" 200 -
2025-04-21 22:09:24,005 - werkzeug - INFO - 127.0.0.1 - - [21/Apr/2025 22:09:24] "GET /api/analysis/status/3d90cff5-bc3d-4fee-806e-ccc19b39ea00 HTTP/1.1" 200 -
2025-04-21 22:09:26,008 - werkzeug - INFO - 127.0.0.1 - - [21/Apr/2025 22:09:26] "GET /api/analysis/status/3d90cff5-bc3d-4fee-806e-ccc19b39ea00 HTTP/1.1" 200 -
2025-04-21 22:09:26,011 - werkzeug - INFO - 127.0.0.1 - - [21/Apr/2025 22:09:26] "GET /api/analysis/status/3d90cff5-bc3d-4fee-806e-ccc19b39ea00 HTTP/1.1" 200 -
2025-04-21 22:09:28,013 - werkzeug - INFO - 127.0.0.1 - - [21/Apr/2025 22:09:28] "GET /api/analysis/status/3d90cff5-bc3d-4fee-806e-ccc19b39ea00 HTTP/1.1" 200 -
2025-04-21 22:09:28,016 - werkzeug - INFO - 127.0.0.1 - - [21/Apr/2025 22:09:28] "GET /api/analysis/status/3d90cff5-bc3d-4fee-806e-ccc19b39ea00 HTTP/1.1" 200 -
2025-04-21 22:09:30,019 - werkzeug - INFO - 127.0.0.1 - - [21/Apr/2025 22:09:30] "GET /api/analysis/status/3d90cff5-bc3d-4fee-806e-ccc19b39ea00 HTTP/1.1" 200 -
2025-04-21 22:09:30,022 - werkzeug - INFO - 127.0.0.1 - - [21/Apr/2025 22:09:30] "GET /api/analysis/status/3d90cff5-bc3d-4fee-806e-ccc19b39ea00 HTTP/1.1" 200 -
2025-04-21 22:09:32,025 - werkzeug - INFO - 127.0.0.1 - - [21/Apr/2025 22:09:32] "GET /api/analysis/status/3d90cff5-bc3d-4fee-806e-ccc19b39ea00 HTTP/1.1" 200 -
2025-04-21 22:09:32,027 - werkzeug - INFO - 127.0.0.1 - - [21/Apr/2025 22:09:32] "GET /api/analysis/status/3d90cff5-bc3d-4fee-806e-ccc19b39ea00 HTTP/1.1" 200 -
2025-04-21 22:09:34,030 - werkzeug - INFO - 127.0.0.1 - - [21/Apr/2025 22:09:34] "GET /api/analysis/status/3d90cff5-bc3d-4fee-806e-ccc19b39ea00 HTTP/1.1" 200 -
2025-04-21 22:09:34,032 - werkzeug - INFO - 127.0.0.1 - - [21/Apr/2025 22:09:34] "GET /api/analysis/status/3d90cff5-bc3d-4fee-806e-ccc19b39ea00 HTTP/1.1" 200 -
2025-04-21 22:09:34,505 - app.utils.git - ERROR - 使用HTTP协议克隆也失败: Command '['git', 'clone', '--depth=1', 'https://github.com/Penniesaba/CAPI2.git', '/home/xiao/project/codeinsight/cache/repos/3d90cff5-bc3d-4fee-806e-ccc19b39ea00/CAPI2']' returned non-zero exit status 128., 错误输出: 正克隆到 '/home/xiao/project/codeinsight/cache/repos/3d90cff5-bc3d-4fee-806e-ccc19b39ea00/CAPI2'...
fatal: 无法访问 'https://github.com/Penniesaba/CAPI2.git/'：Failed to connect to github.com port 443 after 135263 ms: 连接超时

2025-04-21 22:09:34,505 - app.routes - ERROR - 仓库克隆失败: 仓库克隆失败: Command '['git', 'clone', '--depth=1', 'git@github.com:Penniesaba/CAPI2.git', '/home/xiao/project/codeinsight/cache/repos/3d90cff5-bc3d-4fee-806e-ccc19b39ea00/CAPI2']' returned non-zero exit status 128., 错误输出: 正克隆到 '/home/xiao/project/codeinsight/cache/repos/3d90cff5-bc3d-4fee-806e-ccc19b39ea00/CAPI2'...
Warning: Permanently added 'github.com' (ED25519) to the list of known hosts.
git@github.com: Permission denied (publickey).
fatal: 无法读取远程仓库。

请确认您有正确的访问权限并且仓库存在。
Traceback (most recent call last):
  File "/home/xiao/project/codeinsight/app/utils/git.py", line 64, in clone_repository
    process = subprocess.run(
  File "/usr/lib/python3.10/subprocess.py", line 526, in run
    raise CalledProcessError(retcode, process.args,
subprocess.CalledProcessError: Command '['git', 'clone', '--depth=1', 'git@github.com:Penniesaba/CAPI2.git', '/home/xiao/project/codeinsight/cache/repos/3d90cff5-bc3d-4fee-806e-ccc19b39ea00/CAPI2']' returned non-zero exit status 128.

During handling of the above exception, another exception occurred:

Traceback (most recent call last):
  File "/home/xiao/project/codeinsight/app/routes.py", line 107, in clone_repo_background
    repo_path = clone_repository(repo_url, task_dir, protocol=clone_protocol)
  File "/home/xiao/project/codeinsight/app/utils/git.py", line 154, in clone_repository
    raise RuntimeError(error_msg)
RuntimeError: 仓库克隆失败: Command '['git', 'clone', '--depth=1', 'git@github.com:Penniesaba/CAPI2.git', '/home/xiao/project/codeinsight/cache/repos/3d90cff5-bc3d-4fee-806e-ccc19b39ea00/CAPI2']' returned non-zero exit status 128., 错误输出: 正克隆到 '/home/xiao/project/codeinsight/cache/repos/3d90cff5-bc3d-4fee-806e-ccc19b39ea00/CAPI2'...
Warning: Permanently added 'github.com' (ED25519) to the list of known hosts.
git@github.com: Permission denied (publickey).
fatal: 无法读取远程仓库。

请确认您有正确的访问权限并且仓库存在。

2025-04-21 22:09:36,035 - werkzeug - INFO - 127.0.0.1 - - [21/Apr/2025 22:09:36] "GET /api/analysis/status/3d90cff5-bc3d-4fee-806e-ccc19b39ea00 HTTP/1.1" 200 -
2025-04-21 22:09:36,038 - werkzeug - INFO - 127.0.0.1 - - [21/Apr/2025 22:09:36] "GET /api/analysis/status/3d90cff5-bc3d-4fee-806e-ccc19b39ea00 HTTP/1.1" 200 -
2025-04-21 22:10:25,275 - app - INFO - 日志系统初始化完成
2025-04-21 22:10:25,275 - app - INFO - CodeInsight 启动于环境: default
2025-04-21 22:10:25,275 - app - INFO - 调试模式: 开启
2025-04-21 22:10:25,279 - werkzeug - INFO - [31m[1mWARNING: This is a development server. Do not use it in a production deployment. Use a production WSGI server instead.[0m
 * Running on all addresses (0.0.0.0)
 * Running on http://127.0.0.1:5000
 * Running on http://10.122.241.3:5000
2025-04-21 22:10:25,279 - werkzeug - INFO - [33mPress CTRL+C to quit[0m
2025-04-21 22:10:25,280 - werkzeug - INFO -  * Restarting with stat
2025-04-21 22:10:25,423 - app - INFO - 日志系统初始化完成
2025-04-21 22:10:25,423 - app - INFO - CodeInsight 启动于环境: default
2025-04-21 22:10:25,423 - app - INFO - 调试模式: 开启
2025-04-21 22:10:25,426 - werkzeug - WARNING -  * Debugger is active!
2025-04-21 22:10:25,427 - werkzeug - INFO -  * Debugger PIN: 441-384-867
2025-04-21 22:10:32,626 - app.routes - DEBUG - 访问首页
2025-04-21 22:10:32,636 - werkzeug - INFO - 127.0.0.1 - - [21/Apr/2025 22:10:32] "GET / HTTP/1.1" 200 -
2025-04-21 22:10:36,988 - app.routes - INFO - 收到分析请求: git@github.com:Penniesaba/CAPI2, 语言: auto, 协议: ssh
2025-04-21 22:10:36,988 - werkzeug - INFO - 127.0.0.1 - - [21/Apr/2025 22:10:36] "[32mPOST /analyze HTTP/1.1[0m" 302 -
2025-04-21 22:10:36,988 - app.routes - INFO - 正在克隆仓库: git@github.com:Penniesaba/CAPI2
2025-04-21 22:10:36,989 - app.utils.git - INFO - 克隆仓库: git@github.com:Penniesaba/CAPI2 到 /home/xiao/project/codeinsight/cache/repos/22e1a363-9dd5-4179-bd42-b330faa76caf, 协议: ssh
2025-04-21 22:10:36,989 - app.utils.git - DEBUG - 标准化仓库URL: git@github.com:Penniesaba/CAPI2, 协议: ssh
2025-04-21 22:10:36,989 - app.utils.git - DEBUG - URL标准化结果: git@github.com:Penniesaba/CAPI2 -> git@github.com:Penniesaba/CAPI2.git
2025-04-21 22:10:36,989 - app.utils.git - DEBUG - 处理后的URL: git@github.com:Penniesaba/CAPI2.git
2025-04-21 22:10:36,989 - app.utils.git - DEBUG - 执行命令: git clone --depth=1 git@github.com:Penniesaba/CAPI2.git /home/xiao/project/codeinsight/cache/repos/22e1a363-9dd5-4179-bd42-b330faa76caf/CAPI2
2025-04-21 22:10:36,995 - app.routes - DEBUG - 访问任务进度页面: 22e1a363-9dd5-4179-bd42-b330faa76caf
2025-04-21 22:10:37,000 - werkzeug - INFO - 127.0.0.1 - - [21/Apr/2025 22:10:37] "GET /analysis/progress/22e1a363-9dd5-4179-bd42-b330faa76caf HTTP/1.1" 200 -
2025-04-21 22:10:37,015 - werkzeug - INFO - 127.0.0.1 - - [21/Apr/2025 22:10:37] "GET /api/analysis/status/22e1a363-9dd5-4179-bd42-b330faa76caf HTTP/1.1" 200 -
2025-04-21 22:10:37,035 - werkzeug - INFO - 127.0.0.1 - - [21/Apr/2025 22:10:37] "GET /api/analysis/status/22e1a363-9dd5-4179-bd42-b330faa76caf HTTP/1.1" 200 -
2025-04-21 22:10:39,039 - werkzeug - INFO - 127.0.0.1 - - [21/Apr/2025 22:10:39] "GET /api/analysis/status/22e1a363-9dd5-4179-bd42-b330faa76caf HTTP/1.1" 200 -
2025-04-21 22:10:39,041 - werkzeug - INFO - 127.0.0.1 - - [21/Apr/2025 22:10:39] "GET /api/analysis/status/22e1a363-9dd5-4179-bd42-b330faa76caf HTTP/1.1" 200 -
2025-04-21 22:10:41,044 - werkzeug - INFO - 127.0.0.1 - - [21/Apr/2025 22:10:41] "GET /api/analysis/status/22e1a363-9dd5-4179-bd42-b330faa76caf HTTP/1.1" 200 -
2025-04-21 22:10:41,047 - werkzeug - INFO - 127.0.0.1 - - [21/Apr/2025 22:10:41] "GET /api/analysis/status/22e1a363-9dd5-4179-bd42-b330faa76caf HTTP/1.1" 200 -
2025-04-21 22:10:43,050 - werkzeug - INFO - 127.0.0.1 - - [21/Apr/2025 22:10:43] "GET /api/analysis/status/22e1a363-9dd5-4179-bd42-b330faa76caf HTTP/1.1" 200 -
2025-04-21 22:10:43,053 - werkzeug - INFO - 127.0.0.1 - - [21/Apr/2025 22:10:43] "GET /api/analysis/status/22e1a363-9dd5-4179-bd42-b330faa76caf HTTP/1.1" 200 -
2025-04-21 22:10:45,056 - werkzeug - INFO - 127.0.0.1 - - [21/Apr/2025 22:10:45] "GET /api/analysis/status/22e1a363-9dd5-4179-bd42-b330faa76caf HTTP/1.1" 200 -
2025-04-21 22:10:45,058 - werkzeug - INFO - 127.0.0.1 - - [21/Apr/2025 22:10:45] "GET /api/analysis/status/22e1a363-9dd5-4179-bd42-b330faa76caf HTTP/1.1" 200 -
2025-04-21 22:10:47,062 - werkzeug - INFO - 127.0.0.1 - - [21/Apr/2025 22:10:47] "GET /api/analysis/status/22e1a363-9dd5-4179-bd42-b330faa76caf HTTP/1.1" 200 -
2025-04-21 22:10:47,065 - werkzeug - INFO - 127.0.0.1 - - [21/Apr/2025 22:10:47] "GET /api/analysis/status/22e1a363-9dd5-4179-bd42-b330faa76caf HTTP/1.1" 200 -
2025-04-21 22:10:49,068 - werkzeug - INFO - 127.0.0.1 - - [21/Apr/2025 22:10:49] "GET /api/analysis/status/22e1a363-9dd5-4179-bd42-b330faa76caf HTTP/1.1" 200 -
2025-04-21 22:10:49,070 - werkzeug - INFO - 127.0.0.1 - - [21/Apr/2025 22:10:49] "GET /api/analysis/status/22e1a363-9dd5-4179-bd42-b330faa76caf HTTP/1.1" 200 -
2025-04-21 22:10:51,073 - werkzeug - INFO - 127.0.0.1 - - [21/Apr/2025 22:10:51] "GET /api/analysis/status/22e1a363-9dd5-4179-bd42-b330faa76caf HTTP/1.1" 200 -
2025-04-21 22:10:51,076 - werkzeug - INFO - 127.0.0.1 - - [21/Apr/2025 22:10:51] "GET /api/analysis/status/22e1a363-9dd5-4179-bd42-b330faa76caf HTTP/1.1" 200 -
2025-04-21 22:10:53,079 - werkzeug - INFO - 127.0.0.1 - - [21/Apr/2025 22:10:53] "GET /api/analysis/status/22e1a363-9dd5-4179-bd42-b330faa76caf HTTP/1.1" 200 -
2025-04-21 22:10:53,083 - werkzeug - INFO - 127.0.0.1 - - [21/Apr/2025 22:10:53] "GET /api/analysis/status/22e1a363-9dd5-4179-bd42-b330faa76caf HTTP/1.1" 200 -
2025-04-21 22:10:55,087 - werkzeug - INFO - 127.0.0.1 - - [21/Apr/2025 22:10:55] "GET /api/analysis/status/22e1a363-9dd5-4179-bd42-b330faa76caf HTTP/1.1" 200 -
2025-04-21 22:10:55,090 - werkzeug - INFO - 127.0.0.1 - - [21/Apr/2025 22:10:55] "GET /api/analysis/status/22e1a363-9dd5-4179-bd42-b330faa76caf HTTP/1.1" 200 -
2025-04-21 22:10:57,093 - werkzeug - INFO - 127.0.0.1 - - [21/Apr/2025 22:10:57] "GET /api/analysis/status/22e1a363-9dd5-4179-bd42-b330faa76caf HTTP/1.1" 200 -
2025-04-21 22:10:57,096 - werkzeug - INFO - 127.0.0.1 - - [21/Apr/2025 22:10:57] "GET /api/analysis/status/22e1a363-9dd5-4179-bd42-b330faa76caf HTTP/1.1" 200 -
2025-04-21 22:10:59,099 - werkzeug - INFO - 127.0.0.1 - - [21/Apr/2025 22:10:59] "GET /api/analysis/status/22e1a363-9dd5-4179-bd42-b330faa76caf HTTP/1.1" 200 -
2025-04-21 22:10:59,102 - werkzeug - INFO - 127.0.0.1 - - [21/Apr/2025 22:10:59] "GET /api/analysis/status/22e1a363-9dd5-4179-bd42-b330faa76caf HTTP/1.1" 200 -
2025-04-21 22:11:01,105 - werkzeug - INFO - 127.0.0.1 - - [21/Apr/2025 22:11:01] "GET /api/analysis/status/22e1a363-9dd5-4179-bd42-b330faa76caf HTTP/1.1" 200 -
2025-04-21 22:11:01,108 - werkzeug - INFO - 127.0.0.1 - - [21/Apr/2025 22:11:01] "GET /api/analysis/status/22e1a363-9dd5-4179-bd42-b330faa76caf HTTP/1.1" 200 -
2025-04-21 22:11:03,111 - werkzeug - INFO - 127.0.0.1 - - [21/Apr/2025 22:11:03] "GET /api/analysis/status/22e1a363-9dd5-4179-bd42-b330faa76caf HTTP/1.1" 200 -
2025-04-21 22:11:03,114 - werkzeug - INFO - 127.0.0.1 - - [21/Apr/2025 22:11:03] "GET /api/analysis/status/22e1a363-9dd5-4179-bd42-b330faa76caf HTTP/1.1" 200 -
2025-04-21 22:11:05,117 - werkzeug - INFO - 127.0.0.1 - - [21/Apr/2025 22:11:05] "GET /api/analysis/status/22e1a363-9dd5-4179-bd42-b330faa76caf HTTP/1.1" 200 -
2025-04-21 22:11:05,124 - werkzeug - INFO - 127.0.0.1 - - [21/Apr/2025 22:11:05] "GET /api/analysis/status/22e1a363-9dd5-4179-bd42-b330faa76caf HTTP/1.1" 200 -
2025-04-21 22:11:07,128 - werkzeug - INFO - 127.0.0.1 - - [21/Apr/2025 22:11:07] "GET /api/analysis/status/22e1a363-9dd5-4179-bd42-b330faa76caf HTTP/1.1" 200 -
2025-04-21 22:11:07,131 - werkzeug - INFO - 127.0.0.1 - - [21/Apr/2025 22:11:07] "GET /api/analysis/status/22e1a363-9dd5-4179-bd42-b330faa76caf HTTP/1.1" 200 -
2025-04-21 22:11:09,133 - werkzeug - INFO - 127.0.0.1 - - [21/Apr/2025 22:11:09] "GET /api/analysis/status/22e1a363-9dd5-4179-bd42-b330faa76caf HTTP/1.1" 200 -
2025-04-21 22:11:09,136 - werkzeug - INFO - 127.0.0.1 - - [21/Apr/2025 22:11:09] "GET /api/analysis/status/22e1a363-9dd5-4179-bd42-b330faa76caf HTTP/1.1" 200 -
2025-04-21 22:11:11,139 - werkzeug - INFO - 127.0.0.1 - - [21/Apr/2025 22:11:11] "GET /api/analysis/status/22e1a363-9dd5-4179-bd42-b330faa76caf HTTP/1.1" 200 -
2025-04-21 22:11:11,142 - werkzeug - INFO - 127.0.0.1 - - [21/Apr/2025 22:11:11] "GET /api/analysis/status/22e1a363-9dd5-4179-bd42-b330faa76caf HTTP/1.1" 200 -
2025-04-21 22:11:13,145 - werkzeug - INFO - 127.0.0.1 - - [21/Apr/2025 22:11:13] "GET /api/analysis/status/22e1a363-9dd5-4179-bd42-b330faa76caf HTTP/1.1" 200 -
2025-04-21 22:11:13,148 - werkzeug - INFO - 127.0.0.1 - - [21/Apr/2025 22:11:13] "GET /api/analysis/status/22e1a363-9dd5-4179-bd42-b330faa76caf HTTP/1.1" 200 -
2025-04-21 22:11:15,151 - werkzeug - INFO - 127.0.0.1 - - [21/Apr/2025 22:11:15] "GET /api/analysis/status/22e1a363-9dd5-4179-bd42-b330faa76caf HTTP/1.1" 200 -
2025-04-21 22:11:15,154 - werkzeug - INFO - 127.0.0.1 - - [21/Apr/2025 22:11:15] "GET /api/analysis/status/22e1a363-9dd5-4179-bd42-b330faa76caf HTTP/1.1" 200 -
2025-04-21 22:11:17,159 - werkzeug - INFO - 127.0.0.1 - - [21/Apr/2025 22:11:17] "GET /api/analysis/status/22e1a363-9dd5-4179-bd42-b330faa76caf HTTP/1.1" 200 -
2025-04-21 22:11:17,162 - werkzeug - INFO - 127.0.0.1 - - [21/Apr/2025 22:11:17] "GET /api/analysis/status/22e1a363-9dd5-4179-bd42-b330faa76caf HTTP/1.1" 200 -
2025-04-21 22:11:19,165 - werkzeug - INFO - 127.0.0.1 - - [21/Apr/2025 22:11:19] "GET /api/analysis/status/22e1a363-9dd5-4179-bd42-b330faa76caf HTTP/1.1" 200 -
2025-04-21 22:11:19,167 - werkzeug - INFO - 127.0.0.1 - - [21/Apr/2025 22:11:19] "GET /api/analysis/status/22e1a363-9dd5-4179-bd42-b330faa76caf HTTP/1.1" 200 -
2025-04-21 22:11:21,170 - werkzeug - INFO - 127.0.0.1 - - [21/Apr/2025 22:11:21] "GET /api/analysis/status/22e1a363-9dd5-4179-bd42-b330faa76caf HTTP/1.1" 200 -
2025-04-21 22:11:21,173 - werkzeug - INFO - 127.0.0.1 - - [21/Apr/2025 22:11:21] "GET /api/analysis/status/22e1a363-9dd5-4179-bd42-b330faa76caf HTTP/1.1" 200 -
2025-04-21 22:11:23,177 - werkzeug - INFO - 127.0.0.1 - - [21/Apr/2025 22:11:23] "GET /api/analysis/status/22e1a363-9dd5-4179-bd42-b330faa76caf HTTP/1.1" 200 -
2025-04-21 22:11:23,179 - werkzeug - INFO - 127.0.0.1 - - [21/Apr/2025 22:11:23] "GET /api/analysis/status/22e1a363-9dd5-4179-bd42-b330faa76caf HTTP/1.1" 200 -
2025-04-21 22:11:25,183 - werkzeug - INFO - 127.0.0.1 - - [21/Apr/2025 22:11:25] "GET /api/analysis/status/22e1a363-9dd5-4179-bd42-b330faa76caf HTTP/1.1" 200 -
2025-04-21 22:11:25,186 - werkzeug - INFO - 127.0.0.1 - - [21/Apr/2025 22:11:25] "GET /api/analysis/status/22e1a363-9dd5-4179-bd42-b330faa76caf HTTP/1.1" 200 -
2025-04-21 22:11:27,189 - werkzeug - INFO - 127.0.0.1 - - [21/Apr/2025 22:11:27] "GET /api/analysis/status/22e1a363-9dd5-4179-bd42-b330faa76caf HTTP/1.1" 200 -
2025-04-21 22:11:27,191 - werkzeug - INFO - 127.0.0.1 - - [21/Apr/2025 22:11:27] "GET /api/analysis/status/22e1a363-9dd5-4179-bd42-b330faa76caf HTTP/1.1" 200 -
2025-04-21 22:11:27,264 - app.utils.git - INFO - 仓库克隆成功: /home/xiao/project/codeinsight/cache/repos/22e1a363-9dd5-4179-bd42-b330faa76caf/CAPI2
2025-04-21 22:11:27,264 - app.utils.git - DEBUG - 检查仓库有效性: /home/xiao/project/codeinsight/cache/repos/22e1a363-9dd5-4179-bd42-b330faa76caf/CAPI2
2025-04-21 22:11:27,426 - app.utils.git - DEBUG - 仓库状态: 位于分支 main
您的分支与上游分支 'origin/main' 一致。

无文件要提交，干净的工作区
2025-04-21 22:11:27,427 - app.routes - INFO - 仓库克隆完成: git@github.com:Penniesaba/CAPI2 -> /home/xiao/project/codeinsight/cache/repos/22e1a363-9dd5-4179-bd42-b330faa76caf/CAPI2
2025-04-21 22:11:29,589 - app.codeql.analyzer - INFO - CodeQL版本: CodeQL command-line toolchain release 2.20.7.
Copyright (C) 2019-2025 GitHub, Inc.
Unpacked in: /opt/codeql
   Analysis results depend critically on separately distributed query and
   extractor modules. To list modules that are visible to the toolchain,
   use 'codeql resolve packs' and 'codeql resolve languages'.
2025-04-21 22:11:29,589 - app.codeql.analyzer - DEBUG - CodeQL分析器初始化完成
2025-04-21 22:11:29,589 - app.routes - INFO - 开始CodeQL分析: 22e1a363-9dd5-4179-bd42-b330faa76caf
2025-04-21 22:11:29,589 - app.codeql.analyzer - INFO - 开始分析仓库: /home/xiao/project/codeinsight/cache/repos/22e1a363-9dd5-4179-bd42-b330faa76caf/CAPI2, 语言: auto
2025-04-21 22:11:29,590 - app.codeql.analyzer - INFO - 创建CodeQL数据库: /tmp/tmpw2jusgb7/codeql_db
2025-04-21 22:11:29,590 - app.codeql.analyzer - DEBUG - 执行命令: codeql database create --source-root=/home/xiao/project/codeinsight/cache/repos/22e1a363-9dd5-4179-bd42-b330faa76caf/CAPI2 /tmp/tmpw2jusgb7/codeql_db
2025-04-21 22:11:30,526 - app.codeql.analyzer - ERROR - 数据库创建失败: Initializing database at /tmp/tmpw2jusgb7/codeql_db.
A fatal error occurred: No GitHub token was provided to auto-detect the repository's languages. Please either provide one or specify the languages manually using --language.
(eventual cause: MissingTokenException "An operation was attempted that requires a GitHub token but one could not be fou...")

2025-04-21 22:11:30,526 - app.codeql.analyzer - ERROR - 仓库分析失败: CodeQL数据库创建失败: Initializing database at /tmp/tmpw2jusgb7/codeql_db.
A fatal error occurred: No GitHub token was provided to auto-detect the repository's languages. Please either provide one or specify the languages manually using --language.
(eventual cause: MissingTokenException "An operation was attempted that requires a GitHub token but one could not be fou...")
Traceback (most recent call last):
  File "/home/xiao/project/codeinsight/app/codeql/analyzer.py", line 113, in _create_database
    subprocess.run(
  File "/usr/lib/python3.10/subprocess.py", line 526, in run
    raise CalledProcessError(retcode, process.args,
subprocess.CalledProcessError: Command '['codeql', 'database', 'create', '--source-root=/home/xiao/project/codeinsight/cache/repos/22e1a363-9dd5-4179-bd42-b330faa76caf/CAPI2', '/tmp/tmpw2jusgb7/codeql_db']' returned non-zero exit status 2.

During handling of the above exception, another exception occurred:

Traceback (most recent call last):
  File "/home/xiao/project/codeinsight/app/codeql/analyzer.py", line 75, in analyze_repository
    self._create_database(repo_path, db_path, language)
  File "/home/xiao/project/codeinsight/app/codeql/analyzer.py", line 123, in _create_database
    raise RuntimeError(f"CodeQL数据库创建失败: {e.stderr}")
RuntimeError: CodeQL数据库创建失败: Initializing database at /tmp/tmpw2jusgb7/codeql_db.
A fatal error occurred: No GitHub token was provided to auto-detect the repository's languages. Please either provide one or specify the languages manually using --language.
(eventual cause: MissingTokenException "An operation was attempted that requires a GitHub token but one could not be fou...")

2025-04-21 22:11:30,527 - app.routes - ERROR - 分析失败: 仓库分析失败: CodeQL数据库创建失败: Initializing database at /tmp/tmpw2jusgb7/codeql_db.
A fatal error occurred: No GitHub token was provided to auto-detect the repository's languages. Please either provide one or specify the languages manually using --language.
(eventual cause: MissingTokenException "An operation was attempted that requires a GitHub token but one could not be fou...")
Traceback (most recent call last):
  File "/home/xiao/project/codeinsight/app/codeql/analyzer.py", line 113, in _create_database
    subprocess.run(
  File "/usr/lib/python3.10/subprocess.py", line 526, in run
    raise CalledProcessError(retcode, process.args,
subprocess.CalledProcessError: Command '['codeql', 'database', 'create', '--source-root=/home/xiao/project/codeinsight/cache/repos/22e1a363-9dd5-4179-bd42-b330faa76caf/CAPI2', '/tmp/tmpw2jusgb7/codeql_db']' returned non-zero exit status 2.

During handling of the above exception, another exception occurred:

Traceback (most recent call last):
  File "/home/xiao/project/codeinsight/app/codeql/analyzer.py", line 75, in analyze_repository
    self._create_database(repo_path, db_path, language)
  File "/home/xiao/project/codeinsight/app/codeql/analyzer.py", line 123, in _create_database
    raise RuntimeError(f"CodeQL数据库创建失败: {e.stderr}")
RuntimeError: CodeQL数据库创建失败: Initializing database at /tmp/tmpw2jusgb7/codeql_db.
A fatal error occurred: No GitHub token was provided to auto-detect the repository's languages. Please either provide one or specify the languages manually using --language.
(eventual cause: MissingTokenException "An operation was attempted that requires a GitHub token but one could not be fou...")


During handling of the above exception, another exception occurred:

Traceback (most recent call last):
  File "/home/xiao/project/codeinsight/app/routes.py", line 182, in analysis_status
    codeql_results = analyzer.analyze_repository(task_info['repo_path'], task_info['language'])
  File "/home/xiao/project/codeinsight/app/codeql/analyzer.py", line 87, in analyze_repository
    raise RuntimeError(f"仓库分析失败: {str(e)}")
RuntimeError: 仓库分析失败: CodeQL数据库创建失败: Initializing database at /tmp/tmpw2jusgb7/codeql_db.
A fatal error occurred: No GitHub token was provided to auto-detect the repository's languages. Please either provide one or specify the languages manually using --language.
(eventual cause: MissingTokenException "An operation was attempted that requires a GitHub token but one could not be fou...")

2025-04-21 22:11:30,528 - werkzeug - INFO - 127.0.0.1 - - [21/Apr/2025 22:11:30] "GET /api/analysis/status/22e1a363-9dd5-4179-bd42-b330faa76caf HTTP/1.1" 200 -
2025-04-21 22:11:30,531 - werkzeug - INFO - 127.0.0.1 - - [21/Apr/2025 22:11:30] "GET /api/analysis/status/22e1a363-9dd5-4179-bd42-b330faa76caf HTTP/1.1" 200 -
2025-04-21 22:23:22,397 - werkzeug - INFO -  * Detected change in '/home/xiao/project/codeinsight/config.py', reloading
2025-04-21 22:23:22,422 - werkzeug - INFO -  * Restarting with stat
2025-04-21 22:23:22,590 - app - INFO - 日志系统初始化完成
2025-04-21 22:23:22,590 - app - INFO - CodeInsight 启动于环境: default
2025-04-21 22:23:22,591 - app - INFO - 调试模式: 开启
2025-04-21 22:23:22,595 - werkzeug - WARNING -  * Debugger is active!
2025-04-21 22:23:22,596 - werkzeug - INFO -  * Debugger PIN: 441-384-867
2025-04-21 22:23:52,657 - werkzeug - INFO -  * Detected change in '/home/xiao/project/codeinsight/config.py', reloading
2025-04-21 22:23:52,695 - werkzeug - INFO -  * Restarting with stat
2025-04-21 22:23:52,867 - app - INFO - 日志系统初始化完成
2025-04-21 22:23:52,867 - app - INFO - CodeInsight 启动于环境: default
2025-04-21 22:23:52,867 - app - INFO - 调试模式: 开启
2025-04-21 22:23:52,871 - werkzeug - WARNING -  * Debugger is active!
2025-04-21 22:23:52,871 - werkzeug - INFO -  * Debugger PIN: 441-384-867
2025-04-21 22:23:55,812 - app.routes - DEBUG - 访问任务进度页面: 22e1a363-9dd5-4179-bd42-b330faa76caf
2025-04-21 22:23:55,821 - werkzeug - INFO - 127.0.0.1 - - [21/Apr/2025 22:23:55] "GET /analysis/progress/22e1a363-9dd5-4179-bd42-b330faa76caf HTTP/1.1" 200 -
2025-04-21 22:23:55,856 - werkzeug - INFO - 127.0.0.1 - - [21/Apr/2025 22:23:55] "GET /api/analysis/status/22e1a363-9dd5-4179-bd42-b330faa76caf HTTP/1.1" 200 -
2025-04-21 22:23:55,865 - werkzeug - INFO - 127.0.0.1 - - [21/Apr/2025 22:23:55] "GET /api/analysis/status/22e1a363-9dd5-4179-bd42-b330faa76caf HTTP/1.1" 200 -
2025-04-21 22:23:59,860 - app.routes - DEBUG - 访问首页
2025-04-21 22:23:59,862 - werkzeug - INFO - 127.0.0.1 - - [21/Apr/2025 22:23:59] "GET / HTTP/1.1" 200 -
2025-04-21 22:24:05,964 - app.routes - INFO - 收到分析请求: git@github.com:Penniesaba/CAPI2, 语言: python, 协议: ssh
2025-04-21 22:24:05,965 - werkzeug - INFO - 127.0.0.1 - - [21/Apr/2025 22:24:05] "[32mPOST /analyze HTTP/1.1[0m" 302 -
2025-04-21 22:24:05,965 - app.routes - INFO - 正在克隆仓库: git@github.com:Penniesaba/CAPI2
2025-04-21 22:24:05,965 - app.utils.git - INFO - 克隆仓库: git@github.com:Penniesaba/CAPI2 到 /home/xiao/project/codeinsight/cache/repos/0e547c22-ade6-4af9-8b7f-ab6ca9f71875, 协议: ssh
2025-04-21 22:24:05,965 - app.utils.git - DEBUG - 标准化仓库URL: git@github.com:Penniesaba/CAPI2, 协议: ssh
2025-04-21 22:24:05,966 - app.utils.git - DEBUG - URL标准化结果: git@github.com:Penniesaba/CAPI2 -> git@github.com:Penniesaba/CAPI2.git
2025-04-21 22:24:05,966 - app.utils.git - DEBUG - 处理后的URL: git@github.com:Penniesaba/CAPI2.git
2025-04-21 22:24:05,966 - app.utils.git - DEBUG - 执行命令: git clone --depth=1 git@github.com:Penniesaba/CAPI2.git /home/xiao/project/codeinsight/cache/repos/0e547c22-ade6-4af9-8b7f-ab6ca9f71875/CAPI2
2025-04-21 22:24:05,973 - app.routes - DEBUG - 访问任务进度页面: 0e547c22-ade6-4af9-8b7f-ab6ca9f71875
2025-04-21 22:24:05,973 - werkzeug - INFO - 127.0.0.1 - - [21/Apr/2025 22:24:05] "GET /analysis/progress/0e547c22-ade6-4af9-8b7f-ab6ca9f71875 HTTP/1.1" 200 -
2025-04-21 22:24:05,989 - werkzeug - INFO - 127.0.0.1 - - [21/Apr/2025 22:24:05] "GET /api/analysis/status/0e547c22-ade6-4af9-8b7f-ab6ca9f71875 HTTP/1.1" 200 -
2025-04-21 22:24:05,999 - werkzeug - INFO - 127.0.0.1 - - [21/Apr/2025 22:24:05] "GET /api/analysis/status/0e547c22-ade6-4af9-8b7f-ab6ca9f71875 HTTP/1.1" 200 -
2025-04-21 22:24:08,003 - werkzeug - INFO - 127.0.0.1 - - [21/Apr/2025 22:24:08] "GET /api/analysis/status/0e547c22-ade6-4af9-8b7f-ab6ca9f71875 HTTP/1.1" 200 -
2025-04-21 22:24:08,006 - werkzeug - INFO - 127.0.0.1 - - [21/Apr/2025 22:24:08] "GET /api/analysis/status/0e547c22-ade6-4af9-8b7f-ab6ca9f71875 HTTP/1.1" 200 -
2025-04-21 22:24:10,009 - werkzeug - INFO - 127.0.0.1 - - [21/Apr/2025 22:24:10] "GET /api/analysis/status/0e547c22-ade6-4af9-8b7f-ab6ca9f71875 HTTP/1.1" 200 -
2025-04-21 22:24:10,011 - werkzeug - INFO - 127.0.0.1 - - [21/Apr/2025 22:24:10] "GET /api/analysis/status/0e547c22-ade6-4af9-8b7f-ab6ca9f71875 HTTP/1.1" 200 -
2025-04-21 22:24:12,014 - werkzeug - INFO - 127.0.0.1 - - [21/Apr/2025 22:24:12] "GET /api/analysis/status/0e547c22-ade6-4af9-8b7f-ab6ca9f71875 HTTP/1.1" 200 -
2025-04-21 22:24:12,017 - werkzeug - INFO - 127.0.0.1 - - [21/Apr/2025 22:24:12] "GET /api/analysis/status/0e547c22-ade6-4af9-8b7f-ab6ca9f71875 HTTP/1.1" 200 -
2025-04-21 22:24:14,020 - werkzeug - INFO - 127.0.0.1 - - [21/Apr/2025 22:24:14] "GET /api/analysis/status/0e547c22-ade6-4af9-8b7f-ab6ca9f71875 HTTP/1.1" 200 -
2025-04-21 22:24:14,023 - werkzeug - INFO - 127.0.0.1 - - [21/Apr/2025 22:24:14] "GET /api/analysis/status/0e547c22-ade6-4af9-8b7f-ab6ca9f71875 HTTP/1.1" 200 -
2025-04-21 22:24:16,026 - werkzeug - INFO - 127.0.0.1 - - [21/Apr/2025 22:24:16] "GET /api/analysis/status/0e547c22-ade6-4af9-8b7f-ab6ca9f71875 HTTP/1.1" 200 -
2025-04-21 22:24:16,029 - werkzeug - INFO - 127.0.0.1 - - [21/Apr/2025 22:24:16] "GET /api/analysis/status/0e547c22-ade6-4af9-8b7f-ab6ca9f71875 HTTP/1.1" 200 -
2025-04-21 22:24:18,032 - werkzeug - INFO - 127.0.0.1 - - [21/Apr/2025 22:24:18] "GET /api/analysis/status/0e547c22-ade6-4af9-8b7f-ab6ca9f71875 HTTP/1.1" 200 -
2025-04-21 22:24:18,034 - werkzeug - INFO - 127.0.0.1 - - [21/Apr/2025 22:24:18] "GET /api/analysis/status/0e547c22-ade6-4af9-8b7f-ab6ca9f71875 HTTP/1.1" 200 -
2025-04-21 22:24:20,037 - werkzeug - INFO - 127.0.0.1 - - [21/Apr/2025 22:24:20] "GET /api/analysis/status/0e547c22-ade6-4af9-8b7f-ab6ca9f71875 HTTP/1.1" 200 -
2025-04-21 22:24:20,039 - werkzeug - INFO - 127.0.0.1 - - [21/Apr/2025 22:24:20] "GET /api/analysis/status/0e547c22-ade6-4af9-8b7f-ab6ca9f71875 HTTP/1.1" 200 -
2025-04-21 22:24:22,042 - werkzeug - INFO - 127.0.0.1 - - [21/Apr/2025 22:24:22] "GET /api/analysis/status/0e547c22-ade6-4af9-8b7f-ab6ca9f71875 HTTP/1.1" 200 -
2025-04-21 22:24:22,045 - werkzeug - INFO - 127.0.0.1 - - [21/Apr/2025 22:24:22] "GET /api/analysis/status/0e547c22-ade6-4af9-8b7f-ab6ca9f71875 HTTP/1.1" 200 -
2025-04-21 22:24:24,048 - werkzeug - INFO - 127.0.0.1 - - [21/Apr/2025 22:24:24] "GET /api/analysis/status/0e547c22-ade6-4af9-8b7f-ab6ca9f71875 HTTP/1.1" 200 -
2025-04-21 22:24:24,051 - werkzeug - INFO - 127.0.0.1 - - [21/Apr/2025 22:24:24] "GET /api/analysis/status/0e547c22-ade6-4af9-8b7f-ab6ca9f71875 HTTP/1.1" 200 -
2025-04-21 22:24:26,054 - werkzeug - INFO - 127.0.0.1 - - [21/Apr/2025 22:24:26] "GET /api/analysis/status/0e547c22-ade6-4af9-8b7f-ab6ca9f71875 HTTP/1.1" 200 -
2025-04-21 22:24:26,057 - werkzeug - INFO - 127.0.0.1 - - [21/Apr/2025 22:24:26] "GET /api/analysis/status/0e547c22-ade6-4af9-8b7f-ab6ca9f71875 HTTP/1.1" 200 -
2025-04-21 22:24:28,060 - werkzeug - INFO - 127.0.0.1 - - [21/Apr/2025 22:24:28] "GET /api/analysis/status/0e547c22-ade6-4af9-8b7f-ab6ca9f71875 HTTP/1.1" 200 -
2025-04-21 22:24:28,063 - werkzeug - INFO - 127.0.0.1 - - [21/Apr/2025 22:24:28] "GET /api/analysis/status/0e547c22-ade6-4af9-8b7f-ab6ca9f71875 HTTP/1.1" 200 -
2025-04-21 22:24:30,066 - werkzeug - INFO - 127.0.0.1 - - [21/Apr/2025 22:24:30] "GET /api/analysis/status/0e547c22-ade6-4af9-8b7f-ab6ca9f71875 HTTP/1.1" 200 -
2025-04-21 22:24:30,069 - werkzeug - INFO - 127.0.0.1 - - [21/Apr/2025 22:24:30] "GET /api/analysis/status/0e547c22-ade6-4af9-8b7f-ab6ca9f71875 HTTP/1.1" 200 -
2025-04-21 22:24:32,072 - werkzeug - INFO - 127.0.0.1 - - [21/Apr/2025 22:24:32] "GET /api/analysis/status/0e547c22-ade6-4af9-8b7f-ab6ca9f71875 HTTP/1.1" 200 -
2025-04-21 22:24:32,074 - werkzeug - INFO - 127.0.0.1 - - [21/Apr/2025 22:24:32] "GET /api/analysis/status/0e547c22-ade6-4af9-8b7f-ab6ca9f71875 HTTP/1.1" 200 -
2025-04-21 22:24:34,077 - werkzeug - INFO - 127.0.0.1 - - [21/Apr/2025 22:24:34] "GET /api/analysis/status/0e547c22-ade6-4af9-8b7f-ab6ca9f71875 HTTP/1.1" 200 -
2025-04-21 22:24:34,079 - werkzeug - INFO - 127.0.0.1 - - [21/Apr/2025 22:24:34] "GET /api/analysis/status/0e547c22-ade6-4af9-8b7f-ab6ca9f71875 HTTP/1.1" 200 -
2025-04-21 22:24:36,082 - werkzeug - INFO - 127.0.0.1 - - [21/Apr/2025 22:24:36] "GET /api/analysis/status/0e547c22-ade6-4af9-8b7f-ab6ca9f71875 HTTP/1.1" 200 -
2025-04-21 22:24:36,085 - werkzeug - INFO - 127.0.0.1 - - [21/Apr/2025 22:24:36] "GET /api/analysis/status/0e547c22-ade6-4af9-8b7f-ab6ca9f71875 HTTP/1.1" 200 -
2025-04-21 22:24:38,088 - werkzeug - INFO - 127.0.0.1 - - [21/Apr/2025 22:24:38] "GET /api/analysis/status/0e547c22-ade6-4af9-8b7f-ab6ca9f71875 HTTP/1.1" 200 -
2025-04-21 22:24:38,091 - werkzeug - INFO - 127.0.0.1 - - [21/Apr/2025 22:24:38] "GET /api/analysis/status/0e547c22-ade6-4af9-8b7f-ab6ca9f71875 HTTP/1.1" 200 -
2025-04-21 22:24:40,094 - werkzeug - INFO - 127.0.0.1 - - [21/Apr/2025 22:24:40] "GET /api/analysis/status/0e547c22-ade6-4af9-8b7f-ab6ca9f71875 HTTP/1.1" 200 -
2025-04-21 22:24:40,097 - werkzeug - INFO - 127.0.0.1 - - [21/Apr/2025 22:24:40] "GET /api/analysis/status/0e547c22-ade6-4af9-8b7f-ab6ca9f71875 HTTP/1.1" 200 -
2025-04-21 22:24:42,100 - werkzeug - INFO - 127.0.0.1 - - [21/Apr/2025 22:24:42] "GET /api/analysis/status/0e547c22-ade6-4af9-8b7f-ab6ca9f71875 HTTP/1.1" 200 -
2025-04-21 22:24:42,103 - werkzeug - INFO - 127.0.0.1 - - [21/Apr/2025 22:24:42] "GET /api/analysis/status/0e547c22-ade6-4af9-8b7f-ab6ca9f71875 HTTP/1.1" 200 -
2025-04-21 22:24:44,105 - werkzeug - INFO - 127.0.0.1 - - [21/Apr/2025 22:24:44] "GET /api/analysis/status/0e547c22-ade6-4af9-8b7f-ab6ca9f71875 HTTP/1.1" 200 -
2025-04-21 22:24:44,108 - werkzeug - INFO - 127.0.0.1 - - [21/Apr/2025 22:24:44] "GET /api/analysis/status/0e547c22-ade6-4af9-8b7f-ab6ca9f71875 HTTP/1.1" 200 -
2025-04-21 22:24:46,111 - werkzeug - INFO - 127.0.0.1 - - [21/Apr/2025 22:24:46] "GET /api/analysis/status/0e547c22-ade6-4af9-8b7f-ab6ca9f71875 HTTP/1.1" 200 -
2025-04-21 22:24:46,113 - werkzeug - INFO - 127.0.0.1 - - [21/Apr/2025 22:24:46] "GET /api/analysis/status/0e547c22-ade6-4af9-8b7f-ab6ca9f71875 HTTP/1.1" 200 -
2025-04-21 22:24:48,116 - werkzeug - INFO - 127.0.0.1 - - [21/Apr/2025 22:24:48] "GET /api/analysis/status/0e547c22-ade6-4af9-8b7f-ab6ca9f71875 HTTP/1.1" 200 -
2025-04-21 22:24:48,119 - werkzeug - INFO - 127.0.0.1 - - [21/Apr/2025 22:24:48] "GET /api/analysis/status/0e547c22-ade6-4af9-8b7f-ab6ca9f71875 HTTP/1.1" 200 -
2025-04-21 22:24:50,122 - werkzeug - INFO - 127.0.0.1 - - [21/Apr/2025 22:24:50] "GET /api/analysis/status/0e547c22-ade6-4af9-8b7f-ab6ca9f71875 HTTP/1.1" 200 -
2025-04-21 22:24:50,124 - werkzeug - INFO - 127.0.0.1 - - [21/Apr/2025 22:24:50] "GET /api/analysis/status/0e547c22-ade6-4af9-8b7f-ab6ca9f71875 HTTP/1.1" 200 -
2025-04-21 22:24:52,127 - werkzeug - INFO - 127.0.0.1 - - [21/Apr/2025 22:24:52] "GET /api/analysis/status/0e547c22-ade6-4af9-8b7f-ab6ca9f71875 HTTP/1.1" 200 -
2025-04-21 22:24:52,130 - werkzeug - INFO - 127.0.0.1 - - [21/Apr/2025 22:24:52] "GET /api/analysis/status/0e547c22-ade6-4af9-8b7f-ab6ca9f71875 HTTP/1.1" 200 -
2025-04-21 22:24:54,133 - werkzeug - INFO - 127.0.0.1 - - [21/Apr/2025 22:24:54] "GET /api/analysis/status/0e547c22-ade6-4af9-8b7f-ab6ca9f71875 HTTP/1.1" 200 -
2025-04-21 22:24:54,135 - werkzeug - INFO - 127.0.0.1 - - [21/Apr/2025 22:24:54] "GET /api/analysis/status/0e547c22-ade6-4af9-8b7f-ab6ca9f71875 HTTP/1.1" 200 -
2025-04-21 22:24:56,138 - werkzeug - INFO - 127.0.0.1 - - [21/Apr/2025 22:24:56] "GET /api/analysis/status/0e547c22-ade6-4af9-8b7f-ab6ca9f71875 HTTP/1.1" 200 -
2025-04-21 22:24:56,141 - werkzeug - INFO - 127.0.0.1 - - [21/Apr/2025 22:24:56] "GET /api/analysis/status/0e547c22-ade6-4af9-8b7f-ab6ca9f71875 HTTP/1.1" 200 -
2025-04-21 22:24:58,144 - werkzeug - INFO - 127.0.0.1 - - [21/Apr/2025 22:24:58] "GET /api/analysis/status/0e547c22-ade6-4af9-8b7f-ab6ca9f71875 HTTP/1.1" 200 -
2025-04-21 22:24:58,146 - werkzeug - INFO - 127.0.0.1 - - [21/Apr/2025 22:24:58] "GET /api/analysis/status/0e547c22-ade6-4af9-8b7f-ab6ca9f71875 HTTP/1.1" 200 -
2025-04-21 22:24:59,479 - app.utils.git - INFO - 仓库克隆成功: /home/xiao/project/codeinsight/cache/repos/0e547c22-ade6-4af9-8b7f-ab6ca9f71875/CAPI2
2025-04-21 22:24:59,479 - app.utils.git - DEBUG - 检查仓库有效性: /home/xiao/project/codeinsight/cache/repos/0e547c22-ade6-4af9-8b7f-ab6ca9f71875/CAPI2
2025-04-21 22:24:59,726 - app.utils.git - DEBUG - 仓库状态: 位于分支 main
您的分支与上游分支 'origin/main' 一致。

无文件要提交，干净的工作区
2025-04-21 22:24:59,726 - app.routes - INFO - 仓库克隆完成: git@github.com:Penniesaba/CAPI2 -> /home/xiao/project/codeinsight/cache/repos/0e547c22-ade6-4af9-8b7f-ab6ca9f71875/CAPI2
2025-04-21 22:25:00,546 - app.codeql.analyzer - INFO - CodeQL版本: CodeQL command-line toolchain release 2.20.7.
Copyright (C) 2019-2025 GitHub, Inc.
Unpacked in: /opt/codeql
   Analysis results depend critically on separately distributed query and
   extractor modules. To list modules that are visible to the toolchain,
   use 'codeql resolve packs' and 'codeql resolve languages'.
2025-04-21 22:25:00,546 - app.codeql.analyzer - DEBUG - CodeQL分析器初始化完成
2025-04-21 22:25:00,546 - app.routes - INFO - 开始CodeQL分析: 0e547c22-ade6-4af9-8b7f-ab6ca9f71875
2025-04-21 22:25:00,546 - app.codeql.analyzer - INFO - 开始分析仓库: /home/xiao/project/codeinsight/cache/repos/0e547c22-ade6-4af9-8b7f-ab6ca9f71875/CAPI2, 语言: python
2025-04-21 22:25:00,547 - app.codeql.analyzer - INFO - 创建CodeQL数据库: /tmp/tmpb_oasyr3/codeql_db
2025-04-21 22:25:00,547 - app.codeql.analyzer - DEBUG - 执行命令: codeql database create --language=python --source-root=/home/xiao/project/codeinsight/cache/repos/0e547c22-ade6-4af9-8b7f-ab6ca9f71875/CAPI2 /tmp/tmpb_oasyr3/codeql_db
2025-04-21 22:25:04,205 - app.codeql.analyzer - INFO - 数据库创建成功
2025-04-21 22:25:04,206 - app.codeql.analyzer - INFO - 运行CodeQL查询
2025-04-21 22:25:04,206 - app.codeql.analyzer - INFO - 运行查询包: codeql/python/ql/src/Security/python-security-and-quality.qls
2025-04-21 22:25:04,206 - app.codeql.analyzer - DEBUG - 执行命令: codeql database analyze --format=json --output=/tmp/tmpfthm7n28.json /tmp/tmpb_oasyr3/codeql_db codeql/python/ql/src/Security/python-security-and-quality.qls
2025-04-21 22:25:04,545 - app.codeql.analyzer - ERROR - 查询执行失败: Invalid value for option '--format': expected one of [csv, sarif-latest, sarifv1, sarifv2, sarifv2.1.0, graphtext, dot, dgml, lgtm] (case-sensitive) but was 'json'
Try codeql database analyze --help for usage help.

2025-04-21 22:25:04,545 - app.codeql.analyzer - INFO - 查询完成，共找到 0 条结果
2025-04-21 22:25:04,545 - app.codeql.analyzer - INFO - 处理查询结果
2025-04-21 22:25:04,548 - app.llm.enhancer - WARNING - 未设置LLM API密钥，将使用模拟增强模式
2025-04-21 22:25:04,548 - app.llm.enhancer - DEBUG - LLM增强器初始化完成
2025-04-21 22:25:04,548 - app.routes - INFO - 开始LLM增强分析: 0e547c22-ade6-4af9-8b7f-ab6ca9f71875
2025-04-21 22:25:04,548 - app.llm.enhancer - INFO - 开始增强分析结果
2025-04-21 22:25:04,548 - app.llm.enhancer - INFO - 使用模拟增强模式
2025-04-21 22:25:04,549 - app.llm.enhancer - INFO - 使用模拟方法增强结果
2025-04-21 22:25:04,549 - app.routes - INFO - 分析完成: 0e547c22-ade6-4af9-8b7f-ab6ca9f71875
2025-04-21 22:25:04,550 - werkzeug - INFO - 127.0.0.1 - - [21/Apr/2025 22:25:04] "GET /api/analysis/status/0e547c22-ade6-4af9-8b7f-ab6ca9f71875 HTTP/1.1" 200 -
2025-04-21 22:25:04,552 - werkzeug - INFO - 127.0.0.1 - - [21/Apr/2025 22:25:04] "GET /api/analysis/status/0e547c22-ade6-4af9-8b7f-ab6ca9f71875 HTTP/1.1" 200 -
2025-04-21 22:25:06,562 - app.routes - DEBUG - 访问报告页面: 0e547c22-ade6-4af9-8b7f-ab6ca9f71875
2025-04-21 22:25:06,591 - werkzeug - INFO - 127.0.0.1 - - [21/Apr/2025 22:25:06] "GET /report/0e547c22-ade6-4af9-8b7f-ab6ca9f71875 HTTP/1.1" 200 -
2025-04-21 22:38:25,450 - werkzeug - INFO -  * Detected change in '/home/xiao/project/codeinsight/app/routes.py', reloading
2025-04-21 22:38:25,474 - werkzeug - INFO -  * Restarting with stat
2025-04-21 22:38:25,629 - app - INFO - 日志系统初始化完成
2025-04-21 22:38:25,629 - app - INFO - CodeInsight 启动于环境: default
2025-04-21 22:38:25,630 - app - INFO - 调试模式: 开启
2025-04-21 22:38:25,634 - werkzeug - WARNING -  * Debugger is active!
2025-04-21 22:38:25,634 - werkzeug - INFO -  * Debugger PIN: 441-384-867
2025-04-21 22:39:45,368 - werkzeug - INFO -  * Detected change in '/home/xiao/project/codeinsight/app/routes.py', reloading
2025-04-21 22:39:45,392 - werkzeug - INFO -  * Restarting with stat
2025-04-21 22:39:45,553 - app - INFO - 日志系统初始化完成
2025-04-21 22:39:45,553 - app - INFO - CodeInsight 启动于环境: default
2025-04-21 22:39:45,553 - app - INFO - 调试模式: 开启
2025-04-21 22:39:45,557 - werkzeug - WARNING -  * Debugger is active!
2025-04-21 22:39:45,558 - werkzeug - INFO -  * Debugger PIN: 441-384-867
2025-04-21 22:39:53,365 - app.routes - DEBUG - 访问报告页面: 0e547c22-ade6-4af9-8b7f-ab6ca9f71875
2025-04-21 22:39:53,399 - werkzeug - INFO - 127.0.0.1 - - [21/Apr/2025 22:39:53] "GET /report/0e547c22-ade6-4af9-8b7f-ab6ca9f71875 HTTP/1.1" 200 -
2025-04-21 22:39:57,578 - app.routes - DEBUG - 访问首页
2025-04-21 22:39:57,581 - werkzeug - INFO - 127.0.0.1 - - [21/Apr/2025 22:39:57] "GET / HTTP/1.1" 200 -
2025-04-21 22:40:02,879 - app.routes - INFO - 收到分析请求: git@github.com:Penniesaba/CAPI2, 语言: python, 协议: ssh
2025-04-21 22:40:02,880 - werkzeug - INFO - 127.0.0.1 - - [21/Apr/2025 22:40:02] "[32mPOST /analyze HTTP/1.1[0m" 302 -
2025-04-21 22:40:02,880 - app.routes - INFO - 正在克隆仓库: git@github.com:Penniesaba/CAPI2
2025-04-21 22:40:02,880 - app.utils.git - INFO - 克隆仓库: git@github.com:Penniesaba/CAPI2 到 /home/xiao/project/codeinsight/cache/repos/0b779bd7-df33-4282-af70-986b2e4097f5, 协议: ssh
2025-04-21 22:40:02,880 - app.utils.git - DEBUG - 标准化仓库URL: git@github.com:Penniesaba/CAPI2, 协议: ssh
2025-04-21 22:40:02,881 - app.utils.git - DEBUG - URL标准化结果: git@github.com:Penniesaba/CAPI2 -> git@github.com:Penniesaba/CAPI2.git
2025-04-21 22:40:02,881 - app.utils.git - DEBUG - 处理后的URL: git@github.com:Penniesaba/CAPI2.git
2025-04-21 22:40:02,881 - app.utils.git - DEBUG - 执行命令: git clone --depth=1 git@github.com:Penniesaba/CAPI2.git /home/xiao/project/codeinsight/cache/repos/0b779bd7-df33-4282-af70-986b2e4097f5/CAPI2
2025-04-21 22:40:02,887 - app.routes - DEBUG - 访问任务进度页面: 0b779bd7-df33-4282-af70-986b2e4097f5
2025-04-21 22:40:02,892 - werkzeug - INFO - 127.0.0.1 - - [21/Apr/2025 22:40:02] "GET /analysis/progress/0b779bd7-df33-4282-af70-986b2e4097f5 HTTP/1.1" 200 -
2025-04-21 22:40:02,905 - werkzeug - INFO - 127.0.0.1 - - [21/Apr/2025 22:40:02] "GET /api/analysis/status/0b779bd7-df33-4282-af70-986b2e4097f5 HTTP/1.1" 200 -
2025-04-21 22:40:02,916 - werkzeug - INFO - 127.0.0.1 - - [21/Apr/2025 22:40:02] "GET /api/analysis/status/0b779bd7-df33-4282-af70-986b2e4097f5 HTTP/1.1" 200 -
2025-04-21 22:40:04,919 - werkzeug - INFO - 127.0.0.1 - - [21/Apr/2025 22:40:04] "GET /api/analysis/status/0b779bd7-df33-4282-af70-986b2e4097f5 HTTP/1.1" 200 -
2025-04-21 22:40:04,922 - werkzeug - INFO - 127.0.0.1 - - [21/Apr/2025 22:40:04] "GET /api/analysis/status/0b779bd7-df33-4282-af70-986b2e4097f5 HTTP/1.1" 200 -
2025-04-21 22:40:06,925 - werkzeug - INFO - 127.0.0.1 - - [21/Apr/2025 22:40:06] "GET /api/analysis/status/0b779bd7-df33-4282-af70-986b2e4097f5 HTTP/1.1" 200 -
2025-04-21 22:40:06,927 - werkzeug - INFO - 127.0.0.1 - - [21/Apr/2025 22:40:06] "GET /api/analysis/status/0b779bd7-df33-4282-af70-986b2e4097f5 HTTP/1.1" 200 -
2025-04-21 22:40:08,930 - werkzeug - INFO - 127.0.0.1 - - [21/Apr/2025 22:40:08] "GET /api/analysis/status/0b779bd7-df33-4282-af70-986b2e4097f5 HTTP/1.1" 200 -
2025-04-21 22:40:08,933 - werkzeug - INFO - 127.0.0.1 - - [21/Apr/2025 22:40:08] "GET /api/analysis/status/0b779bd7-df33-4282-af70-986b2e4097f5 HTTP/1.1" 200 -
2025-04-21 22:40:10,936 - werkzeug - INFO - 127.0.0.1 - - [21/Apr/2025 22:40:10] "GET /api/analysis/status/0b779bd7-df33-4282-af70-986b2e4097f5 HTTP/1.1" 200 -
2025-04-21 22:40:10,938 - werkzeug - INFO - 127.0.0.1 - - [21/Apr/2025 22:40:10] "GET /api/analysis/status/0b779bd7-df33-4282-af70-986b2e4097f5 HTTP/1.1" 200 -
2025-04-21 22:40:12,941 - werkzeug - INFO - 127.0.0.1 - - [21/Apr/2025 22:40:12] "GET /api/analysis/status/0b779bd7-df33-4282-af70-986b2e4097f5 HTTP/1.1" 200 -
2025-04-21 22:40:12,944 - werkzeug - INFO - 127.0.0.1 - - [21/Apr/2025 22:40:12] "GET /api/analysis/status/0b779bd7-df33-4282-af70-986b2e4097f5 HTTP/1.1" 200 -
2025-04-21 22:40:14,947 - werkzeug - INFO - 127.0.0.1 - - [21/Apr/2025 22:40:14] "GET /api/analysis/status/0b779bd7-df33-4282-af70-986b2e4097f5 HTTP/1.1" 200 -
2025-04-21 22:40:14,950 - werkzeug - INFO - 127.0.0.1 - - [21/Apr/2025 22:40:14] "GET /api/analysis/status/0b779bd7-df33-4282-af70-986b2e4097f5 HTTP/1.1" 200 -
2025-04-21 22:40:16,953 - werkzeug - INFO - 127.0.0.1 - - [21/Apr/2025 22:40:16] "GET /api/analysis/status/0b779bd7-df33-4282-af70-986b2e4097f5 HTTP/1.1" 200 -
2025-04-21 22:40:16,956 - werkzeug - INFO - 127.0.0.1 - - [21/Apr/2025 22:40:16] "GET /api/analysis/status/0b779bd7-df33-4282-af70-986b2e4097f5 HTTP/1.1" 200 -
2025-04-21 22:40:18,959 - werkzeug - INFO - 127.0.0.1 - - [21/Apr/2025 22:40:18] "GET /api/analysis/status/0b779bd7-df33-4282-af70-986b2e4097f5 HTTP/1.1" 200 -
2025-04-21 22:40:18,962 - werkzeug - INFO - 127.0.0.1 - - [21/Apr/2025 22:40:18] "GET /api/analysis/status/0b779bd7-df33-4282-af70-986b2e4097f5 HTTP/1.1" 200 -
2025-04-21 22:40:20,965 - werkzeug - INFO - 127.0.0.1 - - [21/Apr/2025 22:40:20] "GET /api/analysis/status/0b779bd7-df33-4282-af70-986b2e4097f5 HTTP/1.1" 200 -
2025-04-21 22:40:20,968 - werkzeug - INFO - 127.0.0.1 - - [21/Apr/2025 22:40:20] "GET /api/analysis/status/0b779bd7-df33-4282-af70-986b2e4097f5 HTTP/1.1" 200 -
2025-04-21 22:40:22,506 - app.routes - DEBUG - 访问历史记录页面
2025-04-21 22:40:22,516 - werkzeug - INFO - 127.0.0.1 - - [21/Apr/2025 22:40:22] "GET /history HTTP/1.1" 200 -
2025-04-21 22:40:26,506 - app.routes - DEBUG - 访问报告页面: 0e547c22-ade6-4af9-8b7f-ab6ca9f71875
2025-04-21 22:40:26,507 - werkzeug - INFO - 127.0.0.1 - - [21/Apr/2025 22:40:26] "GET /report/0e547c22-ade6-4af9-8b7f-ab6ca9f71875 HTTP/1.1" 200 -
2025-04-23 12:02:04,252 - app - INFO - 日志系统初始化完成
2025-04-23 12:02:04,252 - app - INFO - CodeInsight 启动于环境: default
2025-04-23 12:02:04,252 - app - INFO - 调试模式: 开启
2025-04-23 12:02:04,256 - werkzeug - INFO - [31m[1mWARNING: This is a development server. Do not use it in a production deployment. Use a production WSGI server instead.[0m
 * Running on all addresses (0.0.0.0)
 * Running on http://127.0.0.1:5000
 * Running on http://10.122.241.3:5000
2025-04-23 12:02:04,257 - werkzeug - INFO - [33mPress CTRL+C to quit[0m
2025-04-23 12:02:04,257 - werkzeug - INFO -  * Restarting with stat
2025-04-23 12:02:04,397 - app - INFO - 日志系统初始化完成
2025-04-23 12:02:04,397 - app - INFO - CodeInsight 启动于环境: default
2025-04-23 12:02:04,397 - app - INFO - 调试模式: 开启
2025-04-23 12:02:04,401 - werkzeug - WARNING -  * Debugger is active!
2025-04-23 12:02:04,401 - werkzeug - INFO -  * Debugger PIN: 396-171-423
2025-04-23 12:02:39,242 - app.routes - DEBUG - 访问首页
2025-04-23 12:02:39,249 - werkzeug - INFO - 127.0.0.1 - - [23/Apr/2025 12:02:39] "GET / HTTP/1.1" 200 -
2025-04-23 12:02:39,336 - app - WARNING - 页面未找到: 404 Not Found: The requested URL was not found on the server. If you entered the URL manually please check your spelling and try again.
2025-04-23 12:02:39,337 - werkzeug - INFO - 127.0.0.1 - - [23/Apr/2025 12:02:39] "[33mGET /favicon.ico HTTP/1.1[0m" 404 -
2025-04-23 12:06:27,272 - werkzeug - INFO -  * Detected change in '/home/xiao/project/codeinsight/app/routes.py', reloading
2025-04-23 12:06:27,297 - werkzeug - INFO -  * Restarting with stat
2025-04-23 12:06:27,453 - app - INFO - 日志系统初始化完成
2025-04-23 12:06:27,453 - app - INFO - CodeInsight 启动于环境: default
2025-04-23 12:06:27,453 - app - INFO - 调试模式: 开启
2025-04-23 12:06:27,457 - werkzeug - WARNING -  * Debugger is active!
2025-04-23 12:06:27,457 - werkzeug - INFO -  * Debugger PIN: 396-171-423
2025-04-23 12:13:39,919 - werkzeug - INFO -  * Detected change in '/home/xiao/project/codeinsight/app/routes.py', reloading
2025-04-23 12:13:39,941 - werkzeug - INFO -  * Restarting with stat
2025-04-23 12:13:40,089 - app - INFO - 日志系统初始化完成
2025-04-23 12:13:40,089 - app - INFO - CodeInsight 启动于环境: default
2025-04-23 12:13:40,089 - app - INFO - 调试模式: 开启
2025-04-23 12:13:40,093 - werkzeug - WARNING -  * Debugger is active!
2025-04-23 12:13:40,094 - werkzeug - INFO -  * Debugger PIN: 396-171-423
2025-04-23 12:14:44,369 - werkzeug - INFO -  * Detected change in '/home/xiao/project/codeinsight/app/utils/git.py', reloading
2025-04-23 12:14:44,393 - werkzeug - INFO -  * Restarting with stat
2025-04-23 12:14:44,543 - app - INFO - 日志系统初始化完成
2025-04-23 12:14:44,543 - app - INFO - CodeInsight 启动于环境: default
2025-04-23 12:14:44,543 - app - INFO - 调试模式: 开启
2025-04-23 12:14:44,547 - werkzeug - WARNING -  * Debugger is active!
2025-04-23 12:14:44,547 - werkzeug - INFO -  * Debugger PIN: 396-171-423
2025-04-23 12:17:53,887 - werkzeug - INFO -  * Detected change in '/home/xiao/project/codeinsight/app/utils/git.py', reloading
2025-04-23 12:17:53,915 - werkzeug - INFO -  * Restarting with stat
2025-04-23 12:17:54,081 - app - INFO - 日志系统初始化完成
2025-04-23 12:17:54,081 - app - INFO - CodeInsight 启动于环境: default
2025-04-23 12:17:54,081 - app - INFO - 调试模式: 开启
2025-04-23 12:17:54,085 - werkzeug - WARNING -  * Debugger is active!
2025-04-23 12:17:54,085 - werkzeug - INFO -  * Debugger PIN: 396-171-423
2025-04-23 12:17:57,900 - app.routes - DEBUG - 访问首页
2025-04-23 12:17:57,908 - werkzeug - INFO - 127.0.0.1 - - [23/Apr/2025 12:17:57] "GET / HTTP/1.1" 200 -
2025-04-23 12:18:07,609 - app.routes - DEBUG - 访问历史记录页面
2025-04-23 12:18:07,619 - werkzeug - INFO - 127.0.0.1 - - [23/Apr/2025 12:18:07] "GET /history HTTP/1.1" 200 -
2025-04-23 12:18:09,136 - app.routes - DEBUG - 访问首页
2025-04-23 12:18:09,137 - werkzeug - INFO - 127.0.0.1 - - [23/Apr/2025 12:18:09] "GET / HTTP/1.1" 200 -
2025-04-23 12:18:56,554 - app - INFO - 日志系统初始化完成
2025-04-23 12:18:56,554 - app - INFO - CodeInsight 启动于环境: default
2025-04-23 12:18:56,554 - app - INFO - 调试模式: 开启
2025-04-23 12:18:56,559 - werkzeug - INFO - [31m[1mWARNING: This is a development server. Do not use it in a production deployment. Use a production WSGI server instead.[0m
 * Running on all addresses (0.0.0.0)
 * Running on http://127.0.0.1:5000
 * Running on http://10.122.241.3:5000
2025-04-23 12:18:56,559 - werkzeug - INFO - [33mPress CTRL+C to quit[0m
2025-04-23 12:18:56,559 - werkzeug - INFO -  * Restarting with stat
2025-04-23 12:18:56,699 - app - INFO - 日志系统初始化完成
2025-04-23 12:18:56,699 - app - INFO - CodeInsight 启动于环境: default
2025-04-23 12:18:56,699 - app - INFO - 调试模式: 开启
2025-04-23 12:18:56,703 - werkzeug - WARNING -  * Debugger is active!
2025-04-23 12:18:56,703 - werkzeug - INFO -  * Debugger PIN: 396-171-423
2025-04-23 12:19:00,551 - app.routes - DEBUG - 访问首页
2025-04-23 12:19:00,559 - werkzeug - INFO - 127.0.0.1 - - [23/Apr/2025 12:19:00] "GET / HTTP/1.1" 200 -
2025-04-23 12:25:25,662 - app.routes - DEBUG - 访问首页
2025-04-23 12:25:25,667 - werkzeug - INFO - 127.0.0.1 - - [23/Apr/2025 12:25:25] "GET / HTTP/1.1" 200 -
2025-04-23 12:25:27,251 - werkzeug - INFO - 127.0.0.1 - - [23/Apr/2025 12:25:27] "GET /batch_analyze HTTP/1.1" 200 -
2025-04-23 12:25:57,905 - app.routes - DEBUG - 访问历史记录页面
2025-04-23 12:25:57,914 - werkzeug - INFO - 127.0.0.1 - - [23/Apr/2025 12:25:57] "GET /history HTTP/1.1" 200 -
2025-04-23 12:33:49,047 - werkzeug - INFO -  * Detected change in '/home/xiao/project/codeinsight/app/routes.py', reloading
2025-04-23 12:33:49,071 - werkzeug - INFO -  * Restarting with stat
2025-04-23 12:33:49,229 - app - INFO - 日志系统初始化完成
2025-04-23 12:33:49,229 - app - INFO - CodeInsight 启动于环境: default
2025-04-23 12:33:49,230 - app - INFO - 调试模式: 开启
2025-04-23 12:33:49,233 - werkzeug - WARNING -  * Debugger is active!
2025-04-23 12:33:49,234 - werkzeug - INFO -  * Debugger PIN: 396-171-423
2025-04-23 12:34:41,075 - werkzeug - INFO -  * Detected change in '/home/xiao/project/codeinsight/app/routes.py', reloading
2025-04-23 12:34:41,100 - werkzeug - INFO -  * Restarting with stat
2025-04-23 12:34:41,254 - app - INFO - 日志系统初始化完成
2025-04-23 12:34:41,254 - app - INFO - CodeInsight 启动于环境: default
2025-04-23 12:34:41,255 - app - INFO - 调试模式: 开启
2025-04-23 12:34:41,259 - werkzeug - WARNING -  * Debugger is active!
2025-04-23 12:34:41,259 - werkzeug - INFO -  * Debugger PIN: 396-171-423
2025-04-23 12:34:45,959 - app.routes - DEBUG - 访问历史记录页面
2025-04-23 12:34:45,978 - werkzeug - INFO - 127.0.0.1 - - [23/Apr/2025 12:34:45] "GET /history HTTP/1.1" 200 -
2025-04-23 12:34:56,574 - app.routes - INFO - 删除任务: 22e1a363-9dd5-4179-bd42-b330faa76caf
2025-04-23 12:34:56,683 - app.routes - INFO - 已删除任务目录: /home/xiao/project/codeinsight/cache/repos/22e1a363-9dd5-4179-bd42-b330faa76caf
2025-04-23 12:34:56,684 - werkzeug - INFO - 127.0.0.1 - - [23/Apr/2025 12:34:56] "[32mGET /task/delete?task_id=22e1a363-9dd5-4179-bd42-b330faa76caf HTTP/1.1[0m" 302 -
2025-04-23 12:34:56,687 - app.routes - DEBUG - 访问历史记录页面
2025-04-23 12:34:56,688 - werkzeug - INFO - 127.0.0.1 - - [23/Apr/2025 12:34:56] "GET /history HTTP/1.1" 200 -
2025-04-23 12:35:00,127 - app.routes - INFO - 删除任务: 3d90cff5-bc3d-4fee-806e-ccc19b39ea00
2025-04-23 12:35:00,128 - app.routes - ERROR - 删除任务失败: [Errno 13] Permission denied: 'task_info.json'
Traceback (most recent call last):
  File "/home/xiao/project/codeinsight/app/routes.py", line 723, in delete_task
    shutil.rmtree(task_dir)
  File "/usr/lib/python3.10/shutil.py", line 725, in rmtree
    _rmtree_safe_fd(fd, path, onerror)
  File "/usr/lib/python3.10/shutil.py", line 681, in _rmtree_safe_fd
    onerror(os.unlink, fullname, sys.exc_info())
  File "/usr/lib/python3.10/shutil.py", line 679, in _rmtree_safe_fd
    os.unlink(entry.name, dir_fd=topfd)
PermissionError: [Errno 13] Permission denied: 'task_info.json'
2025-04-23 12:35:00,132 - werkzeug - INFO - 127.0.0.1 - - [23/Apr/2025 12:35:00] "[32mGET /task/delete?task_id=3d90cff5-bc3d-4fee-806e-ccc19b39ea00 HTTP/1.1[0m" 302 -
2025-04-23 12:35:00,135 - app.routes - DEBUG - 访问历史记录页面
2025-04-23 12:35:00,136 - werkzeug - INFO - 127.0.0.1 - - [23/Apr/2025 12:35:00] "GET /history HTTP/1.1" 200 -
2025-04-23 12:35:06,139 - app.routes - INFO - 删除任务: 0b779bd7-df33-4282-af70-986b2e4097f5
2025-04-23 12:35:06,140 - app.routes - INFO - 已删除任务目录: /home/xiao/project/codeinsight/cache/repos/0b779bd7-df33-4282-af70-986b2e4097f5
2025-04-23 12:35:06,140 - werkzeug - INFO - 127.0.0.1 - - [23/Apr/2025 12:35:06] "[32mGET /task/delete?task_id=0b779bd7-df33-4282-af70-986b2e4097f5 HTTP/1.1[0m" 302 -
2025-04-23 12:35:06,143 - app.routes - DEBUG - 访问历史记录页面
2025-04-23 12:35:06,143 - werkzeug - INFO - 127.0.0.1 - - [23/Apr/2025 12:35:06] "GET /history HTTP/1.1" 200 -
2025-04-23 12:35:10,220 - app.routes - INFO - 删除任务: 3d90cff5-bc3d-4fee-806e-ccc19b39ea00
2025-04-23 12:35:10,220 - app.routes - ERROR - 删除任务失败: [Errno 13] Permission denied: 'task_info.json'
Traceback (most recent call last):
  File "/home/xiao/project/codeinsight/app/routes.py", line 723, in delete_task
    shutil.rmtree(task_dir)
  File "/usr/lib/python3.10/shutil.py", line 725, in rmtree
    _rmtree_safe_fd(fd, path, onerror)
  File "/usr/lib/python3.10/shutil.py", line 681, in _rmtree_safe_fd
    onerror(os.unlink, fullname, sys.exc_info())
  File "/usr/lib/python3.10/shutil.py", line 679, in _rmtree_safe_fd
    os.unlink(entry.name, dir_fd=topfd)
PermissionError: [Errno 13] Permission denied: 'task_info.json'
2025-04-23 12:35:10,221 - werkzeug - INFO - 127.0.0.1 - - [23/Apr/2025 12:35:10] "[32mGET /task/delete?task_id=3d90cff5-bc3d-4fee-806e-ccc19b39ea00 HTTP/1.1[0m" 302 -
2025-04-23 12:35:10,223 - app.routes - DEBUG - 访问历史记录页面
2025-04-23 12:35:10,224 - werkzeug - INFO - 127.0.0.1 - - [23/Apr/2025 12:35:10] "GET /history HTTP/1.1" 200 -
2025-04-23 12:36:40,380 - werkzeug - INFO -  * Detected change in '/home/xiao/project/codeinsight/app/routes.py', reloading
2025-04-23 12:36:40,405 - werkzeug - INFO -  * Restarting with stat
2025-04-23 12:36:40,567 - app - INFO - 日志系统初始化完成
2025-04-23 12:36:40,567 - app - INFO - CodeInsight 启动于环境: default
2025-04-23 12:36:40,567 - app - INFO - 调试模式: 开启
2025-04-23 12:36:40,572 - werkzeug - WARNING -  * Debugger is active!
2025-04-23 12:36:40,572 - werkzeug - INFO -  * Debugger PIN: 396-171-423
2025-04-23 12:39:21,044 - werkzeug - INFO -  * Detected change in '/home/xiao/project/codeinsight/app/routes.py', reloading
2025-04-23 12:39:21,071 - werkzeug - INFO -  * Restarting with stat
2025-04-23 12:39:21,219 - app - INFO - 日志系统初始化完成
2025-04-23 12:39:21,219 - app - INFO - CodeInsight 启动于环境: default
2025-04-23 12:39:21,219 - app - INFO - 调试模式: 开启
2025-04-23 12:39:21,223 - werkzeug - WARNING -  * Debugger is active!
2025-04-23 12:39:21,224 - werkzeug - INFO -  * Debugger PIN: 396-171-423
2025-04-23 12:39:25,746 - app.routes - DEBUG - 访问历史记录页面
2025-04-23 12:39:25,761 - werkzeug - INFO - 127.0.0.1 - - [23/Apr/2025 12:39:25] "GET /history HTTP/1.1" 200 -
2025-04-23 12:39:28,943 - app.routes - INFO - 删除任务: 3d90cff5-bc3d-4fee-806e-ccc19b39ea00
2025-04-23 12:39:28,944 - app.routes - WARNING - 无法修改文件权限 /home/xiao/project/codeinsight/cache/repos/3d90cff5-bc3d-4fee-806e-ccc19b39ea00/task_info.json: [Errno 1] Operation not permitted: '/home/xiao/project/codeinsight/cache/repos/3d90cff5-bc3d-4fee-806e-ccc19b39ea00/task_info.json'
2025-04-23 12:39:28,944 - app.routes - ERROR - 删除任务目录失败 /home/xiao/project/codeinsight/cache/repos/3d90cff5-bc3d-4fee-806e-ccc19b39ea00: [Errno 13] Permission denied: 'task_info.json'
2025-04-23 12:39:28,946 - app.routes - ERROR - 使用系统命令删除失败: Command '['rm', '-rf', '/home/xiao/project/codeinsight/cache/repos/3d90cff5-bc3d-4fee-806e-ccc19b39ea00']' returned non-zero exit status 1.
2025-04-23 12:39:28,947 - werkzeug - INFO - 127.0.0.1 - - [23/Apr/2025 12:39:28] "[32mGET /task/delete?task_id=3d90cff5-bc3d-4fee-806e-ccc19b39ea00 HTTP/1.1[0m" 302 -
2025-04-23 12:39:28,950 - app.routes - DEBUG - 访问历史记录页面
2025-04-23 12:39:28,951 - werkzeug - INFO - 127.0.0.1 - - [23/Apr/2025 12:39:28] "GET /history HTTP/1.1" 200 -
2025-04-23 12:41:35,226 - app.routes - INFO - 删除任务: 3d90cff5-bc3d-4fee-806e-ccc19b39ea00
2025-04-23 12:41:35,226 - app.routes - WARNING - 无法修改文件权限 /home/xiao/project/codeinsight/cache/repos/3d90cff5-bc3d-4fee-806e-ccc19b39ea00/task_info.json: [Errno 1] Operation not permitted: '/home/xiao/project/codeinsight/cache/repos/3d90cff5-bc3d-4fee-806e-ccc19b39ea00/task_info.json'
2025-04-23 12:41:35,226 - app.routes - INFO - 已删除任务目录: /home/xiao/project/codeinsight/cache/repos/3d90cff5-bc3d-4fee-806e-ccc19b39ea00
2025-04-23 12:41:35,226 - werkzeug - INFO - 127.0.0.1 - - [23/Apr/2025 12:41:35] "[32mGET /task/delete?task_id=3d90cff5-bc3d-4fee-806e-ccc19b39ea00 HTTP/1.1[0m" 302 -
2025-04-23 12:41:35,230 - app.routes - DEBUG - 访问历史记录页面
2025-04-23 12:41:35,231 - werkzeug - INFO - 127.0.0.1 - - [23/Apr/2025 12:41:35] "GET /history HTTP/1.1" 200 -
2025-04-23 12:41:38,580 - app.routes - INFO - 删除任务: 01fd9492-63e5-401a-993e-36fc4d6578f8
2025-04-23 12:41:38,580 - app.routes - WARNING - 无法修改文件权限 /home/xiao/project/codeinsight/cache/repos/01fd9492-63e5-401a-993e-36fc4d6578f8/task_info.json: [Errno 1] Operation not permitted: '/home/xiao/project/codeinsight/cache/repos/01fd9492-63e5-401a-993e-36fc4d6578f8/task_info.json'
2025-04-23 12:41:38,580 - app.routes - WARNING - 无法修改文件权限 /home/xiao/project/codeinsight/cache/repos/01fd9492-63e5-401a-993e-36fc4d6578f8/CAPI2/.git/description: [Errno 1] Operation not permitted: '/home/xiao/project/codeinsight/cache/repos/01fd9492-63e5-401a-993e-36fc4d6578f8/CAPI2/.git/description'
2025-04-23 12:41:38,580 - app.routes - WARNING - 无法修改文件权限 /home/xiao/project/codeinsight/cache/repos/01fd9492-63e5-401a-993e-36fc4d6578f8/CAPI2/.git/config: [Errno 1] Operation not permitted: '/home/xiao/project/codeinsight/cache/repos/01fd9492-63e5-401a-993e-36fc4d6578f8/CAPI2/.git/config'
2025-04-23 12:41:38,581 - app.routes - WARNING - 无法修改文件权限 /home/xiao/project/codeinsight/cache/repos/01fd9492-63e5-401a-993e-36fc4d6578f8/CAPI2/.git/shallow.lock: [Errno 1] Operation not permitted: '/home/xiao/project/codeinsight/cache/repos/01fd9492-63e5-401a-993e-36fc4d6578f8/CAPI2/.git/shallow.lock'
2025-04-23 12:41:38,581 - app.routes - WARNING - 无法修改文件权限 /home/xiao/project/codeinsight/cache/repos/01fd9492-63e5-401a-993e-36fc4d6578f8/CAPI2/.git/HEAD: [Errno 1] Operation not permitted: '/home/xiao/project/codeinsight/cache/repos/01fd9492-63e5-401a-993e-36fc4d6578f8/CAPI2/.git/HEAD'
2025-04-23 12:41:38,581 - app.routes - WARNING - 无法修改文件权限 /home/xiao/project/codeinsight/cache/repos/01fd9492-63e5-401a-993e-36fc4d6578f8/CAPI2/.git/objects/pack/tmp_pack_h1p8Od: [Errno 1] Operation not permitted: '/home/xiao/project/codeinsight/cache/repos/01fd9492-63e5-401a-993e-36fc4d6578f8/CAPI2/.git/objects/pack/tmp_pack_h1p8Od'
2025-04-23 12:41:38,581 - app.routes - WARNING - 无法修改文件权限 /home/xiao/project/codeinsight/cache/repos/01fd9492-63e5-401a-993e-36fc4d6578f8/CAPI2/.git/hooks/pre-merge-commit.sample: [Errno 1] Operation not permitted: '/home/xiao/project/codeinsight/cache/repos/01fd9492-63e5-401a-993e-36fc4d6578f8/CAPI2/.git/hooks/pre-merge-commit.sample'
2025-04-23 12:41:38,581 - app.routes - WARNING - 无法修改文件权限 /home/xiao/project/codeinsight/cache/repos/01fd9492-63e5-401a-993e-36fc4d6578f8/CAPI2/.git/hooks/push-to-checkout.sample: [Errno 1] Operation not permitted: '/home/xiao/project/codeinsight/cache/repos/01fd9492-63e5-401a-993e-36fc4d6578f8/CAPI2/.git/hooks/push-to-checkout.sample'
2025-04-23 12:41:38,581 - app.routes - WARNING - 无法修改文件权限 /home/xiao/project/codeinsight/cache/repos/01fd9492-63e5-401a-993e-36fc4d6578f8/CAPI2/.git/hooks/pre-push.sample: [Errno 1] Operation not permitted: '/home/xiao/project/codeinsight/cache/repos/01fd9492-63e5-401a-993e-36fc4d6578f8/CAPI2/.git/hooks/pre-push.sample'
2025-04-23 12:41:38,581 - app.routes - WARNING - 无法修改文件权限 /home/xiao/project/codeinsight/cache/repos/01fd9492-63e5-401a-993e-36fc4d6578f8/CAPI2/.git/hooks/commit-msg.sample: [Errno 1] Operation not permitted: '/home/xiao/project/codeinsight/cache/repos/01fd9492-63e5-401a-993e-36fc4d6578f8/CAPI2/.git/hooks/commit-msg.sample'
2025-04-23 12:41:38,582 - app.routes - WARNING - 无法修改文件权限 /home/xiao/project/codeinsight/cache/repos/01fd9492-63e5-401a-993e-36fc4d6578f8/CAPI2/.git/hooks/pre-rebase.sample: [Errno 1] Operation not permitted: '/home/xiao/project/codeinsight/cache/repos/01fd9492-63e5-401a-993e-36fc4d6578f8/CAPI2/.git/hooks/pre-rebase.sample'
2025-04-23 12:41:38,582 - app.routes - WARNING - 无法修改文件权限 /home/xiao/project/codeinsight/cache/repos/01fd9492-63e5-401a-993e-36fc4d6578f8/CAPI2/.git/hooks/post-update.sample: [Errno 1] Operation not permitted: '/home/xiao/project/codeinsight/cache/repos/01fd9492-63e5-401a-993e-36fc4d6578f8/CAPI2/.git/hooks/post-update.sample'
2025-04-23 12:41:38,582 - app.routes - WARNING - 无法修改文件权限 /home/xiao/project/codeinsight/cache/repos/01fd9492-63e5-401a-993e-36fc4d6578f8/CAPI2/.git/hooks/pre-receive.sample: [Errno 1] Operation not permitted: '/home/xiao/project/codeinsight/cache/repos/01fd9492-63e5-401a-993e-36fc4d6578f8/CAPI2/.git/hooks/pre-receive.sample'
2025-04-23 12:41:38,582 - app.routes - WARNING - 无法修改文件权限 /home/xiao/project/codeinsight/cache/repos/01fd9492-63e5-401a-993e-36fc4d6578f8/CAPI2/.git/hooks/fsmonitor-watchman.sample: [Errno 1] Operation not permitted: '/home/xiao/project/codeinsight/cache/repos/01fd9492-63e5-401a-993e-36fc4d6578f8/CAPI2/.git/hooks/fsmonitor-watchman.sample'
2025-04-23 12:41:38,582 - app.routes - WARNING - 无法修改文件权限 /home/xiao/project/codeinsight/cache/repos/01fd9492-63e5-401a-993e-36fc4d6578f8/CAPI2/.git/hooks/prepare-commit-msg.sample: [Errno 1] Operation not permitted: '/home/xiao/project/codeinsight/cache/repos/01fd9492-63e5-401a-993e-36fc4d6578f8/CAPI2/.git/hooks/prepare-commit-msg.sample'
2025-04-23 12:41:38,582 - app.routes - WARNING - 无法修改文件权限 /home/xiao/project/codeinsight/cache/repos/01fd9492-63e5-401a-993e-36fc4d6578f8/CAPI2/.git/hooks/applypatch-msg.sample: [Errno 1] Operation not permitted: '/home/xiao/project/codeinsight/cache/repos/01fd9492-63e5-401a-993e-36fc4d6578f8/CAPI2/.git/hooks/applypatch-msg.sample'
2025-04-23 12:41:38,582 - app.routes - WARNING - 无法修改文件权限 /home/xiao/project/codeinsight/cache/repos/01fd9492-63e5-401a-993e-36fc4d6578f8/CAPI2/.git/hooks/pre-commit.sample: [Errno 1] Operation not permitted: '/home/xiao/project/codeinsight/cache/repos/01fd9492-63e5-401a-993e-36fc4d6578f8/CAPI2/.git/hooks/pre-commit.sample'
2025-04-23 12:41:38,582 - app.routes - WARNING - 无法修改文件权限 /home/xiao/project/codeinsight/cache/repos/01fd9492-63e5-401a-993e-36fc4d6578f8/CAPI2/.git/hooks/pre-applypatch.sample: [Errno 1] Operation not permitted: '/home/xiao/project/codeinsight/cache/repos/01fd9492-63e5-401a-993e-36fc4d6578f8/CAPI2/.git/hooks/pre-applypatch.sample'
2025-04-23 12:41:38,582 - app.routes - WARNING - 无法修改文件权限 /home/xiao/project/codeinsight/cache/repos/01fd9492-63e5-401a-993e-36fc4d6578f8/CAPI2/.git/hooks/update.sample: [Errno 1] Operation not permitted: '/home/xiao/project/codeinsight/cache/repos/01fd9492-63e5-401a-993e-36fc4d6578f8/CAPI2/.git/hooks/update.sample'
2025-04-23 12:41:38,582 - app.routes - WARNING - 无法修改文件权限 /home/xiao/project/codeinsight/cache/repos/01fd9492-63e5-401a-993e-36fc4d6578f8/CAPI2/.git/info/exclude: [Errno 1] Operation not permitted: '/home/xiao/project/codeinsight/cache/repos/01fd9492-63e5-401a-993e-36fc4d6578f8/CAPI2/.git/info/exclude'
2025-04-23 12:41:38,584 - app.routes - INFO - 已删除任务目录: /home/xiao/project/codeinsight/cache/repos/01fd9492-63e5-401a-993e-36fc4d6578f8
2025-04-23 12:41:38,585 - werkzeug - INFO - 127.0.0.1 - - [23/Apr/2025 12:41:38] "[32mGET /task/delete?task_id=01fd9492-63e5-401a-993e-36fc4d6578f8 HTTP/1.1[0m" 302 -
2025-04-23 12:41:38,587 - app.routes - DEBUG - 访问历史记录页面
2025-04-23 12:41:38,588 - werkzeug - INFO - 127.0.0.1 - - [23/Apr/2025 12:41:38] "GET /history HTTP/1.1" 200 -
2025-04-23 12:41:41,855 - app.routes - DEBUG - 访问首页
2025-04-23 12:41:41,858 - werkzeug - INFO - 127.0.0.1 - - [23/Apr/2025 12:41:41] "GET / HTTP/1.1" 200 -
2025-04-23 12:41:46,613 - werkzeug - INFO - 127.0.0.1 - - [23/Apr/2025 12:41:46] "GET /batch_analyze HTTP/1.1" 200 -
2025-04-23 13:46:42,491 - werkzeug - INFO -  * Detected change in '/home/xiao/project/codeinsight/app/codeql/analyzer.py', reloading
2025-04-23 13:46:42,517 - werkzeug - INFO -  * Restarting with stat
2025-04-23 13:46:42,667 - app - INFO - 日志系统初始化完成
2025-04-23 13:46:42,667 - app - INFO - CodeInsight 启动于环境: default
2025-04-23 13:46:42,667 - app - INFO - 调试模式: 开启
2025-04-23 13:46:42,671 - werkzeug - WARNING -  * Debugger is active!
2025-04-23 13:46:42,672 - werkzeug - INFO -  * Debugger PIN: 396-171-423
2025-04-23 13:47:06,988 - werkzeug - INFO -  * Detected change in '/home/xiao/project/codeinsight/app/codeql/analyzer.py', reloading
2025-04-23 13:47:07,012 - werkzeug - INFO -  * Restarting with stat
2025-04-23 13:47:07,162 - app - INFO - 日志系统初始化完成
2025-04-23 13:47:07,162 - app - INFO - CodeInsight 启动于环境: default
2025-04-23 13:47:07,162 - app - INFO - 调试模式: 开启
2025-04-23 13:47:07,166 - werkzeug - WARNING -  * Debugger is active!
2025-04-23 13:47:07,166 - werkzeug - INFO -  * Debugger PIN: 396-171-423
2025-04-23 13:47:43,041 - werkzeug - INFO -  * Detected change in '/home/xiao/project/codeinsight/app/codeql/analyzer.py', reloading
2025-04-23 13:47:43,063 - werkzeug - INFO -  * Restarting with stat
2025-04-23 13:47:43,218 - app - INFO - 日志系统初始化完成
2025-04-23 13:47:43,218 - app - INFO - CodeInsight 启动于环境: default
2025-04-23 13:47:43,218 - app - INFO - 调试模式: 开启
2025-04-23 13:47:43,223 - werkzeug - WARNING -  * Debugger is active!
2025-04-23 13:47:43,223 - werkzeug - INFO -  * Debugger PIN: 396-171-423
2025-04-23 13:47:52,044 - werkzeug - INFO - 127.0.0.1 - - [23/Apr/2025 13:47:52] "GET /batch_analyze HTTP/1.1" 200 -
2025-04-23 13:47:54,214 - werkzeug - INFO - 127.0.0.1 - - [23/Apr/2025 13:47:54] "GET /batch_analyze HTTP/1.1" 200 -
2025-04-23 13:47:54,806 - app.routes - DEBUG - 访问首页
2025-04-23 13:47:54,808 - werkzeug - INFO - 127.0.0.1 - - [23/Apr/2025 13:47:54] "GET / HTTP/1.1" 200 -
2025-04-23 14:01:31,274 - werkzeug - INFO -  * Detected change in '/home/xiao/project/codeinsight/app/codeql/analyzer.py', reloading
2025-04-23 14:01:31,305 - werkzeug - INFO -  * Restarting with stat
2025-04-23 14:01:31,460 - app - INFO - 日志系统初始化完成
2025-04-23 14:01:31,461 - app - INFO - CodeInsight 启动于环境: default
2025-04-23 14:01:31,461 - app - INFO - 调试模式: 开启
2025-04-23 14:01:31,465 - werkzeug - WARNING -  * Debugger is active!
2025-04-23 14:01:31,465 - werkzeug - INFO -  * Debugger PIN: 396-171-423
2025-04-23 14:03:23,443 - werkzeug - INFO -  * Detected change in '/home/xiao/project/codeinsight/app/codeql/rule_manager.py', reloading
2025-04-23 14:03:23,472 - werkzeug - INFO -  * Restarting with stat
2025-04-23 14:03:23,641 - app - INFO - 日志系统初始化完成
2025-04-23 14:03:23,641 - app - INFO - CodeInsight 启动于环境: default
2025-04-23 14:03:23,641 - app - INFO - 调试模式: 开启
2025-04-23 14:03:23,646 - werkzeug - WARNING -  * Debugger is active!
2025-04-23 14:03:23,646 - werkzeug - INFO -  * Debugger PIN: 396-171-423
2025-04-23 14:04:11,178 - werkzeug - INFO -  * Detected change in '/home/xiao/project/codeinsight/app/codeql/analyzer.py', reloading
2025-04-23 14:04:11,210 - werkzeug - INFO -  * Restarting with stat
2025-04-23 14:04:11,370 - app - INFO - 日志系统初始化完成
2025-04-23 14:04:11,370 - app - INFO - CodeInsight 启动于环境: default
2025-04-23 14:04:11,370 - app - INFO - 调试模式: 开启
2025-04-23 14:04:11,374 - werkzeug - WARNING -  * Debugger is active!
2025-04-23 14:04:11,374 - werkzeug - INFO -  * Debugger PIN: 396-171-423
2025-04-23 14:07:04,150 - werkzeug - INFO -  * Detected change in '/home/xiao/project/codeinsight/app/codeql/rule_manager.py', reloading
2025-04-23 14:07:04,175 - werkzeug - INFO -  * Restarting with stat
2025-04-23 14:07:04,335 - app - INFO - 日志系统初始化完成
2025-04-23 14:07:04,335 - app - INFO - CodeInsight 启动于环境: default
2025-04-23 14:07:04,335 - app - INFO - 调试模式: 开启
2025-04-23 14:07:04,339 - werkzeug - WARNING -  * Debugger is active!
2025-04-23 14:07:04,339 - werkzeug - INFO -  * Debugger PIN: 396-171-423
2025-04-23 14:07:23,368 - werkzeug - INFO -  * Detected change in '/home/xiao/project/codeinsight/app/codeql/analyzer.py', reloading
2025-04-23 14:07:23,391 - werkzeug - INFO -  * Restarting with stat
2025-04-23 14:07:23,538 - app - INFO - 日志系统初始化完成
2025-04-23 14:07:23,538 - app - INFO - CodeInsight 启动于环境: default
2025-04-23 14:07:23,539 - app - INFO - 调试模式: 开启
2025-04-23 14:07:23,542 - werkzeug - WARNING -  * Debugger is active!
2025-04-23 14:07:23,542 - werkzeug - INFO -  * Debugger PIN: 396-171-423
2025-04-23 14:15:40,213 - werkzeug - INFO -  * Detected change in '/home/xiao/project/codeinsight/app/codeql/analyzer.py', reloading
2025-04-23 14:15:40,237 - werkzeug - INFO -  * Restarting with stat
2025-04-23 14:15:40,404 - app - INFO - 日志系统初始化完成
2025-04-23 14:15:40,404 - app - INFO - CodeInsight 启动于环境: default
2025-04-23 14:15:40,404 - app - INFO - 调试模式: 开启
2025-04-23 14:15:40,408 - werkzeug - WARNING -  * Debugger is active!
2025-04-23 14:15:40,408 - werkzeug - INFO -  * Debugger PIN: 396-171-423
